******************************************************************************
                  MSP430 Linker PC v15.12.2                    
******************************************************************************
>> Linked Wed Nov 16 13:45:51 2016

OUTPUT FILE NAME:   <Window Sensor.out>
ENTRY POINT SYMBOL: "_c_int00_noargs_noexit"  address: 0000f844


MEMORY CONFIGURATION

         name            origin    length      used     unused   attr    fill
----------------------  --------  ---------  --------  --------  ----  --------
  SFR                   00000000   00000010  00000000  00000010  RWIX
  PERIPHERALS_8BIT      00000010   000000f0  00000000  000000f0  RWIX
  PERIPHERALS_16BIT     00000100   00000100  00000000  00000100  RWIX
  RAM                   00000200   00000200  000001f8  00000008  RWIX
  INFOD                 00001000   00000040  00000000  00000040  RWIX
  INFOC                 00001040   00000040  00000000  00000040  RWIX
  INFOB                 00001080   00000040  00000000  00000040  RWIX
  INFOA                 000010c0   00000040  00000000  00000040  RWIX
  FLASH                 0000c000   00003fde  000039ae  00000630  RWIX
  BSLSIGNATURE          0000ffde   00000002  00000002  00000000  RWIX  ffff 
  INT00                 0000ffe0   00000002  00000002  00000000  RWIX
  INT01                 0000ffe2   00000002  00000000  00000002  RWIX
  INT02                 0000ffe4   00000002  00000002  00000000  RWIX
  INT03                 0000ffe6   00000002  00000002  00000000  RWIX
  INT04                 0000ffe8   00000002  00000000  00000002  RWIX
  INT05                 0000ffea   00000002  00000002  00000000  RWIX
  INT06                 0000ffec   00000002  00000002  00000000  RWIX
  INT07                 0000ffee   00000002  00000002  00000000  RWIX
  INT08                 0000fff0   00000002  00000002  00000000  RWIX
  INT09                 0000fff2   00000002  00000002  00000000  RWIX
  INT10                 0000fff4   00000002  00000002  00000000  RWIX
  INT11                 0000fff6   00000002  00000002  00000000  RWIX
  INT12                 0000fff8   00000002  00000002  00000000  RWIX
  INT13                 0000fffa   00000002  00000002  00000000  RWIX
  INT14                 0000fffc   00000002  00000002  00000000  RWIX
  RESET                 0000fffe   00000002  00000002  00000000  RWIX


SECTION ALLOCATION MAP

 output                                  attributes/
section   page    origin      length       input sections
--------  ----  ----------  ----------   ----------------
.bss       0    00000200    0000019e     UNINITIALIZED
                  00000200    00000100     (.common:rxPackArray)
                  00000300    00000008     (.common:positionX)
                  00000308    00000008     (.common:positionY)
                  00000310    00000008     (.common:velocityx)
                  00000318    00000008     (.common:velocityy)
                  00000320    00000006     (.common:accelorameter_raw)
                  00000326    00000006     (.common:gyroscope_raw)
                  0000032c    00000006     (.common:magnetometer_raw)
                  00000332    00000004     (.common:accelerationX)
                  00000336    00000004     (.common:accelerationY)
                  0000033a    00000004     (.common:ax)
                  0000033e    00000004     (.common:ay)
                  00000342    00000004     (.common:az)
                  00000346    00000004     (.common:gx)
                  0000034a    00000004     (.common:gy)
                  0000034e    00000004     (.common:gz)
                  00000352    00000004     (.common:mx)
                  00000356    00000004     (.common:my)
                  0000035a    00000004     (.common:mz)
                  0000035e    00000004     (.common:pax)
                  00000362    00000004     (.common:pay)
                  00000366    00000004     (.common:paz)
                  0000036a    00000004     (.common:pitch)
                  0000036e    00000004     (.common:roll)
                  00000372    00000004     (.common:sstatex)
                  00000376    00000004     (.common:sstatey)
                  0000037a    00000004     (.common:sstatez)
                  0000037e    00000004     (.common:temperature)
                  00000382    00000002     (.common:MagID)
                  00000384    00000002     (.common:ax_char)
                  00000386    00000002     (.common:ay_char)
                  00000388    00000002     (.common:az_char)
                  0000038a    00000002     (.common:pitch_char)
                  0000038c    00000002     (.common:posX_char)
                  0000038e    00000002     (.common:read)
                  00000390    00000002     (.common:roll_char)
                  00000392    00000002     (.common:sensor)
                  00000394    00000002     (.common:test_0)
                  00000396    00000002     (.common:test_1)
                  00000398    00000002     (.common:whoami)
                  0000039a    00000001     (.common:countx)
                  0000039b    00000001     (.common:county)
                  0000039c    00000001     (.common:direction)
                  0000039d    00000001     (.common:received_ch)

.data      0    0000039e    0000000a     UNINITIALIZED
                  0000039e    00000008     main.obj (.data)
                  000003a6    00000002     rts430_eabi.lib : errno.obj (.data)

.stack     0    000003b0    00000050     UNINITIALIZED
                  000003b0    00000002     rts430_eabi.lib : boot.obj (.stack)
                  000003b2    0000004e     --HOLE--

.text      0    0000c000    00003958     
                  0000c000    00000824     main.obj (.text:main)
                  0000c824    0000048e     rts430_eabi.lib : frcdivd.obj (.text:__TI_frcdivd)
                  0000ccb2    000002f4                     : frcmpyd.obj (.text:__TI_frcmpyd)
                  0000cfa6    000002e8                     : addd.obj (.text:__mspabi_addd)
                  0000d28e    0000029e     main.obj (.text:Read_Accelorameter)
                  0000d52c    00000276     rts430_eabi.lib : s_atanf.obj (.text:atanf)
                  0000d7a2    0000026e                     : mpyd.obj (.text:__mspabi_mpyd)
                  0000da10    00000260                     : frcaddd.obj (.text:__TI_frcaddd)
                  0000dc70    00000240                     : e_atan2f.obj (.text:atan2f)
                  0000deb0    00000238                     : divd.obj (.text:__mspabi_divd)
                  0000e0e8    000001fa     main.obj (.text:Read_Magnetometer)
                  0000e2e2    000001ce     main.obj (.text:Read_Gyroscope)
                  0000e4b0    000001c6     main.obj (.text:Position)
                  0000e676    0000013c     rts430_eabi.lib : e_sqrtf.obj (.text:sqrtf)
                  0000e7b2    00000132                     : fs_add.obj (.text)
                  0000e8e4    00000126     main.obj (.text:Init_BMX055)
                  0000ea0a    0000010c     main.obj (.text:Init_MPU9250)
                  0000eb16    000000c4     rts430_eabi.lib : fs_mpy.obj (.text)
                  0000ebda    000000be                     : renormd.obj (.text:__TI_renormd)
                  0000ec98    000000ac                     : fltlid.obj (.text:__mspabi_fltlid)
                  0000ed44    0000009c                     : fs_div.obj (.text)
                  0000ede0    0000008c     main.obj (.text:Uart_TransmitTxPack)
                  0000ee6c    0000008c     rts430_eabi.lib : cvtdf.obj (.text:__mspabi_cvtdf)
                  0000eef8    0000008a     main.obj (.text:Init_BMI160)
                  0000ef82    00000088     main.obj (.text:USCI0RX_ISR)
                  0000f00a    00000080     main.obj (.text:Float_to_Char_array)
                  0000f08a    0000007e     rts430_eabi.lib : fs_tol.obj (.text)
                  0000f108    00000078     main.obj (.text:Init)
                  0000f180    00000074     main.obj (.text:Read_Temp)
                  0000f1f4    00000072     rts430_eabi.lib : cvtfd.obj (.text:__mspabi_cvtfd)
                  0000f266    0000006e     main.obj (.text:Setup_Wake_on_Motion_Interrupt)
                  0000f2d4    0000006e     rts430_eabi.lib : autoinit.obj (.text:_auto_init)
                  0000f342    00000068                     : fs_toi.obj (.text)
                  0000f3aa    00000064                     : copy_decompress_rle.obj (.text:__TI_decompress_rle_core)
                  0000f40e    00000060     main.obj (.text:Init_LSM9DS1)
                  0000f46e    0000005c     rts430_eabi.lib : lsr32.obj (.text:l_lsr_const)
                  0000f4ca    0000005a                     : cpy_tbl.obj (.text:copy_in)
                  0000f524    00000052     main.obj (.text:Movement_end_check)
                  0000f576    0000004e     main.obj (.text:Read_Magnetometer_Id)
                  0000f5c4    0000004c     rts430_eabi.lib : lsr16.obj (.text)
                  0000f610    0000004a                     : fs_cmp.obj (.text)
                  0000f65a    0000004a                     : fs_ltof.obj (.text)
                  0000f6a4    00000048     main.obj (.text:SPI_Transceive)
                  0000f6ec    0000003e     rts430_eabi.lib : asr32.obj (.text:l_asr_const)
                  0000f72a    0000003e                     : lsl32.obj (.text:l_lsl_const)
                  0000f768    00000036                     : fs_itof.obj (.text)
                  0000f79e    0000002c                     : asr16.obj (.text)
                  0000f7ca    0000002c                     : lsl16.obj (.text)
                  0000f7f6    00000028     main.obj (.text:Twos_Complement_To_Decimal)
                  0000f81e    00000026     rts430_eabi.lib : mult32.obj (.text)
                  0000f844    0000001a                     : boot_special.obj (.text:_c_int00_noargs_noexit)
                  0000f85e    00000018     main.obj (.text:Uart_putchar)
                  0000f876    00000016     main.obj (.text:PackCRC)
                  0000f88c    00000014     rts430_eabi.lib : mult16.obj (.text)
                  0000f8a0    00000012     main.obj (.text:SPI_Read)
                  0000f8b2    00000012     rts430_eabi.lib : copy_decompress_none.obj (.text:decompress:none:__TI_decompress_none)
                  0000f8c4    00000012                     : lsr32.obj (.text:l_lsr)
                  0000f8d6    00000012                     : memcpy.obj (.text:memcpy)
                  0000f8e8    00000010                     : asr32.obj (.text:l_asr)
                  0000f8f8    00000010                     : lsl32.obj (.text:l_lsl)
                  0000f908    00000010                     : epilog.obj (.text)
                  0000f918    0000000c                     : fltid.obj (.text:__mspabi_fltid)
                  0000f924    0000000a     main.obj (.text:Port_1)
                  0000f92e    0000000a     rts430_eabi.lib : fs_neg.obj (.text)
                  0000f938    00000008                     : isr_trap.obj (.text:_isr:__TI_ISR_TRAP)
                  0000f940    00000006     main.obj (.text:SPI_Write)
                  0000f946    00000006     rts430_eabi.lib : exit.obj (.text:abort)
                  0000f94c    00000006                     : copy_decompress_rle.obj (.text:decompress:rle24:__TI_decompress_rle24)
                  0000f952    00000004                     : pre_init.obj (.text:_system_pre_init)
                  0000f956    00000002                     : startup.obj (.text:_system_post_cinit)

.binit     0    0000c000    00000000     

.const     0    0000f958    00000034     
                  0000f958    00000014     rts430_eabi.lib : s_atanf.obj (.const:aT)
                  0000f96c    00000010                     : s_atanf.obj (.const:atanhi)
                  0000f97c    00000010                     : s_atanf.obj (.const:atanlo)

.cinit     0    0000f98c    00000022     
                  0000f98c    0000000b     (.cinit..bss.load) [load image, compression = rle]
                  0000f997    00000001     --HOLE-- [fill = 0]
                  0000f998    00000009     (.cinit..data.load) [load image, compression = rle]
                  0000f9a1    00000001     --HOLE-- [fill = 0]
                  0000f9a2    00000004     (__TI_handler_table)
                  0000f9a6    00000008     (__TI_cinit_table)

.init_array 
*          0    0000c000    00000000     UNINITIALIZED

TRAPINT    0    0000ffe0    00000002     
                  0000ffe0    00000002     rts430_eabi.lib : int00.obj (.int00)

PORT1      0    0000ffe4    00000002     
                  0000ffe4    00000002     main.obj (.int02)

PORT2      0    0000ffe6    00000002     
                  0000ffe6    00000002     rts430_eabi.lib : int03.obj (.int03)

$fill000   0    0000ffde    00000002     
                  0000ffde    00000002     --HOLE-- [fill = ffff]

ADC10      0    0000ffea    00000002     
                  0000ffea    00000002     rts430_eabi.lib : int05.obj (.int05)

USCIAB0TX 
*          0    0000ffec    00000002     
                  0000ffec    00000002     rts430_eabi.lib : int06.obj (.int06)

USCIAB0RX 
*          0    0000ffee    00000002     
                  0000ffee    00000002     main.obj (.int07)

TIMER0_A1 
*          0    0000fff0    00000002     
                  0000fff0    00000002     rts430_eabi.lib : int08.obj (.int08)

TIMER0_A0 
*          0    0000fff2    00000002     
                  0000fff2    00000002     rts430_eabi.lib : int09.obj (.int09)

WDT        0    0000fff4    00000002     
                  0000fff4    00000002     rts430_eabi.lib : int10.obj (.int10)

COMPARATORA 
*          0    0000fff6    00000002     
                  0000fff6    00000002     rts430_eabi.lib : int11.obj (.int11)

TIMER1_A1 
*          0    0000fff8    00000002     
                  0000fff8    00000002     rts430_eabi.lib : int12.obj (.int12)

TIMER1_A0 
*          0    0000fffa    00000002     
                  0000fffa    00000002     rts430_eabi.lib : int13.obj (.int13)

NMI        0    0000fffc    00000002     
                  0000fffc    00000002     rts430_eabi.lib : int14.obj (.int14)

.reset     0    0000fffe    00000002     
                  0000fffe    00000002     rts430_eabi.lib : boot.obj (.reset)

MODULE SUMMARY

       Module                     code    ro data   rw data
       ------                     ----    -------   -------
    .\
       main.obj                   6074    4         422    
    +--+--------------------------+-------+---------+---------+
       Total:                     6074    4         422    
                                                           
    D:\Software\TI\ccsv6\tools\compiler\msp430_15.12.2.LTS\lib\rts430_eabi.lib
       frcdivd.obj                1166    0         0      
       frcmpyd.obj                756     0         0      
       addd.obj                   744     0         0      
       s_atanf.obj                630     52        0      
       mpyd.obj                   622     0         0      
       frcaddd.obj                608     0         0      
       e_atan2f.obj               576     0         0      
       divd.obj                   568     0         0      
       e_sqrtf.obj                316     0         0      
       fs_add.obj                 306     0         0      
       fs_mpy.obj                 196     0         0      
       renormd.obj                190     0         0      
       fltlid.obj                 172     0         0      
       fs_div.obj                 156     0         0      
       cvtdf.obj                  140     0         0      
       fs_tol.obj                 126     0         0      
       cvtfd.obj                  114     0         0      
       autoinit.obj               110     0         0      
       lsr32.obj                  110     0         0      
       copy_decompress_rle.obj    106     0         0      
       fs_toi.obj                 104     0         0      
       cpy_tbl.obj                90      0         0      
       asr32.obj                  78      0         0      
       lsl32.obj                  78      0         0      
       lsr16.obj                  76      0         0      
       fs_cmp.obj                 74      0         0      
       fs_ltof.obj                74      0         0      
       fs_itof.obj                54      0         0      
       asr16.obj                  44      0         0      
       lsl16.obj                  44      0         0      
       mult32.obj                 38      0         0      
       boot_special.obj           26      0         0      
       mult16.obj                 20      0         0      
       copy_decompress_none.obj   18      0         0      
       memcpy.obj                 18      0         0      
       epilog.obj                 16      0         0      
       fltid.obj                  12      0         0      
       fs_neg.obj                 10      0         0      
       isr_trap.obj               8       0         0      
       exit.obj                   6       0         0      
       pre_init.obj               4       0         0      
       boot.obj                   0       2         0      
       errno.obj                  0       0         2      
       int00.obj                  0       2         0      
       int03.obj                  0       2         0      
       int05.obj                  0       2         0      
       int06.obj                  0       2         0      
       int08.obj                  0       2         0      
       int09.obj                  0       2         0      
       int10.obj                  0       2         0      
       int11.obj                  0       2         0      
       int12.obj                  0       2         0      
       int13.obj                  0       2         0      
       int14.obj                  0       2         0      
       startup.obj                2       0         0      
    +--+--------------------------+-------+---------+---------+
       Total:                     8606    76        2      
                                                           
       Stack:                     0       0         80     
       Linker Generated:          0       32        0      
    +--+--------------------------+-------+---------+---------+
       Grand Total:               14680   112       504    


LINKER GENERATED COPY TABLES

__TI_cinit_table @ 0000f9a6 records: 2, size/record: 4, table size: 8
	.bss: load addr=0000f98c, load size=0000000b bytes, run addr=00000200, run size=0000019e bytes, compression=rle
	.data: load addr=0000f998, load size=00000009 bytes, run addr=0000039e, run size=0000000a bytes, compression=rle


LINKER GENERATED HANDLER TABLE

__TI_handler_table @ 0000f9a2 records: 2, size/record: 2, table size: 4
	index: 0, handler: __TI_decompress_rle24
	index: 1, handler: __TI_decompress_none


GLOBAL SYMBOLS: SORTED ALPHABETICALLY BY Name 

address   name                          
-------   ----                          
0000004a  ADC10AE0                      
000001b0  ADC10CTL0                     
000001b2  ADC10CTL1                     
00000048  ADC10DTC0                     
00000049  ADC10DTC1                     
000001b4  ADC10MEM                      
000001bc  ADC10SA                       
00000057  BCSCTL1                       
00000058  BCSCTL2                       
00000053  BCSCTL3                       
0000f946  C$$EXIT                       
00000059  CACTL1                        
0000005a  CACTL2                        
000010fb  CALBC1_12MHZ                  
000010f9  CALBC1_16MHZ                  
000010ff  CALBC1_1MHZ                   
000010fd  CALBC1_8MHZ                   
000010fa  CALDCO_12MHZ                  
000010f8  CALDCO_16MHZ                  
000010fe  CALDCO_1MHZ                   
000010fc  CALDCO_8MHZ                   
0000005b  CAPD                          
00000056  DCOCTL                        
00000128  FCTL1                         
0000012a  FCTL2                         
0000012c  FCTL3                         
0000f00a  Float_to_Char_array           
00000000  IE1                           
00000001  IE2                           
00000002  IFG1                          
00000003  IFG2                          
0000f108  Init                          
0000eef8  Init_BMI160                   
0000e8e4  Init_BMX055                   
0000f40e  Init_LSM9DS1                  
0000ea0a  Init_MPU9250                  
00000382  MagID                         
0000f524  Movement_end_check            
00000022  P1DIR                         
00000025  P1IE                          
00000024  P1IES                         
00000023  P1IFG                         
00000020  P1IN                          
00000021  P1OUT                         
00000027  P1REN                         
00000026  P1SEL                         
00000041  P1SEL2                        
0000002a  P2DIR                         
0000002d  P2IE                          
0000002c  P2IES                         
0000002b  P2IFG                         
00000028  P2IN                          
00000029  P2OUT                         
0000002f  P2REN                         
0000002e  P2SEL                         
00000042  P2SEL2                        
0000001a  P3DIR                         
00000018  P3IN                          
00000019  P3OUT                         
00000010  P3REN                         
0000001b  P3SEL                         
00000043  P3SEL2                        
0000f876  PackCRC                       
0000f924  Port_1                        
0000e4b0  Position                      
0000d28e  Read_Accelorameter            
0000e2e2  Read_Gyroscope                
0000e0e8  Read_Magnetometer             
0000f576  Read_Magnetometer_Id          
0000f180  Read_Temp                     
0000f8a0  SPI_Read                      
0000f6a4  SPI_Transceive                
0000f940  SPI_Write                     
0000f266  Setup_Wake_on_Motion_Interrupt
00000172  TA0CCR0                       
00000174  TA0CCR1                       
00000176  TA0CCR2                       
00000162  TA0CCTL0                      
00000164  TA0CCTL1                      
00000166  TA0CCTL2                      
00000160  TA0CTL                        
0000012e  TA0IV                         
00000170  TA0R                          
00000192  TA1CCR0                       
00000194  TA1CCR1                       
00000196  TA1CCR2                       
00000182  TA1CCTL0                      
00000184  TA1CCTL1                      
00000186  TA1CCTL2                      
00000180  TA1CTL                        
0000011e  TA1IV                         
00000190  TA1R                          
000010db  TLV_ADC10_1_LEN               
000010da  TLV_ADC10_1_TAG               
000010c0  TLV_CHECKSUM                  
000010f7  TLV_DCO_30_LEN                
000010f6  TLV_DCO_30_TAG                
0000f7f6  Twos_Complement_To_Decimal    
0000005d  UCA0ABCTL                     
00000062  UCA0BR0                       
00000063  UCA0BR1                       
00000060  UCA0CTL0                      
00000061  UCA0CTL1                      
0000005f  UCA0IRRCTL                    
0000005e  UCA0IRTCTL                    
00000064  UCA0MCTL                      
00000066  UCA0RXBUF                     
00000065  UCA0STAT                      
00000067  UCA0TXBUF                     
0000006a  UCB0BR0                       
0000006b  UCB0BR1                       
00000068  UCB0CTL0                      
00000069  UCB0CTL1                      
0000006c  UCB0I2CIE                     
00000118  UCB0I2COA                     
0000011a  UCB0I2CSA                     
0000006e  UCB0RXBUF                     
0000006d  UCB0STAT                      
0000006f  UCB0TXBUF                     
0000ef82  USCI0RX_ISR                   
0000ede0  Uart_TransmitTxPack           
0000f85e  Uart_putchar                  
00000120  WDTCTL                        
00000400  __STACK_END                   
00000050  __STACK_SIZE                  
UNDEFED   __TI_BINIT_Base               
UNDEFED   __TI_BINIT_Limit              
0000f9a6  __TI_CINIT_Base               
0000f9ae  __TI_CINIT_Limit              
0000f9a2  __TI_Handler_Table_Base       
0000f9a6  __TI_Handler_Table_Limit      
UNDEFED   __TI_INITARRAY_Base           
UNDEFED   __TI_INITARRAY_Limit          
0000f938  __TI_ISR_TRAP                 
0000f8b2  __TI_decompress_none          
0000f94c  __TI_decompress_rle24         
0000da10  __TI_frcaddd                  
0000c824  __TI_frcdivd                  
0000ccb2  __TI_frcmpyd                  
0000ffe0  __TI_int00                    
0000ffe4  __TI_int02                    
0000ffe6  __TI_int03                    
0000ffea  __TI_int05                    
0000ffec  __TI_int06                    
0000ffee  __TI_int07                    
0000fff0  __TI_int08                    
0000fff2  __TI_int09                    
0000fff4  __TI_int10                    
0000fff6  __TI_int11                    
0000fff8  __TI_int12                    
0000fffa  __TI_int13                    
0000fffc  __TI_int14                    
ffffffff  __TI_pprof_out_hndl           
ffffffff  __TI_prof_data_size           
ffffffff  __TI_prof_data_start          
0000ebda  __TI_renormd                  
ffffffff  __c_args__                    
0000cfa6  __mspabi_addd                 
0000e7b8  __mspabi_addf                 
0000f610  __mspabi_cmpf                 
0000ee6c  __mspabi_cvtdf                
0000f1f4  __mspabi_cvtfd                
0000deb0  __mspabi_divd                 
0000ed44  __mspabi_divf                 
0000f342  __mspabi_fixfi                
0000f08a  __mspabi_fixfli               
0000f918  __mspabi_fltid                
0000f768  __mspabi_fltif                
0000ec98  __mspabi_fltlid               
0000f65a  __mspabi_fltlif               
0000f914  __mspabi_func_epilog_1        
0000f912  __mspabi_func_epilog_2        
0000f910  __mspabi_func_epilog_3        
0000f90e  __mspabi_func_epilog_4        
0000f90c  __mspabi_func_epilog_5        
0000f90a  __mspabi_func_epilog_6        
0000f908  __mspabi_func_epilog_7        
0000d7a2  __mspabi_mpyd                 
0000eb16  __mspabi_mpyf                 
0000f88c  __mspabi_mpyi                 
0000f88c  __mspabi_mpyi_sw              
0000f81e  __mspabi_mpyl                 
0000f81e  __mspabi_mpyl_sw              
0000f92e  __mspabi_negf                 
0000f7ca  __mspabi_slli                 
0000f7f2  __mspabi_slli_1               
0000f7e0  __mspabi_slli_10              
0000f7de  __mspabi_slli_11              
0000f7dc  __mspabi_slli_12              
0000f7da  __mspabi_slli_13              
0000f7d8  __mspabi_slli_14              
0000f7d6  __mspabi_slli_15              
0000f7f0  __mspabi_slli_2               
0000f7ee  __mspabi_slli_3               
0000f7ec  __mspabi_slli_4               
0000f7ea  __mspabi_slli_5               
0000f7e8  __mspabi_slli_6               
0000f7e6  __mspabi_slli_7               
0000f7e4  __mspabi_slli_8               
0000f7e2  __mspabi_slli_9               
0000f8f8  __mspabi_slll                 
0000f762  __mspabi_slll_1               
0000f73e  __mspabi_slll_10              
0000f73a  __mspabi_slll_11              
0000f736  __mspabi_slll_12              
0000f732  __mspabi_slll_13              
0000f72e  __mspabi_slll_14              
0000f72a  __mspabi_slll_15              
0000f75e  __mspabi_slll_2               
0000f75a  __mspabi_slll_3               
0000f756  __mspabi_slll_4               
0000f752  __mspabi_slll_5               
0000f74e  __mspabi_slll_6               
0000f74a  __mspabi_slll_7               
0000f746  __mspabi_slll_8               
0000f742  __mspabi_slll_9               
0000f79e  __mspabi_srai                 
0000f7c6  __mspabi_srai_1               
0000f7b4  __mspabi_srai_10              
0000f7b2  __mspabi_srai_11              
0000f7b0  __mspabi_srai_12              
0000f7ae  __mspabi_srai_13              
0000f7ac  __mspabi_srai_14              
0000f7aa  __mspabi_srai_15              
0000f7c4  __mspabi_srai_2               
0000f7c2  __mspabi_srai_3               
0000f7c0  __mspabi_srai_4               
0000f7be  __mspabi_srai_5               
0000f7bc  __mspabi_srai_6               
0000f7ba  __mspabi_srai_7               
0000f7b8  __mspabi_srai_8               
0000f7b6  __mspabi_srai_9               
0000f8e8  __mspabi_sral                 
0000f724  __mspabi_sral_1               
0000f700  __mspabi_sral_10              
0000f6fc  __mspabi_sral_11              
0000f6f8  __mspabi_sral_12              
0000f6f4  __mspabi_sral_13              
0000f6f0  __mspabi_sral_14              
0000f6ec  __mspabi_sral_15              
0000f720  __mspabi_sral_2               
0000f71c  __mspabi_sral_3               
0000f718  __mspabi_sral_4               
0000f714  __mspabi_sral_5               
0000f710  __mspabi_sral_6               
0000f70c  __mspabi_sral_7               
0000f708  __mspabi_sral_8               
0000f704  __mspabi_sral_9               
0000f5c4  __mspabi_srli                 
0000f60a  __mspabi_srli_1               
0000f5e6  __mspabi_srli_10              
0000f5e2  __mspabi_srli_11              
0000f5de  __mspabi_srli_12              
0000f5da  __mspabi_srli_13              
0000f5d6  __mspabi_srli_14              
0000f5d2  __mspabi_srli_15              
0000f606  __mspabi_srli_2               
0000f602  __mspabi_srli_3               
0000f5fe  __mspabi_srli_4               
0000f5fa  __mspabi_srli_5               
0000f5f6  __mspabi_srli_6               
0000f5f2  __mspabi_srli_7               
0000f5ee  __mspabi_srli_8               
0000f5ea  __mspabi_srli_9               
0000f8c4  __mspabi_srll                 
0000f4c2  __mspabi_srll_1               
0000f48c  __mspabi_srll_10              
0000f486  __mspabi_srll_11              
0000f480  __mspabi_srll_12              
0000f47a  __mspabi_srll_13              
0000f474  __mspabi_srll_14              
0000f46e  __mspabi_srll_15              
0000f4bc  __mspabi_srll_2               
0000f4b6  __mspabi_srll_3               
0000f4b0  __mspabi_srll_4               
0000f4aa  __mspabi_srll_5               
0000f4a4  __mspabi_srll_6               
0000f49e  __mspabi_srll_7               
0000f498  __mspabi_srll_8               
0000f492  __mspabi_srll_9               
0000e7b2  __mspabi_subf                 
0000f2d4  _auto_init                    
0000f844  _c_int00_noargs_noexit        
0000fffe  _reset_vector                 
000003b0  _stack                        
0000f956  _system_post_cinit            
0000f952  _system_pre_init              
0000f946  abort                         
00000332  accelerationX                 
00000336  accelerationY                 
00000320  accelorameter_raw             
0000dc70  atan2f                        
0000d52c  atanf                         
0000033a  ax                            
00000384  ax_char                       
0000033e  ay                            
00000386  ay_char                       
00000342  az                            
00000388  az_char                       
0000f4ca  copy_in                       
0000039a  countx                        
0000039b  county                        
0000039c  direction                     
000003a6  errno                         
00000346  gx                            
0000034a  gy                            
00000326  gyroscope_raw                 
0000034e  gz                            
0000032c  magnetometer_raw              
0000c000  main                          
0000f8d6  memcpy                        
00000352  mx                            
00000356  my                            
0000035a  mz                            
0000035e  pax                           
00000362  pay                           
00000366  paz                           
0000036a  pitch                         
0000038a  pitch_char                    
0000038c  posX_char                     
00000300  positionX                     
00000308  positionY                     
0000038e  read                          
000003a3  rec_LEN                       
0000039d  received_ch                   
0000036e  roll                          
00000390  roll_char                     
00000200  rxPackArray                   
000003a4  rx_ACK                        
000003a1  rx_CMD                        
000003a0  rx_CRC                        
000003a2  rx_LEN                        
0000039e  rx_REC                        
0000039f  rx_State                      
00000392  sensor                        
0000e676  sqrtf                         
00000372  sstatex                       
00000376  sstatey                       
0000037a  sstatez                       
0000037e  temperature                   
00000394  test_0                        
00000396  test_1                        
000003a5  uart_rx_received              
00000310  velocityx                     
00000318  velocityy                     
00000398  whoami                        


GLOBAL SYMBOLS: SORTED BY Symbol Address 

address   name                          
-------   ----                          
00000000  IE1                           
00000001  IE2                           
00000002  IFG1                          
00000003  IFG2                          
00000010  P3REN                         
00000018  P3IN                          
00000019  P3OUT                         
0000001a  P3DIR                         
0000001b  P3SEL                         
00000020  P1IN                          
00000021  P1OUT                         
00000022  P1DIR                         
00000023  P1IFG                         
00000024  P1IES                         
00000025  P1IE                          
00000026  P1SEL                         
00000027  P1REN                         
00000028  P2IN                          
00000029  P2OUT                         
0000002a  P2DIR                         
0000002b  P2IFG                         
0000002c  P2IES                         
0000002d  P2IE                          
0000002e  P2SEL                         
0000002f  P2REN                         
00000041  P1SEL2                        
00000042  P2SEL2                        
00000043  P3SEL2                        
00000048  ADC10DTC0                     
00000049  ADC10DTC1                     
0000004a  ADC10AE0                      
00000050  __STACK_SIZE                  
00000053  BCSCTL3                       
00000056  DCOCTL                        
00000057  BCSCTL1                       
00000058  BCSCTL2                       
00000059  CACTL1                        
0000005a  CACTL2                        
0000005b  CAPD                          
0000005d  UCA0ABCTL                     
0000005e  UCA0IRTCTL                    
0000005f  UCA0IRRCTL                    
00000060  UCA0CTL0                      
00000061  UCA0CTL1                      
00000062  UCA0BR0                       
00000063  UCA0BR1                       
00000064  UCA0MCTL                      
00000065  UCA0STAT                      
00000066  UCA0RXBUF                     
00000067  UCA0TXBUF                     
00000068  UCB0CTL0                      
00000069  UCB0CTL1                      
0000006a  UCB0BR0                       
0000006b  UCB0BR1                       
0000006c  UCB0I2CIE                     
0000006d  UCB0STAT                      
0000006e  UCB0RXBUF                     
0000006f  UCB0TXBUF                     
00000118  UCB0I2COA                     
0000011a  UCB0I2CSA                     
0000011e  TA1IV                         
00000120  WDTCTL                        
00000128  FCTL1                         
0000012a  FCTL2                         
0000012c  FCTL3                         
0000012e  TA0IV                         
00000160  TA0CTL                        
00000162  TA0CCTL0                      
00000164  TA0CCTL1                      
00000166  TA0CCTL2                      
00000170  TA0R                          
00000172  TA0CCR0                       
00000174  TA0CCR1                       
00000176  TA0CCR2                       
00000180  TA1CTL                        
00000182  TA1CCTL0                      
00000184  TA1CCTL1                      
00000186  TA1CCTL2                      
00000190  TA1R                          
00000192  TA1CCR0                       
00000194  TA1CCR1                       
00000196  TA1CCR2                       
000001b0  ADC10CTL0                     
000001b2  ADC10CTL1                     
000001b4  ADC10MEM                      
000001bc  ADC10SA                       
00000200  rxPackArray                   
00000300  positionX                     
00000308  positionY                     
00000310  velocityx                     
00000318  velocityy                     
00000320  accelorameter_raw             
00000326  gyroscope_raw                 
0000032c  magnetometer_raw              
00000332  accelerationX                 
00000336  accelerationY                 
0000033a  ax                            
0000033e  ay                            
00000342  az                            
00000346  gx                            
0000034a  gy                            
0000034e  gz                            
00000352  mx                            
00000356  my                            
0000035a  mz                            
0000035e  pax                           
00000362  pay                           
00000366  paz                           
0000036a  pitch                         
0000036e  roll                          
00000372  sstatex                       
00000376  sstatey                       
0000037a  sstatez                       
0000037e  temperature                   
00000382  MagID                         
00000384  ax_char                       
00000386  ay_char                       
00000388  az_char                       
0000038a  pitch_char                    
0000038c  posX_char                     
0000038e  read                          
00000390  roll_char                     
00000392  sensor                        
00000394  test_0                        
00000396  test_1                        
00000398  whoami                        
0000039a  countx                        
0000039b  county                        
0000039c  direction                     
0000039d  received_ch                   
0000039e  rx_REC                        
0000039f  rx_State                      
000003a0  rx_CRC                        
000003a1  rx_CMD                        
000003a2  rx_LEN                        
000003a3  rec_LEN                       
000003a4  rx_ACK                        
000003a5  uart_rx_received              
000003a6  errno                         
000003b0  _stack                        
00000400  __STACK_END                   
000010c0  TLV_CHECKSUM                  
000010da  TLV_ADC10_1_TAG               
000010db  TLV_ADC10_1_LEN               
000010f6  TLV_DCO_30_TAG                
000010f7  TLV_DCO_30_LEN                
000010f8  CALDCO_16MHZ                  
000010f9  CALBC1_16MHZ                  
000010fa  CALDCO_12MHZ                  
000010fb  CALBC1_12MHZ                  
000010fc  CALDCO_8MHZ                   
000010fd  CALBC1_8MHZ                   
000010fe  CALDCO_1MHZ                   
000010ff  CALBC1_1MHZ                   
0000c000  main                          
0000c824  __TI_frcdivd                  
0000ccb2  __TI_frcmpyd                  
0000cfa6  __mspabi_addd                 
0000d28e  Read_Accelorameter            
0000d52c  atanf                         
0000d7a2  __mspabi_mpyd                 
0000da10  __TI_frcaddd                  
0000dc70  atan2f                        
0000deb0  __mspabi_divd                 
0000e0e8  Read_Magnetometer             
0000e2e2  Read_Gyroscope                
0000e4b0  Position                      
0000e676  sqrtf                         
0000e7b2  __mspabi_subf                 
0000e7b8  __mspabi_addf                 
0000e8e4  Init_BMX055                   
0000ea0a  Init_MPU9250                  
0000eb16  __mspabi_mpyf                 
0000ebda  __TI_renormd                  
0000ec98  __mspabi_fltlid               
0000ed44  __mspabi_divf                 
0000ede0  Uart_TransmitTxPack           
0000ee6c  __mspabi_cvtdf                
0000eef8  Init_BMI160                   
0000ef82  USCI0RX_ISR                   
0000f00a  Float_to_Char_array           
0000f08a  __mspabi_fixfli               
0000f108  Init                          
0000f180  Read_Temp                     
0000f1f4  __mspabi_cvtfd                
0000f266  Setup_Wake_on_Motion_Interrupt
0000f2d4  _auto_init                    
0000f342  __mspabi_fixfi                
0000f40e  Init_LSM9DS1                  
0000f46e  __mspabi_srll_15              
0000f474  __mspabi_srll_14              
0000f47a  __mspabi_srll_13              
0000f480  __mspabi_srll_12              
0000f486  __mspabi_srll_11              
0000f48c  __mspabi_srll_10              
0000f492  __mspabi_srll_9               
0000f498  __mspabi_srll_8               
0000f49e  __mspabi_srll_7               
0000f4a4  __mspabi_srll_6               
0000f4aa  __mspabi_srll_5               
0000f4b0  __mspabi_srll_4               
0000f4b6  __mspabi_srll_3               
0000f4bc  __mspabi_srll_2               
0000f4c2  __mspabi_srll_1               
0000f4ca  copy_in                       
0000f524  Movement_end_check            
0000f576  Read_Magnetometer_Id          
0000f5c4  __mspabi_srli                 
0000f5d2  __mspabi_srli_15              
0000f5d6  __mspabi_srli_14              
0000f5da  __mspabi_srli_13              
0000f5de  __mspabi_srli_12              
0000f5e2  __mspabi_srli_11              
0000f5e6  __mspabi_srli_10              
0000f5ea  __mspabi_srli_9               
0000f5ee  __mspabi_srli_8               
0000f5f2  __mspabi_srli_7               
0000f5f6  __mspabi_srli_6               
0000f5fa  __mspabi_srli_5               
0000f5fe  __mspabi_srli_4               
0000f602  __mspabi_srli_3               
0000f606  __mspabi_srli_2               
0000f60a  __mspabi_srli_1               
0000f610  __mspabi_cmpf                 
0000f65a  __mspabi_fltlif               
0000f6a4  SPI_Transceive                
0000f6ec  __mspabi_sral_15              
0000f6f0  __mspabi_sral_14              
0000f6f4  __mspabi_sral_13              
0000f6f8  __mspabi_sral_12              
0000f6fc  __mspabi_sral_11              
0000f700  __mspabi_sral_10              
0000f704  __mspabi_sral_9               
0000f708  __mspabi_sral_8               
0000f70c  __mspabi_sral_7               
0000f710  __mspabi_sral_6               
0000f714  __mspabi_sral_5               
0000f718  __mspabi_sral_4               
0000f71c  __mspabi_sral_3               
0000f720  __mspabi_sral_2               
0000f724  __mspabi_sral_1               
0000f72a  __mspabi_slll_15              
0000f72e  __mspabi_slll_14              
0000f732  __mspabi_slll_13              
0000f736  __mspabi_slll_12              
0000f73a  __mspabi_slll_11              
0000f73e  __mspabi_slll_10              
0000f742  __mspabi_slll_9               
0000f746  __mspabi_slll_8               
0000f74a  __mspabi_slll_7               
0000f74e  __mspabi_slll_6               
0000f752  __mspabi_slll_5               
0000f756  __mspabi_slll_4               
0000f75a  __mspabi_slll_3               
0000f75e  __mspabi_slll_2               
0000f762  __mspabi_slll_1               
0000f768  __mspabi_fltif                
0000f79e  __mspabi_srai                 
0000f7aa  __mspabi_srai_15              
0000f7ac  __mspabi_srai_14              
0000f7ae  __mspabi_srai_13              
0000f7b0  __mspabi_srai_12              
0000f7b2  __mspabi_srai_11              
0000f7b4  __mspabi_srai_10              
0000f7b6  __mspabi_srai_9               
0000f7b8  __mspabi_srai_8               
0000f7ba  __mspabi_srai_7               
0000f7bc  __mspabi_srai_6               
0000f7be  __mspabi_srai_5               
0000f7c0  __mspabi_srai_4               
0000f7c2  __mspabi_srai_3               
0000f7c4  __mspabi_srai_2               
0000f7c6  __mspabi_srai_1               
0000f7ca  __mspabi_slli                 
0000f7d6  __mspabi_slli_15              
0000f7d8  __mspabi_slli_14              
0000f7da  __mspabi_slli_13              
0000f7dc  __mspabi_slli_12              
0000f7de  __mspabi_slli_11              
0000f7e0  __mspabi_slli_10              
0000f7e2  __mspabi_slli_9               
0000f7e4  __mspabi_slli_8               
0000f7e6  __mspabi_slli_7               
0000f7e8  __mspabi_slli_6               
0000f7ea  __mspabi_slli_5               
0000f7ec  __mspabi_slli_4               
0000f7ee  __mspabi_slli_3               
0000f7f0  __mspabi_slli_2               
0000f7f2  __mspabi_slli_1               
0000f7f6  Twos_Complement_To_Decimal    
0000f81e  __mspabi_mpyl                 
0000f81e  __mspabi_mpyl_sw              
0000f844  _c_int00_noargs_noexit        
0000f85e  Uart_putchar                  
0000f876  PackCRC                       
0000f88c  __mspabi_mpyi                 
0000f88c  __mspabi_mpyi_sw              
0000f8a0  SPI_Read                      
0000f8b2  __TI_decompress_none          
0000f8c4  __mspabi_srll                 
0000f8d6  memcpy                        
0000f8e8  __mspabi_sral                 
0000f8f8  __mspabi_slll                 
0000f908  __mspabi_func_epilog_7        
0000f90a  __mspabi_func_epilog_6        
0000f90c  __mspabi_func_epilog_5        
0000f90e  __mspabi_func_epilog_4        
0000f910  __mspabi_func_epilog_3        
0000f912  __mspabi_func_epilog_2        
0000f914  __mspabi_func_epilog_1        
0000f918  __mspabi_fltid                
0000f924  Port_1                        
0000f92e  __mspabi_negf                 
0000f938  __TI_ISR_TRAP                 
0000f940  SPI_Write                     
0000f946  C$$EXIT                       
0000f946  abort                         
0000f94c  __TI_decompress_rle24         
0000f952  _system_pre_init              
0000f956  _system_post_cinit            
0000f9a2  __TI_Handler_Table_Base       
0000f9a6  __TI_CINIT_Base               
0000f9a6  __TI_Handler_Table_Limit      
0000f9ae  __TI_CINIT_Limit              
0000ffe0  __TI_int00                    
0000ffe4  __TI_int02                    
0000ffe6  __TI_int03                    
0000ffea  __TI_int05                    
0000ffec  __TI_int06                    
0000ffee  __TI_int07                    
0000fff0  __TI_int08                    
0000fff2  __TI_int09                    
0000fff4  __TI_int10                    
0000fff6  __TI_int11                    
0000fff8  __TI_int12                    
0000fffa  __TI_int13                    
0000fffc  __TI_int14                    
0000fffe  _reset_vector                 
ffffffff  __TI_pprof_out_hndl           
ffffffff  __TI_prof_data_size           
ffffffff  __TI_prof_data_start          
ffffffff  __c_args__                    
UNDEFED   __TI_BINIT_Base               
UNDEFED   __TI_BINIT_Limit              
UNDEFED   __TI_INITARRAY_Base           
UNDEFED   __TI_INITARRAY_Limit          

[346 symbols]
