<?xml version="1.0"?>
<link_info>
   <banner>MSP430 Linker PC v15.12.2.LTS</banner>
   <copyright>Copyright (c) 2003-2015 Texas Instruments Incorporated</copyright>
   <link_time>0x57e2eaa3</link_time>
   <link_errors>0x0</link_errors>
   <output_file>Window Sensor.out</output_file>
   <entry_point>
      <name>_c_int00_noargs_noexit</name>
      <address>0xe8cc</address>
   </entry_point>
   <input_file_list>
      <input_file id="fl-2">
         <path>.\</path>
         <kind>object</kind>
         <file>main.obj</file>
         <name>main.obj</name>
      </input_file>
      <input_file id="fl-1d">
         <path>D:\Software\TI\ccsv6\tools\compiler\msp430_15.12.2.LTS\lib\</path>
         <kind>archive</kind>
         <file>rts430_eabi.lib</file>
         <name>addd.obj</name>
      </input_file>
      <input_file id="fl-1e">
         <path>D:\Software\TI\ccsv6\tools\compiler\msp430_15.12.2.LTS\lib\</path>
         <kind>archive</kind>
         <file>rts430_eabi.lib</file>
         <name>asr16.obj</name>
      </input_file>
      <input_file id="fl-1f">
         <path>D:\Software\TI\ccsv6\tools\compiler\msp430_15.12.2.LTS\lib\</path>
         <kind>archive</kind>
         <file>rts430_eabi.lib</file>
         <name>boot.obj</name>
      </input_file>
      <input_file id="fl-20">
         <path>D:\Software\TI\ccsv6\tools\compiler\msp430_15.12.2.LTS\lib\</path>
         <kind>archive</kind>
         <file>rts430_eabi.lib</file>
         <name>boot_special.obj</name>
      </input_file>
      <input_file id="fl-21">
         <path>D:\Software\TI\ccsv6\tools\compiler\msp430_15.12.2.LTS\lib\</path>
         <kind>archive</kind>
         <file>rts430_eabi.lib</file>
         <name>copy_decompress_none.obj</name>
      </input_file>
      <input_file id="fl-22">
         <path>D:\Software\TI\ccsv6\tools\compiler\msp430_15.12.2.LTS\lib\</path>
         <kind>archive</kind>
         <file>rts430_eabi.lib</file>
         <name>copy_decompress_rle.obj</name>
      </input_file>
      <input_file id="fl-23">
         <path>D:\Software\TI\ccsv6\tools\compiler\msp430_15.12.2.LTS\lib\</path>
         <kind>archive</kind>
         <file>rts430_eabi.lib</file>
         <name>copy_zero_init.obj</name>
      </input_file>
      <input_file id="fl-24">
         <path>D:\Software\TI\ccsv6\tools\compiler\msp430_15.12.2.LTS\lib\</path>
         <kind>archive</kind>
         <file>rts430_eabi.lib</file>
         <name>cvtdf.obj</name>
      </input_file>
      <input_file id="fl-25">
         <path>D:\Software\TI\ccsv6\tools\compiler\msp430_15.12.2.LTS\lib\</path>
         <kind>archive</kind>
         <file>rts430_eabi.lib</file>
         <name>cvtfd.obj</name>
      </input_file>
      <input_file id="fl-26">
         <path>D:\Software\TI\ccsv6\tools\compiler\msp430_15.12.2.LTS\lib\</path>
         <kind>archive</kind>
         <file>rts430_eabi.lib</file>
         <name>divd.obj</name>
      </input_file>
      <input_file id="fl-27">
         <path>D:\Software\TI\ccsv6\tools\compiler\msp430_15.12.2.LTS\lib\</path>
         <kind>archive</kind>
         <file>rts430_eabi.lib</file>
         <name>epilog.obj</name>
      </input_file>
      <input_file id="fl-28">
         <path>D:\Software\TI\ccsv6\tools\compiler\msp430_15.12.2.LTS\lib\</path>
         <kind>archive</kind>
         <file>rts430_eabi.lib</file>
         <name>exit.obj</name>
      </input_file>
      <input_file id="fl-29">
         <path>D:\Software\TI\ccsv6\tools\compiler\msp430_15.12.2.LTS\lib\</path>
         <kind>archive</kind>
         <file>rts430_eabi.lib</file>
         <name>exit_gvars.obj</name>
      </input_file>
      <input_file id="fl-2a">
         <path>D:\Software\TI\ccsv6\tools\compiler\msp430_15.12.2.LTS\lib\</path>
         <kind>archive</kind>
         <file>rts430_eabi.lib</file>
         <name>fltid.obj</name>
      </input_file>
      <input_file id="fl-2b">
         <path>D:\Software\TI\ccsv6\tools\compiler\msp430_15.12.2.LTS\lib\</path>
         <kind>archive</kind>
         <file>rts430_eabi.lib</file>
         <name>fltlid.obj</name>
      </input_file>
      <input_file id="fl-2c">
         <path>D:\Software\TI\ccsv6\tools\compiler\msp430_15.12.2.LTS\lib\</path>
         <kind>archive</kind>
         <file>rts430_eabi.lib</file>
         <name>frcaddd.obj</name>
      </input_file>
      <input_file id="fl-2d">
         <path>D:\Software\TI\ccsv6\tools\compiler\msp430_15.12.2.LTS\lib\</path>
         <kind>archive</kind>
         <file>rts430_eabi.lib</file>
         <name>frcdivd.obj</name>
      </input_file>
      <input_file id="fl-2e">
         <path>D:\Software\TI\ccsv6\tools\compiler\msp430_15.12.2.LTS\lib\</path>
         <kind>archive</kind>
         <file>rts430_eabi.lib</file>
         <name>fs_add.obj</name>
      </input_file>
      <input_file id="fl-2f">
         <path>D:\Software\TI\ccsv6\tools\compiler\msp430_15.12.2.LTS\lib\</path>
         <kind>archive</kind>
         <file>rts430_eabi.lib</file>
         <name>fs_itof.obj</name>
      </input_file>
      <input_file id="fl-30">
         <path>D:\Software\TI\ccsv6\tools\compiler\msp430_15.12.2.LTS\lib\</path>
         <kind>archive</kind>
         <file>rts430_eabi.lib</file>
         <name>fs_mpy.obj</name>
      </input_file>
      <input_file id="fl-31">
         <path>D:\Software\TI\ccsv6\tools\compiler\msp430_15.12.2.LTS\lib\</path>
         <kind>archive</kind>
         <file>rts430_eabi.lib</file>
         <name>fs_toi.obj</name>
      </input_file>
      <input_file id="fl-32">
         <path>D:\Software\TI\ccsv6\tools\compiler\msp430_15.12.2.LTS\lib\</path>
         <kind>archive</kind>
         <file>rts430_eabi.lib</file>
         <name>int00.obj</name>
      </input_file>
      <input_file id="fl-33">
         <path>D:\Software\TI\ccsv6\tools\compiler\msp430_15.12.2.LTS\lib\</path>
         <kind>archive</kind>
         <file>rts430_eabi.lib</file>
         <name>int03.obj</name>
      </input_file>
      <input_file id="fl-34">
         <path>D:\Software\TI\ccsv6\tools\compiler\msp430_15.12.2.LTS\lib\</path>
         <kind>archive</kind>
         <file>rts430_eabi.lib</file>
         <name>int05.obj</name>
      </input_file>
      <input_file id="fl-35">
         <path>D:\Software\TI\ccsv6\tools\compiler\msp430_15.12.2.LTS\lib\</path>
         <kind>archive</kind>
         <file>rts430_eabi.lib</file>
         <name>int06.obj</name>
      </input_file>
      <input_file id="fl-36">
         <path>D:\Software\TI\ccsv6\tools\compiler\msp430_15.12.2.LTS\lib\</path>
         <kind>archive</kind>
         <file>rts430_eabi.lib</file>
         <name>int08.obj</name>
      </input_file>
      <input_file id="fl-37">
         <path>D:\Software\TI\ccsv6\tools\compiler\msp430_15.12.2.LTS\lib\</path>
         <kind>archive</kind>
         <file>rts430_eabi.lib</file>
         <name>int09.obj</name>
      </input_file>
      <input_file id="fl-38">
         <path>D:\Software\TI\ccsv6\tools\compiler\msp430_15.12.2.LTS\lib\</path>
         <kind>archive</kind>
         <file>rts430_eabi.lib</file>
         <name>int10.obj</name>
      </input_file>
      <input_file id="fl-39">
         <path>D:\Software\TI\ccsv6\tools\compiler\msp430_15.12.2.LTS\lib\</path>
         <kind>archive</kind>
         <file>rts430_eabi.lib</file>
         <name>int11.obj</name>
      </input_file>
      <input_file id="fl-3a">
         <path>D:\Software\TI\ccsv6\tools\compiler\msp430_15.12.2.LTS\lib\</path>
         <kind>archive</kind>
         <file>rts430_eabi.lib</file>
         <name>int12.obj</name>
      </input_file>
      <input_file id="fl-3b">
         <path>D:\Software\TI\ccsv6\tools\compiler\msp430_15.12.2.LTS\lib\</path>
         <kind>archive</kind>
         <file>rts430_eabi.lib</file>
         <name>int13.obj</name>
      </input_file>
      <input_file id="fl-3c">
         <path>D:\Software\TI\ccsv6\tools\compiler\msp430_15.12.2.LTS\lib\</path>
         <kind>archive</kind>
         <file>rts430_eabi.lib</file>
         <name>int14.obj</name>
      </input_file>
      <input_file id="fl-3d">
         <path>D:\Software\TI\ccsv6\tools\compiler\msp430_15.12.2.LTS\lib\</path>
         <kind>archive</kind>
         <file>rts430_eabi.lib</file>
         <name>isr_trap.obj</name>
      </input_file>
      <input_file id="fl-3e">
         <path>D:\Software\TI\ccsv6\tools\compiler\msp430_15.12.2.LTS\lib\</path>
         <kind>archive</kind>
         <file>rts430_eabi.lib</file>
         <name>lsl16.obj</name>
      </input_file>
      <input_file id="fl-3f">
         <path>D:\Software\TI\ccsv6\tools\compiler\msp430_15.12.2.LTS\lib\</path>
         <kind>archive</kind>
         <file>rts430_eabi.lib</file>
         <name>lsl32.obj</name>
      </input_file>
      <input_file id="fl-40">
         <path>D:\Software\TI\ccsv6\tools\compiler\msp430_15.12.2.LTS\lib\</path>
         <kind>archive</kind>
         <file>rts430_eabi.lib</file>
         <name>lsr16.obj</name>
      </input_file>
      <input_file id="fl-41">
         <path>D:\Software\TI\ccsv6\tools\compiler\msp430_15.12.2.LTS\lib\</path>
         <kind>archive</kind>
         <file>rts430_eabi.lib</file>
         <name>lsr32.obj</name>
      </input_file>
      <input_file id="fl-42">
         <path>D:\Software\TI\ccsv6\tools\compiler\msp430_15.12.2.LTS\lib\</path>
         <kind>archive</kind>
         <file>rts430_eabi.lib</file>
         <name>lsr64.obj</name>
      </input_file>
      <input_file id="fl-43">
         <path>D:\Software\TI\ccsv6\tools\compiler\msp430_15.12.2.LTS\lib\</path>
         <kind>archive</kind>
         <file>rts430_eabi.lib</file>
         <name>memcpy.obj</name>
      </input_file>
      <input_file id="fl-44">
         <path>D:\Software\TI\ccsv6\tools\compiler\msp430_15.12.2.LTS\lib\</path>
         <kind>archive</kind>
         <file>rts430_eabi.lib</file>
         <name>mpu_init.obj</name>
      </input_file>
      <input_file id="fl-45">
         <path>D:\Software\TI\ccsv6\tools\compiler\msp430_15.12.2.LTS\lib\</path>
         <kind>archive</kind>
         <file>rts430_eabi.lib</file>
         <name>mpyd.obj</name>
      </input_file>
      <input_file id="fl-46">
         <path>D:\Software\TI\ccsv6\tools\compiler\msp430_15.12.2.LTS\lib\</path>
         <kind>archive</kind>
         <file>rts430_eabi.lib</file>
         <name>mult16.obj</name>
      </input_file>
      <input_file id="fl-47">
         <path>D:\Software\TI\ccsv6\tools\compiler\msp430_15.12.2.LTS\lib\</path>
         <kind>archive</kind>
         <file>rts430_eabi.lib</file>
         <name>mult32.obj</name>
      </input_file>
      <input_file id="fl-48">
         <path>D:\Software\TI\ccsv6\tools\compiler\msp430_15.12.2.LTS\lib\</path>
         <kind>archive</kind>
         <file>rts430_eabi.lib</file>
         <name>pre_init.obj</name>
      </input_file>
      <input_file id="fl-49">
         <path>D:\Software\TI\ccsv6\tools\compiler\msp430_15.12.2.LTS\lib\</path>
         <kind>archive</kind>
         <file>rts430_eabi.lib</file>
         <name>renormd.obj</name>
      </input_file>
      <input_file id="fl-4a">
         <path>D:\Software\TI\ccsv6\tools\compiler\msp430_15.12.2.LTS\lib\</path>
         <kind>archive</kind>
         <file>rts430_eabi.lib</file>
         <name>_lock.obj</name>
      </input_file>
      <input_file id="fl-4b">
         <path>D:\Software\TI\ccsv6\tools\compiler\msp430_15.12.2.LTS\lib\</path>
         <kind>archive</kind>
         <file>rts430_eabi.lib</file>
         <name>args_main.obj</name>
      </input_file>
      <input_file id="fl-4c">
         <path>D:\Software\TI\ccsv6\tools\compiler\msp430_15.12.2.LTS\lib\</path>
         <kind>archive</kind>
         <file>rts430_eabi.lib</file>
         <name>asr32.obj</name>
      </input_file>
      <input_file id="fl-4d">
         <path>D:\Software\TI\ccsv6\tools\compiler\msp430_15.12.2.LTS\lib\</path>
         <kind>archive</kind>
         <file>rts430_eabi.lib</file>
         <name>autoinit.obj</name>
      </input_file>
      <input_file id="fl-4e">
         <path>D:\Software\TI\ccsv6\tools\compiler\msp430_15.12.2.LTS\lib\</path>
         <kind>archive</kind>
         <file>rts430_eabi.lib</file>
         <name>cpy_tbl.obj</name>
      </input_file>
      <input_file id="fl-4f">
         <path>D:\Software\TI\ccsv6\tools\compiler\msp430_15.12.2.LTS\lib\</path>
         <kind>archive</kind>
         <file>rts430_eabi.lib</file>
         <name>frcmpyd.obj</name>
      </input_file>
      <input_file id="fl-50">
         <path>D:\Software\TI\ccsv6\tools\compiler\msp430_15.12.2.LTS\lib\</path>
         <kind>archive</kind>
         <file>rts430_eabi.lib</file>
         <name>startup.obj</name>
      </input_file>
   </input_file_list>
   <object_component_list>
      <object_component id="oc-1e7">
         <name>.common:test_0</name>
         <uninitialized>true</uninitialized>
         <run_address>0x24c</run_address>
         <size>0x2</size>
      </object_component>
      <object_component id="oc-1e8">
         <name>.common:test_1</name>
         <uninitialized>true</uninitialized>
         <run_address>0x24e</run_address>
         <size>0x2</size>
      </object_component>
      <object_component id="oc-1a4">
         <name>.common:received_ch</name>
         <uninitialized>true</uninitialized>
         <run_address>0x252</run_address>
         <size>0x1</size>
      </object_component>
      <object_component id="oc-1a3">
         <name>.common:sensor</name>
         <uninitialized>true</uninitialized>
         <run_address>0x24a</run_address>
         <size>0x2</size>
      </object_component>
      <object_component id="oc-179">
         <name>.common:read</name>
         <uninitialized>true</uninitialized>
         <run_address>0x248</run_address>
         <size>0x2</size>
      </object_component>
      <object_component id="oc-1cc">
         <name>.common:accelorameter_raw</name>
         <uninitialized>true</uninitialized>
         <run_address>0x200</run_address>
         <size>0x6</size>
      </object_component>
      <object_component id="oc-1e9">
         <name>.common:gyroscope_raw</name>
         <uninitialized>true</uninitialized>
         <run_address>0x206</run_address>
         <size>0x6</size>
      </object_component>
      <object_component id="oc-1f3">
         <name>.common:magnetometer_raw</name>
         <uninitialized>true</uninitialized>
         <run_address>0x20c</run_address>
         <size>0x6</size>
      </object_component>
      <object_component id="oc-1e6">
         <name>.common:whoami</name>
         <uninitialized>true</uninitialized>
         <run_address>0x250</run_address>
         <size>0x2</size>
      </object_component>
      <object_component id="oc-273">
         <name>.common:MagID</name>
         <uninitialized>true</uninitialized>
         <run_address>0x246</run_address>
         <size>0x2</size>
      </object_component>
      <object_component id="oc-1a5">
         <name>.common:aRes</name>
         <uninitialized>true</uninitialized>
         <run_address>0x212</run_address>
         <size>0x4</size>
      </object_component>
      <object_component id="oc-1a6">
         <name>.common:gRes</name>
         <uninitialized>true</uninitialized>
         <run_address>0x222</run_address>
         <size>0x4</size>
      </object_component>
      <object_component id="oc-1a7">
         <name>.common:mRes</name>
         <uninitialized>true</uninitialized>
         <run_address>0x232</run_address>
         <size>0x4</size>
      </object_component>
      <object_component id="oc-1dd">
         <name>.common:ax</name>
         <uninitialized>true</uninitialized>
         <run_address>0x216</run_address>
         <size>0x4</size>
      </object_component>
      <object_component id="oc-1de">
         <name>.common:ay</name>
         <uninitialized>true</uninitialized>
         <run_address>0x21a</run_address>
         <size>0x4</size>
      </object_component>
      <object_component id="oc-1df">
         <name>.common:az</name>
         <uninitialized>true</uninitialized>
         <run_address>0x21e</run_address>
         <size>0x4</size>
      </object_component>
      <object_component id="oc-1f0">
         <name>.common:gx</name>
         <uninitialized>true</uninitialized>
         <run_address>0x226</run_address>
         <size>0x4</size>
      </object_component>
      <object_component id="oc-1f1">
         <name>.common:gy</name>
         <uninitialized>true</uninitialized>
         <run_address>0x22a</run_address>
         <size>0x4</size>
      </object_component>
      <object_component id="oc-1f2">
         <name>.common:gz</name>
         <uninitialized>true</uninitialized>
         <run_address>0x22e</run_address>
         <size>0x4</size>
      </object_component>
      <object_component id="oc-20c">
         <name>.common:mx</name>
         <uninitialized>true</uninitialized>
         <run_address>0x236</run_address>
         <size>0x4</size>
      </object_component>
      <object_component id="oc-20d">
         <name>.common:my</name>
         <uninitialized>true</uninitialized>
         <run_address>0x23a</run_address>
         <size>0x4</size>
      </object_component>
      <object_component id="oc-20e">
         <name>.common:mz</name>
         <uninitialized>true</uninitialized>
         <run_address>0x23e</run_address>
         <size>0x4</size>
      </object_component>
      <object_component id="oc-21a">
         <name>.common:temperature</name>
         <uninitialized>true</uninitialized>
         <run_address>0x242</run_address>
         <size>0x4</size>
      </object_component>
      <object_component id="oc-f1">
         <name>.stack</name>
         <uninitialized>true</uninitialized>
         <run_address>0x3b0</run_address>
         <size>0x2</size>
         <input_file_ref idref="fl-1f"/>
      </object_component>
      <object_component id="oc-362">
         <name>.stack</name>
         <uninitialized>true</uninitialized>
         <run_address>0x3b0</run_address>
         <size>0x0</size>
      </object_component>
      <object_component id="oc-147">
         <name>.text:main</name>
         <load_address>0xc000</load_address>
         <run_address>0xc000</run_address>
         <size>0x4c4</size>
         <input_file_ref idref="fl-2"/>
      </object_component>
      <object_component id="oc-2c0">
         <name>.text:__TI_frcdivd</name>
         <load_address>0xc4c4</load_address>
         <run_address>0xc4c4</run_address>
         <size>0x48e</size>
         <input_file_ref idref="fl-2d"/>
      </object_component>
      <object_component id="oc-299">
         <name>.text:__TI_frcmpyd</name>
         <load_address>0xc952</load_address>
         <run_address>0xc952</run_address>
         <size>0x2f4</size>
         <input_file_ref idref="fl-4f"/>
      </object_component>
      <object_component id="oc-227">
         <name>.text:__mspabi_addd</name>
         <load_address>0xcc46</load_address>
         <run_address>0xcc46</run_address>
         <size>0x2e8</size>
         <input_file_ref idref="fl-1d"/>
      </object_component>
      <object_component id="oc-1cd">
         <name>.text:Read_Accelorameter</name>
         <load_address>0xcf2e</load_address>
         <run_address>0xcf2e</run_address>
         <size>0x29e</size>
         <input_file_ref idref="fl-2"/>
      </object_component>
      <object_component id="oc-200">
         <name>.text:__mspabi_mpyd</name>
         <load_address>0xd1cc</load_address>
         <run_address>0xd1cc</run_address>
         <size>0x26e</size>
         <input_file_ref idref="fl-45"/>
      </object_component>
      <object_component id="oc-2c8">
         <name>.text:__TI_frcaddd</name>
         <load_address>0xd43a</load_address>
         <run_address>0xd43a</run_address>
         <size>0x260</size>
         <input_file_ref idref="fl-2c"/>
      </object_component>
      <object_component id="oc-221">
         <name>.text:__mspabi_divd</name>
         <load_address>0xd69a</load_address>
         <run_address>0xd69a</run_address>
         <size>0x238</size>
         <input_file_ref idref="fl-26"/>
      </object_component>
      <object_component id="oc-1f4">
         <name>.text:Read_Magnetometer</name>
         <load_address>0xd8d2</load_address>
         <run_address>0xd8d2</run_address>
         <size>0x1fa</size>
         <input_file_ref idref="fl-2"/>
      </object_component>
      <object_component id="oc-1ea">
         <name>.text:Read_Gyroscope</name>
         <load_address>0xdacc</load_address>
         <run_address>0xdacc</run_address>
         <size>0x1ce</size>
         <input_file_ref idref="fl-2"/>
      </object_component>
      <object_component id="oc-215">
         <name>.text</name>
         <load_address>0xdc9a</load_address>
         <run_address>0xdc9a</run_address>
         <size>0x132</size>
         <input_file_ref idref="fl-2e"/>
      </object_component>
      <object_component id="oc-1b4">
         <name>.text:Init_BMX055</name>
         <load_address>0xddcc</load_address>
         <run_address>0xddcc</run_address>
         <size>0x126</size>
         <input_file_ref idref="fl-2"/>
      </object_component>
      <object_component id="oc-1c0">
         <name>.text:Init_MPU9250</name>
         <load_address>0xdef2</load_address>
         <run_address>0xdef2</run_address>
         <size>0x10c</size>
         <input_file_ref idref="fl-2"/>
      </object_component>
      <object_component id="oc-1d8">
         <name>.text</name>
         <load_address>0xdffe</load_address>
         <run_address>0xdffe</run_address>
         <size>0xc4</size>
         <input_file_ref idref="fl-30"/>
      </object_component>
      <object_component id="oc-30d">
         <name>.text:__TI_renormd</name>
         <load_address>0xe0c2</load_address>
         <run_address>0xe0c2</run_address>
         <size>0xbe</size>
         <input_file_ref idref="fl-49"/>
      </object_component>
      <object_component id="oc-292">
         <name>.text:__mspabi_fltlid</name>
         <load_address>0xe180</load_address>
         <run_address>0xe180</run_address>
         <size>0xac</size>
         <input_file_ref idref="fl-2b"/>
      </object_component>
      <object_component id="oc-206">
         <name>.text:__mspabi_cvtdf</name>
         <load_address>0xe22c</load_address>
         <run_address>0xe22c</run_address>
         <size>0x8c</size>
         <input_file_ref idref="fl-24"/>
      </object_component>
      <object_component id="oc-1ae">
         <name>.text:Init_BMI160</name>
         <load_address>0xe2b8</load_address>
         <run_address>0xe2b8</run_address>
         <size>0x8a</size>
         <input_file_ref idref="fl-2"/>
      </object_component>
      <object_component id="oc-1a8">
         <name>.text:Init</name>
         <load_address>0xe342</load_address>
         <run_address>0xe342</run_address>
         <size>0x78</size>
         <input_file_ref idref="fl-2"/>
      </object_component>
      <object_component id="oc-20f">
         <name>.text:Read_Temp</name>
         <load_address>0xe3ba</load_address>
         <run_address>0xe3ba</run_address>
         <size>0x74</size>
         <input_file_ref idref="fl-2"/>
      </object_component>
      <object_component id="oc-21b">
         <name>.text:__mspabi_cvtfd</name>
         <load_address>0xe42e</load_address>
         <run_address>0xe42e</run_address>
         <size>0x72</size>
         <input_file_ref idref="fl-25"/>
      </object_component>
      <object_component id="oc-1c6">
         <name>.text:Setup_Wake_on_Motion_Interrupt</name>
         <load_address>0xe4a0</load_address>
         <run_address>0xe4a0</run_address>
         <size>0x6e</size>
         <input_file_ref idref="fl-2"/>
      </object_component>
      <object_component id="oc-12d">
         <name>.text:_auto_init</name>
         <load_address>0xe50e</load_address>
         <run_address>0xe50e</run_address>
         <size>0x6e</size>
         <input_file_ref idref="fl-4d"/>
      </object_component>
      <object_component id="oc-1ba">
         <name>.text:Init_LSM9DS1</name>
         <load_address>0xe57c</load_address>
         <run_address>0xe57c</run_address>
         <size>0x60</size>
         <input_file_ref idref="fl-2"/>
      </object_component>
      <object_component id="oc-2e3">
         <name>.text:l_lsr_const</name>
         <load_address>0xe5dc</load_address>
         <run_address>0xe5dc</run_address>
         <size>0x5c</size>
         <input_file_ref idref="fl-41"/>
      </object_component>
      <object_component id="oc-181">
         <name>.text:copy_in</name>
         <load_address>0xe638</load_address>
         <run_address>0xe638</run_address>
         <size>0x5a</size>
         <input_file_ref idref="fl-4e"/>
      </object_component>
      <object_component id="oc-26d">
         <name>.text:Read_Magnetometer_Id</name>
         <load_address>0xe692</load_address>
         <run_address>0xe692</run_address>
         <size>0x4e</size>
         <input_file_ref idref="fl-2"/>
      </object_component>
      <object_component id="oc-2ab">
         <name>.text</name>
         <load_address>0xe6e0</load_address>
         <run_address>0xe6e0</run_address>
         <size>0x4c</size>
         <input_file_ref idref="fl-40"/>
      </object_component>
      <object_component id="oc-289">
         <name>.text:SPI_Transceive</name>
         <load_address>0xe72c</load_address>
         <run_address>0xe72c</run_address>
         <size>0x48</size>
         <input_file_ref idref="fl-2"/>
      </object_component>
      <object_component id="oc-2b4">
         <name>.text:l_asr_const</name>
         <load_address>0xe774</load_address>
         <run_address>0xe774</run_address>
         <size>0x3e</size>
         <input_file_ref idref="fl-4c"/>
      </object_component>
      <object_component id="oc-2a6">
         <name>.text:l_lsl_const</name>
         <load_address>0xe7b2</load_address>
         <run_address>0xe7b2</run_address>
         <size>0x3e</size>
         <input_file_ref idref="fl-3f"/>
      </object_component>
      <object_component id="oc-1d3">
         <name>.text</name>
         <load_address>0xe7f0</load_address>
         <run_address>0xe7f0</run_address>
         <size>0x36</size>
         <input_file_ref idref="fl-2f"/>
      </object_component>
      <object_component id="oc-27b">
         <name>.text</name>
         <load_address>0xe826</load_address>
         <run_address>0xe826</run_address>
         <size>0x2c</size>
         <input_file_ref idref="fl-1e"/>
      </object_component>
      <object_component id="oc-276">
         <name>.text</name>
         <load_address>0xe852</load_address>
         <run_address>0xe852</run_address>
         <size>0x2c</size>
         <input_file_ref idref="fl-3e"/>
      </object_component>
      <object_component id="oc-280">
         <name>.text:Twos_Complement_To_Decimal</name>
         <load_address>0xe87e</load_address>
         <run_address>0xe87e</run_address>
         <size>0x28</size>
         <input_file_ref idref="fl-2"/>
      </object_component>
      <object_component id="oc-2ea">
         <name>.text</name>
         <load_address>0xe8a6</load_address>
         <run_address>0xe8a6</run_address>
         <size>0x26</size>
         <input_file_ref idref="fl-47"/>
      </object_component>
      <object_component id="oc-6b">
         <name>.text:_c_int00_noargs_noexit</name>
         <load_address>0xe8cc</load_address>
         <run_address>0xe8cc</run_address>
         <size>0x1a</size>
         <input_file_ref idref="fl-20"/>
      </object_component>
      <object_component id="oc-4d">
         <name>.text:decompress:ZI:__TI_zero_init</name>
         <load_address>0xe8e6</load_address>
         <run_address>0xe8e6</run_address>
         <size>0x14</size>
         <input_file_ref idref="fl-23"/>
      </object_component>
      <object_component id="oc-234">
         <name>.text</name>
         <load_address>0xe8fa</load_address>
         <run_address>0xe8fa</run_address>
         <size>0x14</size>
         <input_file_ref idref="fl-46"/>
      </object_component>
      <object_component id="oc-1e0">
         <name>.text:SPI_Read</name>
         <load_address>0xe90e</load_address>
         <run_address>0xe90e</run_address>
         <size>0x12</size>
         <input_file_ref idref="fl-2"/>
      </object_component>
      <object_component id="oc-303">
         <name>.text:l_lsr</name>
         <load_address>0xe920</load_address>
         <run_address>0xe920</run_address>
         <size>0x12</size>
         <input_file_ref idref="fl-41"/>
      </object_component>
      <object_component id="oc-f5">
         <name>.text:memcpy</name>
         <load_address>0xe932</load_address>
         <run_address>0xe932</run_address>
         <size>0x12</size>
         <input_file_ref idref="fl-43"/>
      </object_component>
      <object_component id="oc-308">
         <name>.text:l_asr</name>
         <load_address>0xe944</load_address>
         <run_address>0xe944</run_address>
         <size>0x10</size>
         <input_file_ref idref="fl-4c"/>
      </object_component>
      <object_component id="oc-2fe">
         <name>.text:l_lsl</name>
         <load_address>0xe954</load_address>
         <run_address>0xe954</run_address>
         <size>0x10</size>
         <input_file_ref idref="fl-3f"/>
      </object_component>
      <object_component id="oc-170">
         <name>.text</name>
         <load_address>0xe964</load_address>
         <run_address>0xe964</run_address>
         <size>0x10</size>
         <input_file_ref idref="fl-27"/>
      </object_component>
      <object_component id="oc-11a">
         <name>.text:USCI0RX_ISR</name>
         <load_address>0xe974</load_address>
         <run_address>0xe974</run_address>
         <size>0xe</size>
         <input_file_ref idref="fl-2"/>
      </object_component>
      <object_component id="oc-1fa">
         <name>.text:__mspabi_fltid</name>
         <load_address>0xe982</load_address>
         <run_address>0xe982</run_address>
         <size>0xc</size>
         <input_file_ref idref="fl-2a"/>
      </object_component>
      <object_component id="oc-114">
         <name>.text:Port_1</name>
         <load_address>0xe98e</load_address>
         <run_address>0xe98e</run_address>
         <size>0xa</size>
         <input_file_ref idref="fl-2"/>
      </object_component>
      <object_component id="oc-10f">
         <name>.text:_isr:__TI_ISR_TRAP</name>
         <load_address>0xe998</load_address>
         <run_address>0xe998</run_address>
         <size>0x8</size>
         <input_file_ref idref="fl-3d"/>
      </object_component>
      <object_component id="oc-264">
         <name>.text:SPI_Write</name>
         <load_address>0xe9a0</load_address>
         <run_address>0xe9a0</run_address>
         <size>0x6</size>
         <input_file_ref idref="fl-2"/>
      </object_component>
      <object_component id="oc-14f">
         <name>.text:abort</name>
         <load_address>0xe9a6</load_address>
         <run_address>0xe9a6</run_address>
         <size>0x6</size>
         <input_file_ref idref="fl-28"/>
      </object_component>
      <object_component id="oc-127">
         <name>.text:_system_pre_init</name>
         <load_address>0xe9ac</load_address>
         <run_address>0xe9ac</run_address>
         <size>0x4</size>
         <input_file_ref idref="fl-48"/>
      </object_component>
      <object_component id="oc-187">
         <name>.text:_system_post_cinit</name>
         <load_address>0xe9b0</load_address>
         <run_address>0xe9b0</run_address>
         <size>0x2</size>
         <input_file_ref idref="fl-50"/>
      </object_component>
      <object_component id="oc-361">
         <name>.cinit..bss.load</name>
         <load_address>0xe9b2</load_address>
         <run_address>0xe9b2</run_address>
         <size>0x4</size>
      </object_component>
      <object_component id="oc-35f">
         <name>__TI_handler_table</name>
         <load_address>0xe9b6</load_address>
         <run_address>0xe9b6</run_address>
         <size>0x2</size>
      </object_component>
      <object_component id="oc-360">
         <name>__TI_cinit_table</name>
         <load_address>0xe9b8</load_address>
         <run_address>0xe9b8</run_address>
         <size>0x4</size>
      </object_component>
      <object_component id="oc-329">
         <name>.binit</name>
         <load_address>0xc000</load_address>
         <run_address>0xc000</run_address>
         <size>0x0</size>
      </object_component>
      <object_component id="oc-40">
         <name>.int00</name>
         <load_address>0xffe0</load_address>
         <run_address>0xffe0</run_address>
         <size>0x2</size>
         <input_file_ref idref="fl-32"/>
      </object_component>
      <object_component id="oc-41">
         <name>.int02</name>
         <load_address>0xffe4</load_address>
         <run_address>0xffe4</run_address>
         <size>0x2</size>
         <input_file_ref idref="fl-2"/>
      </object_component>
      <object_component id="oc-42">
         <name>.int03</name>
         <load_address>0xffe6</load_address>
         <run_address>0xffe6</run_address>
         <size>0x2</size>
         <input_file_ref idref="fl-33"/>
      </object_component>
      <object_component id="oc-43">
         <name>.int05</name>
         <load_address>0xffea</load_address>
         <run_address>0xffea</run_address>
         <size>0x2</size>
         <input_file_ref idref="fl-34"/>
      </object_component>
      <object_component id="oc-44">
         <name>.int06</name>
         <load_address>0xffec</load_address>
         <run_address>0xffec</run_address>
         <size>0x2</size>
         <input_file_ref idref="fl-35"/>
      </object_component>
      <object_component id="oc-45">
         <name>.int07</name>
         <load_address>0xffee</load_address>
         <run_address>0xffee</run_address>
         <size>0x2</size>
         <input_file_ref idref="fl-2"/>
      </object_component>
      <object_component id="oc-46">
         <name>.int08</name>
         <load_address>0xfff0</load_address>
         <run_address>0xfff0</run_address>
         <size>0x2</size>
         <input_file_ref idref="fl-36"/>
      </object_component>
      <object_component id="oc-47">
         <name>.int09</name>
         <load_address>0xfff2</load_address>
         <run_address>0xfff2</run_address>
         <size>0x2</size>
         <input_file_ref idref="fl-37"/>
      </object_component>
      <object_component id="oc-48">
         <name>.int10</name>
         <load_address>0xfff4</load_address>
         <run_address>0xfff4</run_address>
         <size>0x2</size>
         <input_file_ref idref="fl-38"/>
      </object_component>
      <object_component id="oc-49">
         <name>.int11</name>
         <load_address>0xfff6</load_address>
         <run_address>0xfff6</run_address>
         <size>0x2</size>
         <input_file_ref idref="fl-39"/>
      </object_component>
      <object_component id="oc-4a">
         <name>.int12</name>
         <load_address>0xfff8</load_address>
         <run_address>0xfff8</run_address>
         <size>0x2</size>
         <input_file_ref idref="fl-3a"/>
      </object_component>
      <object_component id="oc-4b">
         <name>.int13</name>
         <load_address>0xfffa</load_address>
         <run_address>0xfffa</run_address>
         <size>0x2</size>
         <input_file_ref idref="fl-3b"/>
      </object_component>
      <object_component id="oc-4c">
         <name>.int14</name>
         <load_address>0xfffc</load_address>
         <run_address>0xfffc</run_address>
         <size>0x2</size>
         <input_file_ref idref="fl-3c"/>
      </object_component>
      <object_component id="oc-f4">
         <name>.reset</name>
         <load_address>0xfffe</load_address>
         <run_address>0xfffe</run_address>
         <size>0x2</size>
         <input_file_ref idref="fl-1f"/>
      </object_component>
      <object_component id="oc-17a">
         <name>.debug_info</name>
         <load_address>0x0</load_address>
         <run_address>0x0</run_address>
         <size>0x801</size>
         <input_file_ref idref="fl-2"/>
      </object_component>
      <object_component id="oc-148">
         <name>.debug_info</name>
         <load_address>0x801</load_address>
         <run_address>0x801</run_address>
         <size>0x7f3</size>
         <input_file_ref idref="fl-2"/>
      </object_component>
      <object_component id="oc-1a9">
         <name>.debug_info</name>
         <load_address>0xff4</load_address>
         <run_address>0xff4</run_address>
         <size>0xf7</size>
         <input_file_ref idref="fl-2"/>
      </object_component>
      <object_component id="oc-1c1">
         <name>.debug_info</name>
         <load_address>0x10eb</load_address>
         <run_address>0x10eb</run_address>
         <size>0x232</size>
         <input_file_ref idref="fl-2"/>
      </object_component>
      <object_component id="oc-1bb">
         <name>.debug_info</name>
         <load_address>0x131d</load_address>
         <run_address>0x131d</run_address>
         <size>0x167</size>
         <input_file_ref idref="fl-2"/>
      </object_component>
      <object_component id="oc-1b5">
         <name>.debug_info</name>
         <load_address>0x1484</load_address>
         <run_address>0x1484</run_address>
         <size>0x245</size>
         <input_file_ref idref="fl-2"/>
      </object_component>
      <object_component id="oc-1af">
         <name>.debug_info</name>
         <load_address>0x16c9</load_address>
         <run_address>0x16c9</run_address>
         <size>0x175</size>
         <input_file_ref idref="fl-2"/>
      </object_component>
      <object_component id="oc-210">
         <name>.debug_info</name>
         <load_address>0x183e</load_address>
         <run_address>0x183e</run_address>
         <size>0x168</size>
         <input_file_ref idref="fl-2"/>
      </object_component>
      <object_component id="oc-1ce">
         <name>.debug_info</name>
         <load_address>0x19a6</load_address>
         <run_address>0x19a6</run_address>
         <size>0x3b8</size>
         <input_file_ref idref="fl-2"/>
      </object_component>
      <object_component id="oc-1eb">
         <name>.debug_info</name>
         <load_address>0x1d5e</load_address>
         <run_address>0x1d5e</run_address>
         <size>0x2c9</size>
         <input_file_ref idref="fl-2"/>
      </object_component>
      <object_component id="oc-1f5">
         <name>.debug_info</name>
         <load_address>0x2027</load_address>
         <run_address>0x2027</run_address>
         <size>0x2e7</size>
         <input_file_ref idref="fl-2"/>
      </object_component>
      <object_component id="oc-26e">
         <name>.debug_info</name>
         <load_address>0x230e</load_address>
         <run_address>0x230e</run_address>
         <size>0x167</size>
         <input_file_ref idref="fl-2"/>
      </object_component>
      <object_component id="oc-1c7">
         <name>.debug_info</name>
         <load_address>0x2475</load_address>
         <run_address>0x2475</run_address>
         <size>0x1ab</size>
         <input_file_ref idref="fl-2"/>
      </object_component>
      <object_component id="oc-281">
         <name>.debug_info</name>
         <load_address>0x2620</load_address>
         <run_address>0x2620</run_address>
         <size>0x1e8</size>
         <input_file_ref idref="fl-2"/>
      </object_component>
      <object_component id="oc-265">
         <name>.debug_info</name>
         <load_address>0x2808</load_address>
         <run_address>0x2808</run_address>
         <size>0x151</size>
         <input_file_ref idref="fl-2"/>
      </object_component>
      <object_component id="oc-1e1">
         <name>.debug_info</name>
         <load_address>0x2959</load_address>
         <run_address>0x2959</run_address>
         <size>0x151</size>
         <input_file_ref idref="fl-2"/>
      </object_component>
      <object_component id="oc-28a">
         <name>.debug_info</name>
         <load_address>0x2aaa</load_address>
         <run_address>0x2aaa</run_address>
         <size>0x185</size>
         <input_file_ref idref="fl-2"/>
      </object_component>
      <object_component id="oc-115">
         <name>.debug_info</name>
         <load_address>0x2c2f</load_address>
         <run_address>0x2c2f</run_address>
         <size>0xfc</size>
         <input_file_ref idref="fl-2"/>
      </object_component>
      <object_component id="oc-11b">
         <name>.debug_info</name>
         <load_address>0x2d2b</load_address>
         <run_address>0x2d2b</run_address>
         <size>0x106</size>
         <input_file_ref idref="fl-2"/>
      </object_component>
      <object_component id="oc-15d">
         <name>.debug_info</name>
         <load_address>0x2e31</load_address>
         <run_address>0x2e31</run_address>
         <size>0x84</size>
         <input_file_ref idref="fl-2"/>
      </object_component>
      <object_component id="oc-2cf">
         <name>.debug_info</name>
         <load_address>0x2eb5</load_address>
         <run_address>0x2eb5</run_address>
         <size>0x222</size>
         <input_file_ref idref="fl-1d"/>
      </object_component>
      <object_component id="oc-228">
         <name>.debug_info</name>
         <load_address>0x30d7</load_address>
         <run_address>0x30d7</run_address>
         <size>0x26f</size>
         <input_file_ref idref="fl-1d"/>
      </object_component>
      <object_component id="oc-2a1">
         <name>.debug_info</name>
         <load_address>0x3346</load_address>
         <run_address>0x3346</run_address>
         <size>0x94</size>
         <input_file_ref idref="fl-1d"/>
      </object_component>
      <object_component id="oc-27d">
         <name>.debug_info</name>
         <load_address>0x33da</load_address>
         <run_address>0x33da</run_address>
         <size>0x134</size>
         <input_file_ref idref="fl-1e"/>
      </object_component>
      <object_component id="oc-f2">
         <name>.debug_info</name>
         <load_address>0x350e</load_address>
         <run_address>0x350e</run_address>
         <size>0x111</size>
         <input_file_ref idref="fl-1f"/>
      </object_component>
      <object_component id="oc-6c">
         <name>.debug_info</name>
         <load_address>0x361f</load_address>
         <run_address>0x361f</run_address>
         <size>0x1b2</size>
         <input_file_ref idref="fl-20"/>
      </object_component>
      <object_component id="oc-126">
         <name>.debug_info</name>
         <load_address>0x37d1</load_address>
         <run_address>0x37d1</run_address>
         <size>0x186</size>
         <input_file_ref idref="fl-23"/>
      </object_component>
      <object_component id="oc-51">
         <name>.debug_info</name>
         <load_address>0x3957</load_address>
         <run_address>0x3957</run_address>
         <size>0x1d1</size>
         <input_file_ref idref="fl-23"/>
      </object_component>
      <object_component id="oc-121">
         <name>.debug_info</name>
         <load_address>0x3b28</load_address>
         <run_address>0x3b28</run_address>
         <size>0x46</size>
         <input_file_ref idref="fl-23"/>
      </object_component>
      <object_component id="oc-164">
         <name>.debug_info</name>
         <load_address>0x3b6e</load_address>
         <run_address>0x3b6e</run_address>
         <size>0x2c</size>
         <input_file_ref idref="fl-23"/>
      </object_component>
      <object_component id="oc-2b1">
         <name>.debug_info</name>
         <load_address>0x3b9a</load_address>
         <run_address>0x3b9a</run_address>
         <size>0x1e0</size>
         <input_file_ref idref="fl-24"/>
      </object_component>
      <object_component id="oc-207">
         <name>.debug_info</name>
         <load_address>0x3d7a</load_address>
         <run_address>0x3d7a</run_address>
         <size>0x1e9</size>
         <input_file_ref idref="fl-24"/>
      </object_component>
      <object_component id="oc-2bb">
         <name>.debug_info</name>
         <load_address>0x3f63</load_address>
         <run_address>0x3f63</run_address>
         <size>0xdb</size>
         <input_file_ref idref="fl-24"/>
      </object_component>
      <object_component id="oc-2ba">
         <name>.debug_info</name>
         <load_address>0x403e</load_address>
         <run_address>0x403e</run_address>
         <size>0x203</size>
         <input_file_ref idref="fl-25"/>
      </object_component>
      <object_component id="oc-21f">
         <name>.debug_info</name>
         <load_address>0x4241</load_address>
         <run_address>0x4241</run_address>
         <size>0x1e0</size>
         <input_file_ref idref="fl-25"/>
      </object_component>
      <object_component id="oc-2c7">
         <name>.debug_info</name>
         <load_address>0x4421</load_address>
         <run_address>0x4421</run_address>
         <size>0x21d</size>
         <input_file_ref idref="fl-26"/>
      </object_component>
      <object_component id="oc-222">
         <name>.debug_info</name>
         <load_address>0x463e</load_address>
         <run_address>0x463e</run_address>
         <size>0x29b</size>
         <input_file_ref idref="fl-26"/>
      </object_component>
      <object_component id="oc-172">
         <name>.debug_info</name>
         <load_address>0x48d9</load_address>
         <run_address>0x48d9</run_address>
         <size>0x142</size>
         <input_file_ref idref="fl-27"/>
      </object_component>
      <object_component id="oc-153">
         <name>.debug_info</name>
         <load_address>0x4a1b</load_address>
         <run_address>0x4a1b</run_address>
         <size>0x133</size>
         <input_file_ref idref="fl-28"/>
      </object_component>
      <object_component id="oc-1fe">
         <name>.debug_info</name>
         <load_address>0x4b4e</load_address>
         <run_address>0x4b4e</run_address>
         <size>0x177</size>
         <input_file_ref idref="fl-2a"/>
      </object_component>
      <object_component id="oc-2e9">
         <name>.debug_info</name>
         <load_address>0x4cc5</load_address>
         <run_address>0x4cc5</run_address>
         <size>0x1e6</size>
         <input_file_ref idref="fl-2b"/>
      </object_component>
      <object_component id="oc-293">
         <name>.debug_info</name>
         <load_address>0x4eab</load_address>
         <run_address>0x4eab</run_address>
         <size>0x22c</size>
         <input_file_ref idref="fl-2b"/>
      </object_component>
      <object_component id="oc-314">
         <name>.debug_info</name>
         <load_address>0x50d7</load_address>
         <run_address>0x50d7</run_address>
         <size>0x21b</size>
         <input_file_ref idref="fl-2c"/>
      </object_component>
      <object_component id="oc-2ca">
         <name>.debug_info</name>
         <load_address>0x52f2</load_address>
         <run_address>0x52f2</run_address>
         <size>0x33a</size>
         <input_file_ref idref="fl-2c"/>
      </object_component>
      <object_component id="oc-2fb">
         <name>.debug_info</name>
         <load_address>0x562c</load_address>
         <run_address>0x562c</run_address>
         <size>0x1ed</size>
         <input_file_ref idref="fl-2d"/>
      </object_component>
      <object_component id="oc-2c2">
         <name>.debug_info</name>
         <load_address>0x5819</load_address>
         <run_address>0x5819</run_address>
         <size>0x621</size>
         <input_file_ref idref="fl-2d"/>
      </object_component>
      <object_component id="oc-218">
         <name>.debug_info</name>
         <load_address>0x5e3a</load_address>
         <run_address>0x5e3a</run_address>
         <size>0x135</size>
         <input_file_ref idref="fl-2e"/>
      </object_component>
      <object_component id="oc-1d5">
         <name>.debug_info</name>
         <load_address>0x5f6f</load_address>
         <run_address>0x5f6f</run_address>
         <size>0x13e</size>
         <input_file_ref idref="fl-2f"/>
      </object_component>
      <object_component id="oc-1d9">
         <name>.debug_info</name>
         <load_address>0x60ad</load_address>
         <run_address>0x60ad</run_address>
         <size>0x135</size>
         <input_file_ref idref="fl-30"/>
      </object_component>
      <object_component id="oc-111">
         <name>.debug_info</name>
         <load_address>0x61e2</load_address>
         <run_address>0x61e2</run_address>
         <size>0x123</size>
         <input_file_ref idref="fl-3d"/>
      </object_component>
      <object_component id="oc-279">
         <name>.debug_info</name>
         <load_address>0x6305</load_address>
         <run_address>0x6305</run_address>
         <size>0x134</size>
         <input_file_ref idref="fl-3e"/>
      </object_component>
      <object_component id="oc-300">
         <name>.debug_info</name>
         <load_address>0x6439</load_address>
         <run_address>0x6439</run_address>
         <size>0x134</size>
         <input_file_ref idref="fl-3f"/>
      </object_component>
      <object_component id="oc-2a8">
         <name>.debug_info</name>
         <load_address>0x656d</load_address>
         <run_address>0x656d</run_address>
         <size>0x13a</size>
         <input_file_ref idref="fl-3f"/>
      </object_component>
      <object_component id="oc-2ae">
         <name>.debug_info</name>
         <load_address>0x66a7</load_address>
         <run_address>0x66a7</run_address>
         <size>0x134</size>
         <input_file_ref idref="fl-40"/>
      </object_component>
      <object_component id="oc-305">
         <name>.debug_info</name>
         <load_address>0x67db</load_address>
         <run_address>0x67db</run_address>
         <size>0x134</size>
         <input_file_ref idref="fl-41"/>
      </object_component>
      <object_component id="oc-2e4">
         <name>.debug_info</name>
         <load_address>0x690f</load_address>
         <run_address>0x690f</run_address>
         <size>0x13a</size>
         <input_file_ref idref="fl-41"/>
      </object_component>
      <object_component id="oc-163">
         <name>.debug_info</name>
         <load_address>0x6a49</load_address>
         <run_address>0x6a49</run_address>
         <size>0x189</size>
         <input_file_ref idref="fl-43"/>
      </object_component>
      <object_component id="oc-f8">
         <name>.debug_info</name>
         <load_address>0x6bd2</load_address>
         <run_address>0x6bd2</run_address>
         <size>0x1ad</size>
         <input_file_ref idref="fl-43"/>
      </object_component>
      <object_component id="oc-2a0">
         <name>.debug_info</name>
         <load_address>0x6d7f</load_address>
         <run_address>0x6d7f</run_address>
         <size>0x21d</size>
         <input_file_ref idref="fl-45"/>
      </object_component>
      <object_component id="oc-201">
         <name>.debug_info</name>
         <load_address>0x6f9c</load_address>
         <run_address>0x6f9c</run_address>
         <size>0x2e7</size>
         <input_file_ref idref="fl-45"/>
      </object_component>
      <object_component id="oc-235">
         <name>.debug_info</name>
         <load_address>0x7283</load_address>
         <run_address>0x7283</run_address>
         <size>0x135</size>
         <input_file_ref idref="fl-46"/>
      </object_component>
      <object_component id="oc-2ec">
         <name>.debug_info</name>
         <load_address>0x73b8</load_address>
         <run_address>0x73b8</run_address>
         <size>0x135</size>
         <input_file_ref idref="fl-47"/>
      </object_component>
      <object_component id="oc-12a">
         <name>.debug_info</name>
         <load_address>0x74ed</load_address>
         <run_address>0x74ed</run_address>
         <size>0x164</size>
         <input_file_ref idref="fl-48"/>
      </object_component>
      <object_component id="oc-323">
         <name>.debug_info</name>
         <load_address>0x7651</load_address>
         <run_address>0x7651</run_address>
         <size>0x1ed</size>
         <input_file_ref idref="fl-49"/>
      </object_component>
      <object_component id="oc-30e">
         <name>.debug_info</name>
         <load_address>0x783e</load_address>
         <run_address>0x783e</run_address>
         <size>0x20a</size>
         <input_file_ref idref="fl-49"/>
      </object_component>
      <object_component id="oc-309">
         <name>.debug_info</name>
         <load_address>0x7a48</load_address>
         <run_address>0x7a48</run_address>
         <size>0x134</size>
         <input_file_ref idref="fl-4c"/>
      </object_component>
      <object_component id="oc-2b7">
         <name>.debug_info</name>
         <load_address>0x7b7c</load_address>
         <run_address>0x7b7c</run_address>
         <size>0x13a</size>
         <input_file_ref idref="fl-4c"/>
      </object_component>
      <object_component id="oc-18e">
         <name>.debug_info</name>
         <load_address>0x7cb6</load_address>
         <run_address>0x7cb6</run_address>
         <size>0x3d2</size>
         <input_file_ref idref="fl-4d"/>
      </object_component>
      <object_component id="oc-12e">
         <name>.debug_info</name>
         <load_address>0x8088</load_address>
         <run_address>0x8088</run_address>
         <size>0x1de</size>
         <input_file_ref idref="fl-4d"/>
      </object_component>
      <object_component id="oc-23e">
         <name>.debug_info</name>
         <load_address>0x8266</load_address>
         <run_address>0x8266</run_address>
         <size>0x39</size>
         <input_file_ref idref="fl-4d"/>
      </object_component>
      <object_component id="oc-243">
         <name>.debug_info</name>
         <load_address>0x829f</load_address>
         <run_address>0x829f</run_address>
         <size>0xcd</size>
         <input_file_ref idref="fl-4d"/>
      </object_component>
      <object_component id="oc-23a">
         <name>.debug_info</name>
         <load_address>0x836c</load_address>
         <run_address>0x836c</run_address>
         <size>0x26e</size>
         <input_file_ref idref="fl-4e"/>
      </object_component>
      <object_component id="oc-182">
         <name>.debug_info</name>
         <load_address>0x85da</load_address>
         <run_address>0x85da</run_address>
         <size>0x1cc</size>
         <input_file_ref idref="fl-4e"/>
      </object_component>
      <object_component id="oc-2d3">
         <name>.debug_info</name>
         <load_address>0x87a6</load_address>
         <run_address>0x87a6</run_address>
         <size>0x2c</size>
         <input_file_ref idref="fl-4e"/>
      </object_component>
      <object_component id="oc-2f0">
         <name>.debug_info</name>
         <load_address>0x87d2</load_address>
         <run_address>0x87d2</run_address>
         <size>0x209</size>
         <input_file_ref idref="fl-4f"/>
      </object_component>
      <object_component id="oc-29a">
         <name>.debug_info</name>
         <load_address>0x89db</load_address>
         <run_address>0x89db</run_address>
         <size>0x3e8</size>
         <input_file_ref idref="fl-4f"/>
      </object_component>
      <object_component id="oc-18b">
         <name>.debug_info</name>
         <load_address>0x8dc3</load_address>
         <run_address>0x8dc3</run_address>
         <size>0x161</size>
         <input_file_ref idref="fl-50"/>
      </object_component>
      <object_component id="oc-363">
         <name>.debug_info</name>
         <load_address>0x8f24</load_address>
         <run_address>0x8f24</run_address>
         <size>0xa4</size>
      </object_component>
      <object_component id="oc-233">
         <name>.debug_line</name>
         <load_address>0x0</load_address>
         <run_address>0x0</run_address>
         <size>0xe6</size>
         <input_file_ref idref="fl-2"/>
      </object_component>
      <object_component id="oc-14b">
         <name>.debug_line</name>
         <load_address>0xe6</load_address>
         <run_address>0xe6</run_address>
         <size>0xe4</size>
         <input_file_ref idref="fl-2"/>
      </object_component>
      <object_component id="oc-1ac">
         <name>.debug_line</name>
         <load_address>0x1ca</load_address>
         <run_address>0x1ca</run_address>
         <size>0x5a</size>
         <input_file_ref idref="fl-2"/>
      </object_component>
      <object_component id="oc-1c4">
         <name>.debug_line</name>
         <load_address>0x224</load_address>
         <run_address>0x224</run_address>
         <size>0x56</size>
         <input_file_ref idref="fl-2"/>
      </object_component>
      <object_component id="oc-1be">
         <name>.debug_line</name>
         <load_address>0x27a</load_address>
         <run_address>0x27a</run_address>
         <size>0x49</size>
         <input_file_ref idref="fl-2"/>
      </object_component>
      <object_component id="oc-1b8">
         <name>.debug_line</name>
         <load_address>0x2c3</load_address>
         <run_address>0x2c3</run_address>
         <size>0x58</size>
         <input_file_ref idref="fl-2"/>
      </object_component>
      <object_component id="oc-1b2">
         <name>.debug_line</name>
         <load_address>0x31b</load_address>
         <run_address>0x31b</run_address>
         <size>0x4b</size>
         <input_file_ref idref="fl-2"/>
      </object_component>
      <object_component id="oc-213">
         <name>.debug_line</name>
         <load_address>0x366</load_address>
         <run_address>0x366</run_address>
         <size>0x58</size>
         <input_file_ref idref="fl-2"/>
      </object_component>
      <object_component id="oc-1d1">
         <name>.debug_line</name>
         <load_address>0x3be</load_address>
         <run_address>0x3be</run_address>
         <size>0xcb</size>
         <input_file_ref idref="fl-2"/>
      </object_component>
      <object_component id="oc-1ee">
         <name>.debug_line</name>
         <load_address>0x489</load_address>
         <run_address>0x489</run_address>
         <size>0xa1</size>
         <input_file_ref idref="fl-2"/>
      </object_component>
      <object_component id="oc-1f8">
         <name>.debug_line</name>
         <load_address>0x52a</load_address>
         <run_address>0x52a</run_address>
         <size>0xa7</size>
         <input_file_ref idref="fl-2"/>
      </object_component>
      <object_component id="oc-271">
         <name>.debug_line</name>
         <load_address>0x5d1</load_address>
         <run_address>0x5d1</run_address>
         <size>0x49</size>
         <input_file_ref idref="fl-2"/>
      </object_component>
      <object_component id="oc-1ca">
         <name>.debug_line</name>
         <load_address>0x61a</load_address>
         <run_address>0x61a</run_address>
         <size>0x4a</size>
         <input_file_ref idref="fl-2"/>
      </object_component>
      <object_component id="oc-284">
         <name>.debug_line</name>
         <load_address>0x664</load_address>
         <run_address>0x664</run_address>
         <size>0x46</size>
         <input_file_ref idref="fl-2"/>
      </object_component>
      <object_component id="oc-268">
         <name>.debug_line</name>
         <load_address>0x6aa</load_address>
         <run_address>0x6aa</run_address>
         <size>0x43</size>
         <input_file_ref idref="fl-2"/>
      </object_component>
      <object_component id="oc-1e4">
         <name>.debug_line</name>
         <load_address>0x6ed</load_address>
         <run_address>0x6ed</run_address>
         <size>0x43</size>
         <input_file_ref idref="fl-2"/>
      </object_component>
      <object_component id="oc-28d">
         <name>.debug_line</name>
         <load_address>0x730</load_address>
         <run_address>0x730</run_address>
         <size>0x5e</size>
         <input_file_ref idref="fl-2"/>
      </object_component>
      <object_component id="oc-118">
         <name>.debug_line</name>
         <load_address>0x78e</load_address>
         <run_address>0x78e</run_address>
         <size>0x44</size>
         <input_file_ref idref="fl-2"/>
      </object_component>
      <object_component id="oc-11e">
         <name>.debug_line</name>
         <load_address>0x7d2</load_address>
         <run_address>0x7d2</run_address>
         <size>0x46</size>
         <input_file_ref idref="fl-2"/>
      </object_component>
      <object_component id="oc-160">
         <name>.debug_line</name>
         <load_address>0x818</load_address>
         <run_address>0x818</run_address>
         <size>0x20</size>
         <input_file_ref idref="fl-2"/>
      </object_component>
      <object_component id="oc-316">
         <name>.debug_line</name>
         <load_address>0x838</load_address>
         <run_address>0x838</run_address>
         <size>0x2d</size>
         <input_file_ref idref="fl-1d"/>
      </object_component>
      <object_component id="oc-22c">
         <name>.debug_line</name>
         <load_address>0x865</load_address>
         <run_address>0x865</run_address>
         <size>0xcb</size>
         <input_file_ref idref="fl-1d"/>
      </object_component>
      <object_component id="oc-2a4">
         <name>.debug_line</name>
         <load_address>0x930</load_address>
         <run_address>0x930</run_address>
         <size>0x2e</size>
         <input_file_ref idref="fl-1d"/>
      </object_component>
      <object_component id="oc-27f">
         <name>.debug_line</name>
         <load_address>0x95e</load_address>
         <run_address>0x95e</run_address>
         <size>0x4e</size>
         <input_file_ref idref="fl-1e"/>
      </object_component>
      <object_component id="oc-15c">
         <name>.debug_line</name>
         <load_address>0x9ac</load_address>
         <run_address>0x9ac</run_address>
         <size>0x2a</size>
         <input_file_ref idref="fl-1f"/>
      </object_component>
      <object_component id="oc-6f">
         <name>.debug_line</name>
         <load_address>0x9d6</load_address>
         <run_address>0x9d6</run_address>
         <size>0x4c</size>
         <input_file_ref idref="fl-20"/>
      </object_component>
      <object_component id="oc-17f">
         <name>.debug_line</name>
         <load_address>0xa22</load_address>
         <run_address>0xa22</run_address>
         <size>0x20</size>
         <input_file_ref idref="fl-23"/>
      </object_component>
      <object_component id="oc-4f">
         <name>.debug_line</name>
         <load_address>0xa42</load_address>
         <run_address>0xa42</run_address>
         <size>0x4d</size>
         <input_file_ref idref="fl-23"/>
      </object_component>
      <object_component id="oc-124">
         <name>.debug_line</name>
         <load_address>0xa8f</load_address>
         <run_address>0xa8f</run_address>
         <size>0x34</size>
         <input_file_ref idref="fl-23"/>
      </object_component>
      <object_component id="oc-167">
         <name>.debug_line</name>
         <load_address>0xac3</load_address>
         <run_address>0xac3</run_address>
         <size>0xa5</size>
         <input_file_ref idref="fl-23"/>
      </object_component>
      <object_component id="oc-2f6">
         <name>.debug_line</name>
         <load_address>0xb68</load_address>
         <run_address>0xb68</run_address>
         <size>0x20</size>
         <input_file_ref idref="fl-24"/>
      </object_component>
      <object_component id="oc-20a">
         <name>.debug_line</name>
         <load_address>0xb88</load_address>
         <run_address>0xb88</run_address>
         <size>0x6c</size>
         <input_file_ref idref="fl-24"/>
      </object_component>
      <object_component id="oc-2be">
         <name>.debug_line</name>
         <load_address>0xbf4</load_address>
         <run_address>0xbf4</run_address>
         <size>0x2e</size>
         <input_file_ref idref="fl-24"/>
      </object_component>
      <object_component id="oc-2f9">
         <name>.debug_line</name>
         <load_address>0xc22</load_address>
         <run_address>0xc22</run_address>
         <size>0x20</size>
         <input_file_ref idref="fl-25"/>
      </object_component>
      <object_component id="oc-21c">
         <name>.debug_line</name>
         <load_address>0xc42</load_address>
         <run_address>0xc42</run_address>
         <size>0x57</size>
         <input_file_ref idref="fl-25"/>
      </object_component>
      <object_component id="oc-2fd">
         <name>.debug_line</name>
         <load_address>0xc99</load_address>
         <run_address>0xc99</run_address>
         <size>0x2d</size>
         <input_file_ref idref="fl-26"/>
      </object_component>
      <object_component id="oc-225">
         <name>.debug_line</name>
         <load_address>0xcc6</load_address>
         <run_address>0xcc6</run_address>
         <size>0xe9</size>
         <input_file_ref idref="fl-26"/>
      </object_component>
      <object_component id="oc-171">
         <name>.debug_line</name>
         <load_address>0xdaf</load_address>
         <run_address>0xdaf</run_address>
         <size>0x40</size>
         <input_file_ref idref="fl-27"/>
      </object_component>
      <object_component id="oc-151">
         <name>.debug_line</name>
         <load_address>0xdef</load_address>
         <run_address>0xdef</run_address>
         <size>0x3d</size>
         <input_file_ref idref="fl-28"/>
      </object_component>
      <object_component id="oc-1fb">
         <name>.debug_line</name>
         <load_address>0xe2c</load_address>
         <run_address>0xe2c</run_address>
         <size>0x3d</size>
         <input_file_ref idref="fl-2a"/>
      </object_component>
      <object_component id="oc-319">
         <name>.debug_line</name>
         <load_address>0xe69</load_address>
         <run_address>0xe69</run_address>
         <size>0x20</size>
         <input_file_ref idref="fl-2b"/>
      </object_component>
      <object_component id="oc-296">
         <name>.debug_line</name>
         <load_address>0xe89</load_address>
         <run_address>0xe89</run_address>
         <size>0x81</size>
         <input_file_ref idref="fl-2b"/>
      </object_component>
      <object_component id="oc-325">
         <name>.debug_line</name>
         <load_address>0xf0a</load_address>
         <run_address>0xf0a</run_address>
         <size>0x2d</size>
         <input_file_ref idref="fl-2c"/>
      </object_component>
      <object_component id="oc-2cd">
         <name>.debug_line</name>
         <load_address>0xf37</load_address>
         <run_address>0xf37</run_address>
         <size>0xfd</size>
         <input_file_ref idref="fl-2c"/>
      </object_component>
      <object_component id="oc-31e">
         <name>.debug_line</name>
         <load_address>0x1034</load_address>
         <run_address>0x1034</run_address>
         <size>0x20</size>
         <input_file_ref idref="fl-2d"/>
      </object_component>
      <object_component id="oc-2c5">
         <name>.debug_line</name>
         <load_address>0x1054</load_address>
         <run_address>0x1054</run_address>
         <size>0xdc</size>
         <input_file_ref idref="fl-2d"/>
      </object_component>
      <object_component id="oc-216">
         <name>.debug_line</name>
         <load_address>0x1130</load_address>
         <run_address>0x1130</run_address>
         <size>0xbb</size>
         <input_file_ref idref="fl-2e"/>
      </object_component>
      <object_component id="oc-1d4">
         <name>.debug_line</name>
         <load_address>0x11eb</load_address>
         <run_address>0x11eb</run_address>
         <size>0x55</size>
         <input_file_ref idref="fl-2f"/>
      </object_component>
      <object_component id="oc-1dc">
         <name>.debug_line</name>
         <load_address>0x1240</load_address>
         <run_address>0x1240</run_address>
         <size>0x94</size>
         <input_file_ref idref="fl-30"/>
      </object_component>
      <object_component id="oc-113">
         <name>.debug_line</name>
         <load_address>0x12d4</load_address>
         <run_address>0x12d4</run_address>
         <size>0x3d</size>
         <input_file_ref idref="fl-3d"/>
      </object_component>
      <object_component id="oc-278">
         <name>.debug_line</name>
         <load_address>0x1311</load_address>
         <run_address>0x1311</run_address>
         <size>0x4e</size>
         <input_file_ref idref="fl-3e"/>
      </object_component>
      <object_component id="oc-2ff">
         <name>.debug_line</name>
         <load_address>0x135f</load_address>
         <run_address>0x135f</run_address>
         <size>0x3e</size>
         <input_file_ref idref="fl-3f"/>
      </object_component>
      <object_component id="oc-2a7">
         <name>.debug_line</name>
         <load_address>0x139d</load_address>
         <run_address>0x139d</run_address>
         <size>0x56</size>
         <input_file_ref idref="fl-3f"/>
      </object_component>
      <object_component id="oc-2ad">
         <name>.debug_line</name>
         <load_address>0x13f3</load_address>
         <run_address>0x13f3</run_address>
         <size>0x5e</size>
         <input_file_ref idref="fl-40"/>
      </object_component>
      <object_component id="oc-304">
         <name>.debug_line</name>
         <load_address>0x1451</load_address>
         <run_address>0x1451</run_address>
         <size>0x42</size>
         <input_file_ref idref="fl-41"/>
      </object_component>
      <object_component id="oc-2e7">
         <name>.debug_line</name>
         <load_address>0x1493</load_address>
         <run_address>0x1493</run_address>
         <size>0x65</size>
         <input_file_ref idref="fl-41"/>
      </object_component>
      <object_component id="oc-230">
         <name>.debug_line</name>
         <load_address>0x14f8</load_address>
         <run_address>0x14f8</run_address>
         <size>0x20</size>
         <input_file_ref idref="fl-43"/>
      </object_component>
      <object_component id="oc-f6">
         <name>.debug_line</name>
         <load_address>0x1518</load_address>
         <run_address>0x1518</run_address>
         <size>0x45</size>
         <input_file_ref idref="fl-43"/>
      </object_component>
      <object_component id="oc-2f2">
         <name>.debug_line</name>
         <load_address>0x155d</load_address>
         <run_address>0x155d</run_address>
         <size>0x2d</size>
         <input_file_ref idref="fl-45"/>
      </object_component>
      <object_component id="oc-204">
         <name>.debug_line</name>
         <load_address>0x158a</load_address>
         <run_address>0x158a</run_address>
         <size>0x103</size>
         <input_file_ref idref="fl-45"/>
      </object_component>
      <object_component id="oc-238">
         <name>.debug_line</name>
         <load_address>0x168d</load_address>
         <run_address>0x168d</run_address>
         <size>0x42</size>
         <input_file_ref idref="fl-46"/>
      </object_component>
      <object_component id="oc-2eb">
         <name>.debug_line</name>
         <load_address>0x16cf</load_address>
         <run_address>0x16cf</run_address>
         <size>0x4b</size>
         <input_file_ref idref="fl-47"/>
      </object_component>
      <object_component id="oc-128">
         <name>.debug_line</name>
         <load_address>0x171a</load_address>
         <run_address>0x171a</run_address>
         <size>0x3e</size>
         <input_file_ref idref="fl-48"/>
      </object_component>
      <object_component id="oc-327">
         <name>.debug_line</name>
         <load_address>0x1758</load_address>
         <run_address>0x1758</run_address>
         <size>0x20</size>
         <input_file_ref idref="fl-49"/>
      </object_component>
      <object_component id="oc-311">
         <name>.debug_line</name>
         <load_address>0x1778</load_address>
         <run_address>0x1778</run_address>
         <size>0x82</size>
         <input_file_ref idref="fl-49"/>
      </object_component>
      <object_component id="oc-30c">
         <name>.debug_line</name>
         <load_address>0x17fa</load_address>
         <run_address>0x17fa</run_address>
         <size>0x3e</size>
         <input_file_ref idref="fl-4c"/>
      </object_component>
      <object_component id="oc-2b5">
         <name>.debug_line</name>
         <load_address>0x1838</load_address>
         <run_address>0x1838</run_address>
         <size>0x56</size>
         <input_file_ref idref="fl-4c"/>
      </object_component>
      <object_component id="oc-23d">
         <name>.debug_line</name>
         <load_address>0x188e</load_address>
         <run_address>0x188e</run_address>
         <size>0xc4</size>
         <input_file_ref idref="fl-4d"/>
      </object_component>
      <object_component id="oc-131">
         <name>.debug_line</name>
         <load_address>0x1952</load_address>
         <run_address>0x1952</run_address>
         <size>0x91</size>
         <input_file_ref idref="fl-4d"/>
      </object_component>
      <object_component id="oc-241">
         <name>.debug_line</name>
         <load_address>0x19e3</load_address>
         <run_address>0x19e3</run_address>
         <size>0x2e</size>
         <input_file_ref idref="fl-4d"/>
      </object_component>
      <object_component id="oc-246">
         <name>.debug_line</name>
         <load_address>0x1a11</load_address>
         <run_address>0x1a11</run_address>
         <size>0xa6</size>
         <input_file_ref idref="fl-4d"/>
      </object_component>
      <object_component id="oc-2d2">
         <name>.debug_line</name>
         <load_address>0x1ab7</load_address>
         <run_address>0x1ab7</run_address>
         <size>0xb3</size>
         <input_file_ref idref="fl-4e"/>
      </object_component>
      <object_component id="oc-186">
         <name>.debug_line</name>
         <load_address>0x1b6a</load_address>
         <run_address>0x1b6a</run_address>
         <size>0x5f</size>
         <input_file_ref idref="fl-4e"/>
      </object_component>
      <object_component id="oc-2d6">
         <name>.debug_line</name>
         <load_address>0x1bc9</load_address>
         <run_address>0x1bc9</run_address>
         <size>0x2e</size>
         <input_file_ref idref="fl-4e"/>
      </object_component>
      <object_component id="oc-31c">
         <name>.debug_line</name>
         <load_address>0x1bf7</load_address>
         <run_address>0x1bf7</run_address>
         <size>0x20</size>
         <input_file_ref idref="fl-4f"/>
      </object_component>
      <object_component id="oc-29e">
         <name>.debug_line</name>
         <load_address>0x1c17</load_address>
         <run_address>0x1c17</run_address>
         <size>0xa8</size>
         <input_file_ref idref="fl-4f"/>
      </object_component>
      <object_component id="oc-189">
         <name>.debug_line</name>
         <load_address>0x1cbf</load_address>
         <run_address>0x1cbf</run_address>
         <size>0x3a</size>
         <input_file_ref idref="fl-50"/>
      </object_component>
      <object_component id="oc-14c">
         <name>.debug_frame</name>
         <load_address>0x0</load_address>
         <run_address>0x0</run_address>
         <size>0x58</size>
         <input_file_ref idref="fl-2"/>
      </object_component>
      <object_component id="oc-1ad">
         <name>.debug_frame</name>
         <load_address>0x58</load_address>
         <run_address>0x58</run_address>
         <size>0x47</size>
         <input_file_ref idref="fl-2"/>
      </object_component>
      <object_component id="oc-1c5">
         <name>.debug_frame</name>
         <load_address>0x9f</load_address>
         <run_address>0x9f</run_address>
         <size>0x48</size>
         <input_file_ref idref="fl-2"/>
      </object_component>
      <object_component id="oc-1bf">
         <name>.debug_frame</name>
         <load_address>0xe7</load_address>
         <run_address>0xe7</run_address>
         <size>0x47</size>
         <input_file_ref idref="fl-2"/>
      </object_component>
      <object_component id="oc-1b9">
         <name>.debug_frame</name>
         <load_address>0x12e</load_address>
         <run_address>0x12e</run_address>
         <size>0x48</size>
         <input_file_ref idref="fl-2"/>
      </object_component>
      <object_component id="oc-1b3">
         <name>.debug_frame</name>
         <load_address>0x176</load_address>
         <run_address>0x176</run_address>
         <size>0x48</size>
         <input_file_ref idref="fl-2"/>
      </object_component>
      <object_component id="oc-214">
         <name>.debug_frame</name>
         <load_address>0x1be</load_address>
         <run_address>0x1be</run_address>
         <size>0x4d</size>
         <input_file_ref idref="fl-2"/>
      </object_component>
      <object_component id="oc-1d2">
         <name>.debug_frame</name>
         <load_address>0x20b</load_address>
         <run_address>0x20b</run_address>
         <size>0x58</size>
         <input_file_ref idref="fl-2"/>
      </object_component>
      <object_component id="oc-1ef">
         <name>.debug_frame</name>
         <load_address>0x263</load_address>
         <run_address>0x263</run_address>
         <size>0x57</size>
         <input_file_ref idref="fl-2"/>
      </object_component>
      <object_component id="oc-1f9">
         <name>.debug_frame</name>
         <load_address>0x2ba</load_address>
         <run_address>0x2ba</run_address>
         <size>0x57</size>
         <input_file_ref idref="fl-2"/>
      </object_component>
      <object_component id="oc-272">
         <name>.debug_frame</name>
         <load_address>0x311</load_address>
         <run_address>0x311</run_address>
[...]
         <object_component_ref idref="oc-170"/>
      </symbol>
      <symbol id="sm-237">
         <name>__mspabi_func_epilog_6</name>
         <value>0xe966</value>
         <object_component_ref idref="oc-170"/>
      </symbol>
      <symbol id="sm-238">
         <name>__mspabi_func_epilog_7</name>
         <value>0xe964</value>
         <object_component_ref idref="oc-170"/>
      </symbol>
      <symbol id="sm-239">
         <name>__mspabi_func_epilog_4</name>
         <value>0xe96a</value>
         <object_component_ref idref="oc-170"/>
      </symbol>
      <symbol id="sm-23a">
         <name>__mspabi_func_epilog_5</name>
         <value>0xe968</value>
         <object_component_ref idref="oc-170"/>
      </symbol>
      <symbol id="sm-244">
         <name>C$$EXIT</name>
         <value>0xe9a6</value>
         <object_component_ref idref="oc-14f"/>
      </symbol>
      <symbol id="sm-245">
         <name>abort</name>
         <value>0xe9a6</value>
         <object_component_ref idref="oc-14f"/>
      </symbol>
      <symbol id="sm-24f">
         <name>__mspabi_fltid</name>
         <value>0xe982</value>
         <object_component_ref idref="oc-1fa"/>
      </symbol>
      <symbol id="sm-266">
         <name>__mspabi_fltlid</name>
         <value>0xe180</value>
         <object_component_ref idref="oc-292"/>
      </symbol>
      <symbol id="sm-287">
         <name>__TI_frcaddd</name>
         <value>0xd43a</value>
         <object_component_ref idref="oc-2c8"/>
      </symbol>
      <symbol id="sm-2a2">
         <name>__TI_frcdivd</name>
         <value>0xc4c4</value>
         <object_component_ref idref="oc-2c0"/>
      </symbol>
      <symbol id="sm-2bd">
         <name>__mspabi_subf</name>
         <value>0xdc9a</value>
         <object_component_ref idref="oc-215"/>
      </symbol>
      <symbol id="sm-2be">
         <name>__mspabi_addf</name>
         <value>0xdca0</value>
         <object_component_ref idref="oc-215"/>
      </symbol>
      <symbol id="sm-2cb">
         <name>__mspabi_fltif</name>
         <value>0xe7f0</value>
         <object_component_ref idref="oc-1d3"/>
      </symbol>
      <symbol id="sm-2e2">
         <name>__mspabi_mpyf</name>
         <value>0xdffe</value>
         <object_component_ref idref="oc-1d8"/>
      </symbol>
      <symbol id="sm-2e6">
         <name>__TI_int00</name>
         <value>0xffe0</value>
         <object_component_ref idref="oc-40"/>
      </symbol>
      <symbol id="sm-2e9">
         <name>__TI_int03</name>
         <value>0xffe6</value>
         <object_component_ref idref="oc-42"/>
      </symbol>
      <symbol id="sm-2ec">
         <name>__TI_int05</name>
         <value>0xffea</value>
         <object_component_ref idref="oc-43"/>
      </symbol>
      <symbol id="sm-2ef">
         <name>__TI_int06</name>
         <value>0xffec</value>
         <object_component_ref idref="oc-44"/>
      </symbol>
      <symbol id="sm-2f2">
         <name>__TI_int08</name>
         <value>0xfff0</value>
         <object_component_ref idref="oc-46"/>
      </symbol>
      <symbol id="sm-2f5">
         <name>__TI_int09</name>
         <value>0xfff2</value>
         <object_component_ref idref="oc-47"/>
      </symbol>
      <symbol id="sm-2f8">
         <name>__TI_int10</name>
         <value>0xfff4</value>
         <object_component_ref idref="oc-48"/>
      </symbol>
      <symbol id="sm-2fb">
         <name>__TI_int11</name>
         <value>0xfff6</value>
         <object_component_ref idref="oc-49"/>
      </symbol>
      <symbol id="sm-2fe">
         <name>__TI_int12</name>
         <value>0xfff8</value>
         <object_component_ref idref="oc-4a"/>
      </symbol>
      <symbol id="sm-301">
         <name>__TI_int13</name>
         <value>0xfffa</value>
         <object_component_ref idref="oc-4b"/>
      </symbol>
      <symbol id="sm-304">
         <name>__TI_int14</name>
         <value>0xfffc</value>
         <object_component_ref idref="oc-4c"/>
      </symbol>
      <symbol id="sm-30c">
         <name>__TI_ISR_TRAP</name>
         <value>0xe998</value>
         <object_component_ref idref="oc-10f"/>
      </symbol>
      <symbol id="sm-314">
         <name>__mspabi_slli</name>
         <value>0xe852</value>
         <object_component_ref idref="oc-276"/>
      </symbol>
      <symbol id="sm-315">
         <name>__mspabi_slli_9</name>
         <value>0xe86a</value>
         <object_component_ref idref="oc-276"/>
      </symbol>
      <symbol id="sm-316">
         <name>__mspabi_slli_8</name>
         <value>0xe86c</value>
         <object_component_ref idref="oc-276"/>
      </symbol>
      <symbol id="sm-317">
         <name>__mspabi_slli_7</name>
         <value>0xe86e</value>
         <object_component_ref idref="oc-276"/>
      </symbol>
      <symbol id="sm-318">
         <name>__mspabi_slli_6</name>
         <value>0xe870</value>
         <object_component_ref idref="oc-276"/>
      </symbol>
      <symbol id="sm-319">
         <name>__mspabi_slli_5</name>
         <value>0xe872</value>
         <object_component_ref idref="oc-276"/>
      </symbol>
      <symbol id="sm-31a">
         <name>__mspabi_slli_4</name>
         <value>0xe874</value>
         <object_component_ref idref="oc-276"/>
      </symbol>
      <symbol id="sm-31b">
         <name>__mspabi_slli_3</name>
         <value>0xe876</value>
         <object_component_ref idref="oc-276"/>
      </symbol>
      <symbol id="sm-31c">
         <name>__mspabi_slli_2</name>
         <value>0xe878</value>
         <object_component_ref idref="oc-276"/>
      </symbol>
      <symbol id="sm-31d">
         <name>__mspabi_slli_1</name>
         <value>0xe87a</value>
         <object_component_ref idref="oc-276"/>
      </symbol>
      <symbol id="sm-31e">
         <name>__mspabi_slli_15</name>
         <value>0xe85e</value>
         <object_component_ref idref="oc-276"/>
      </symbol>
      <symbol id="sm-31f">
         <name>__mspabi_slli_14</name>
         <value>0xe860</value>
         <object_component_ref idref="oc-276"/>
      </symbol>
      <symbol id="sm-320">
         <name>__mspabi_slli_13</name>
         <value>0xe862</value>
         <object_component_ref idref="oc-276"/>
      </symbol>
      <symbol id="sm-321">
         <name>__mspabi_slli_12</name>
         <value>0xe864</value>
         <object_component_ref idref="oc-276"/>
      </symbol>
      <symbol id="sm-322">
         <name>__mspabi_slli_11</name>
         <value>0xe866</value>
         <object_component_ref idref="oc-276"/>
      </symbol>
      <symbol id="sm-323">
         <name>__mspabi_slli_10</name>
         <value>0xe868</value>
         <object_component_ref idref="oc-276"/>
      </symbol>
      <symbol id="sm-333">
         <name>__mspabi_slll_9</name>
         <value>0xe7ca</value>
         <object_component_ref idref="oc-2a6"/>
      </symbol>
      <symbol id="sm-334">
         <name>__mspabi_slll_8</name>
         <value>0xe7ce</value>
         <object_component_ref idref="oc-2a6"/>
      </symbol>
      <symbol id="sm-335">
         <name>__mspabi_slll_7</name>
         <value>0xe7d2</value>
         <object_component_ref idref="oc-2a6"/>
      </symbol>
      <symbol id="sm-336">
         <name>__mspabi_slll_6</name>
         <value>0xe7d6</value>
         <object_component_ref idref="oc-2a6"/>
      </symbol>
      <symbol id="sm-337">
         <name>__mspabi_slll_5</name>
         <value>0xe7da</value>
         <object_component_ref idref="oc-2a6"/>
      </symbol>
      <symbol id="sm-338">
         <name>__mspabi_slll_4</name>
         <value>0xe7de</value>
         <object_component_ref idref="oc-2a6"/>
      </symbol>
      <symbol id="sm-339">
         <name>__mspabi_slll_3</name>
         <value>0xe7e2</value>
         <object_component_ref idref="oc-2a6"/>
      </symbol>
      <symbol id="sm-33a">
         <name>__mspabi_slll_2</name>
         <value>0xe7e6</value>
         <object_component_ref idref="oc-2a6"/>
      </symbol>
      <symbol id="sm-33b">
         <name>__mspabi_slll_1</name>
         <value>0xe7ea</value>
         <object_component_ref idref="oc-2a6"/>
      </symbol>
      <symbol id="sm-33c">
         <name>__mspabi_slll</name>
         <value>0xe954</value>
         <object_component_ref idref="oc-2fe"/>
      </symbol>
      <symbol id="sm-33d">
         <name>__mspabi_slll_15</name>
         <value>0xe7b2</value>
         <object_component_ref idref="oc-2a6"/>
      </symbol>
      <symbol id="sm-33e">
         <name>__mspabi_slll_14</name>
         <value>0xe7b6</value>
         <object_component_ref idref="oc-2a6"/>
      </symbol>
      <symbol id="sm-33f">
         <name>__mspabi_slll_13</name>
         <value>0xe7ba</value>
         <object_component_ref idref="oc-2a6"/>
      </symbol>
      <symbol id="sm-340">
         <name>__mspabi_slll_12</name>
         <value>0xe7be</value>
         <object_component_ref idref="oc-2a6"/>
      </symbol>
      <symbol id="sm-341">
         <name>__mspabi_slll_11</name>
         <value>0xe7c2</value>
         <object_component_ref idref="oc-2a6"/>
      </symbol>
      <symbol id="sm-342">
         <name>__mspabi_slll_10</name>
         <value>0xe7c6</value>
         <object_component_ref idref="oc-2a6"/>
      </symbol>
      <symbol id="sm-34a">
         <name>__mspabi_srli_8</name>
         <value>0xe70a</value>
         <object_component_ref idref="oc-2ab"/>
      </symbol>
      <symbol id="sm-34b">
         <name>__mspabi_srli_9</name>
         <value>0xe706</value>
         <object_component_ref idref="oc-2ab"/>
      </symbol>
      <symbol id="sm-34c">
         <name>__mspabi_srli_6</name>
         <value>0xe712</value>
         <object_component_ref idref="oc-2ab"/>
      </symbol>
      <symbol id="sm-34d">
         <name>__mspabi_srli_7</name>
         <value>0xe70e</value>
         <object_component_ref idref="oc-2ab"/>
      </symbol>
      <symbol id="sm-34e">
         <name>__mspabi_srli_4</name>
         <value>0xe71a</value>
         <object_component_ref idref="oc-2ab"/>
      </symbol>
      <symbol id="sm-34f">
         <name>__mspabi_srli_5</name>
         <value>0xe716</value>
         <object_component_ref idref="oc-2ab"/>
      </symbol>
      <symbol id="sm-350">
         <name>__mspabi_srli_2</name>
         <value>0xe722</value>
         <object_component_ref idref="oc-2ab"/>
      </symbol>
      <symbol id="sm-351">
         <name>__mspabi_srli_3</name>
         <value>0xe71e</value>
         <object_component_ref idref="oc-2ab"/>
      </symbol>
      <symbol id="sm-352">
         <name>__mspabi_srli_1</name>
         <value>0xe726</value>
         <object_component_ref idref="oc-2ab"/>
      </symbol>
      <symbol id="sm-353">
         <name>__mspabi_srli</name>
         <value>0xe6e0</value>
         <object_component_ref idref="oc-2ab"/>
      </symbol>
      <symbol id="sm-354">
         <name>__mspabi_srli_15</name>
         <value>0xe6ee</value>
         <object_component_ref idref="oc-2ab"/>
      </symbol>
      <symbol id="sm-355">
         <name>__mspabi_srli_14</name>
         <value>0xe6f2</value>
         <object_component_ref idref="oc-2ab"/>
      </symbol>
      <symbol id="sm-356">
         <name>__mspabi_srli_13</name>
         <value>0xe6f6</value>
         <object_component_ref idref="oc-2ab"/>
      </symbol>
      <symbol id="sm-357">
         <name>__mspabi_srli_12</name>
         <value>0xe6fa</value>
         <object_component_ref idref="oc-2ab"/>
      </symbol>
      <symbol id="sm-358">
         <name>__mspabi_srli_11</name>
         <value>0xe6fe</value>
         <object_component_ref idref="oc-2ab"/>
      </symbol>
      <symbol id="sm-359">
         <name>__mspabi_srli_10</name>
         <value>0xe702</value>
         <object_component_ref idref="oc-2ab"/>
      </symbol>
      <symbol id="sm-369">
         <name>__mspabi_srll_8</name>
         <value>0xe606</value>
         <object_component_ref idref="oc-2e3"/>
      </symbol>
      <symbol id="sm-36a">
         <name>__mspabi_srll_9</name>
         <value>0xe600</value>
         <object_component_ref idref="oc-2e3"/>
      </symbol>
      <symbol id="sm-36b">
         <name>__mspabi_srll_6</name>
         <value>0xe612</value>
         <object_component_ref idref="oc-2e3"/>
      </symbol>
      <symbol id="sm-36c">
         <name>__mspabi_srll_7</name>
         <value>0xe60c</value>
         <object_component_ref idref="oc-2e3"/>
      </symbol>
      <symbol id="sm-36d">
         <name>__mspabi_srll_4</name>
         <value>0xe61e</value>
         <object_component_ref idref="oc-2e3"/>
      </symbol>
      <symbol id="sm-36e">
         <name>__mspabi_srll_5</name>
         <value>0xe618</value>
         <object_component_ref idref="oc-2e3"/>
      </symbol>
      <symbol id="sm-36f">
         <name>__mspabi_srll_2</name>
         <value>0xe62a</value>
         <object_component_ref idref="oc-2e3"/>
      </symbol>
      <symbol id="sm-370">
         <name>__mspabi_srll_3</name>
         <value>0xe624</value>
         <object_component_ref idref="oc-2e3"/>
      </symbol>
      <symbol id="sm-371">
         <name>__mspabi_srll_1</name>
         <value>0xe630</value>
         <object_component_ref idref="oc-2e3"/>
      </symbol>
      <symbol id="sm-372">
         <name>__mspabi_srll_15</name>
         <value>0xe5dc</value>
         <object_component_ref idref="oc-2e3"/>
      </symbol>
      <symbol id="sm-373">
         <name>__mspabi_srll_14</name>
         <value>0xe5e2</value>
         <object_component_ref idref="oc-2e3"/>
      </symbol>
      <symbol id="sm-374">
         <name>__mspabi_srll_13</name>
         <value>0xe5e8</value>
         <object_component_ref idref="oc-2e3"/>
      </symbol>
      <symbol id="sm-375">
         <name>__mspabi_srll_12</name>
         <value>0xe5ee</value>
         <object_component_ref idref="oc-2e3"/>
      </symbol>
      <symbol id="sm-376">
         <name>__mspabi_srll_11</name>
         <value>0xe5f4</value>
         <object_component_ref idref="oc-2e3"/>
      </symbol>
      <symbol id="sm-377">
         <name>__mspabi_srll_10</name>
         <value>0xe5fa</value>
         <object_component_ref idref="oc-2e3"/>
      </symbol>
      <symbol id="sm-378">
         <name>__mspabi_srll</name>
         <value>0xe920</value>
         <object_component_ref idref="oc-303"/>
      </symbol>
      <symbol id="sm-387">
         <name>memcpy</name>
         <value>0xe932</value>
         <object_component_ref idref="oc-f5"/>
      </symbol>
      <symbol id="sm-3aa">
         <name>__mspabi_mpyd</name>
         <value>0xd1cc</value>
         <object_component_ref idref="oc-200"/>
      </symbol>
      <symbol id="sm-3b4">
         <name>__mspabi_mpyi_sw</name>
         <value>0xe8fa</value>
         <object_component_ref idref="oc-234"/>
      </symbol>
      <symbol id="sm-3b5">
         <name>__mspabi_mpyi</name>
         <value>0xe8fa</value>
         <object_component_ref idref="oc-234"/>
      </symbol>
      <symbol id="sm-3bf">
         <name>__mspabi_mpyl_sw</name>
         <value>0xe8a6</value>
         <object_component_ref idref="oc-2ea"/>
      </symbol>
      <symbol id="sm-3c0">
         <name>__mspabi_mpyl</name>
         <value>0xe8a6</value>
         <object_component_ref idref="oc-2ea"/>
      </symbol>
      <symbol id="sm-3c9">
         <name>_system_pre_init</name>
         <value>0xe9ac</value>
         <object_component_ref idref="oc-127"/>
      </symbol>
      <symbol id="sm-3dc">
         <name>__TI_renormd</name>
         <value>0xe0c2</value>
         <object_component_ref idref="oc-30d"/>
      </symbol>
      <symbol id="sm-3ee">
         <name>__mspabi_sral</name>
         <value>0xe944</value>
         <object_component_ref idref="oc-308"/>
      </symbol>
      <symbol id="sm-3ef">
         <name>__mspabi_sral_15</name>
         <value>0xe774</value>
         <object_component_ref idref="oc-2b4"/>
      </symbol>
      <symbol id="sm-3f0">
         <name>__mspabi_sral_14</name>
         <value>0xe778</value>
         <object_component_ref idref="oc-2b4"/>
      </symbol>
      <symbol id="sm-3f1">
         <name>__mspabi_sral_13</name>
         <value>0xe77c</value>
         <object_component_ref idref="oc-2b4"/>
      </symbol>
      <symbol id="sm-3f2">
         <name>__mspabi_sral_12</name>
         <value>0xe780</value>
         <object_component_ref idref="oc-2b4"/>
      </symbol>
      <symbol id="sm-3f3">
         <name>__mspabi_sral_11</name>
         <value>0xe784</value>
         <object_component_ref idref="oc-2b4"/>
      </symbol>
      <symbol id="sm-3f4">
         <name>__mspabi_sral_10</name>
         <value>0xe788</value>
         <object_component_ref idref="oc-2b4"/>
      </symbol>
      <symbol id="sm-3f5">
         <name>__mspabi_sral_8</name>
         <value>0xe790</value>
         <object_component_ref idref="oc-2b4"/>
      </symbol>
      <symbol id="sm-3f6">
         <name>__mspabi_sral_9</name>
         <value>0xe78c</value>
         <object_component_ref idref="oc-2b4"/>
      </symbol>
      <symbol id="sm-3f7">
         <name>__mspabi_sral_6</name>
         <value>0xe798</value>
         <object_component_ref idref="oc-2b4"/>
      </symbol>
      <symbol id="sm-3f8">
         <name>__mspabi_sral_7</name>
         <value>0xe794</value>
         <object_component_ref idref="oc-2b4"/>
      </symbol>
      <symbol id="sm-3f9">
         <name>__mspabi_sral_4</name>
         <value>0xe7a0</value>
         <object_component_ref idref="oc-2b4"/>
      </symbol>
      <symbol id="sm-3fa">
         <name>__mspabi_sral_5</name>
         <value>0xe79c</value>
         <object_component_ref idref="oc-2b4"/>
      </symbol>
      <symbol id="sm-3fb">
         <name>__mspabi_sral_2</name>
         <value>0xe7a8</value>
         <object_component_ref idref="oc-2b4"/>
      </symbol>
      <symbol id="sm-3fc">
         <name>__mspabi_sral_3</name>
         <value>0xe7a4</value>
         <object_component_ref idref="oc-2b4"/>
      </symbol>
      <symbol id="sm-3fd">
         <name>__mspabi_sral_1</name>
         <value>0xe7ac</value>
         <object_component_ref idref="oc-2b4"/>
      </symbol>
      <symbol id="sm-419">
         <name>_auto_init</name>
         <value>0xe50e</value>
         <object_component_ref idref="oc-12d"/>
      </symbol>
      <symbol id="sm-42f">
         <name>copy_in</name>
         <value>0xe638</value>
         <object_component_ref idref="oc-181"/>
      </symbol>
      <symbol id="sm-440">
         <name>__TI_frcmpyd</name>
         <value>0xc952</value>
         <object_component_ref idref="oc-299"/>
      </symbol>
      <symbol id="sm-449">
         <name>_system_post_cinit</name>
         <value>0xe9b0</value>
         <object_component_ref idref="oc-187"/>
      </symbol>
      <symbol id="sm-44c">
         <name>__TI_BINIT_Base</name>
         <value>0x0</value>
      </symbol>
      <symbol id="sm-44d">
         <name>__TI_BINIT_Limit</name>
         <value>0x0</value>
      </symbol>
      <symbol id="sm-44e">
         <name>__TI_INITARRAY_Base</name>
         <value>0x0</value>
      </symbol>
      <symbol id="sm-44f">
         <name>__TI_INITARRAY_Limit</name>
         <value>0x0</value>
      </symbol>
   </symbol_table>
   <title>Link successful</title>
</link_info>
