******************************************************************************
                  MSP430 Linker PC v15.12.3                    
******************************************************************************
>> Linked Wed Nov 23 15:04:29 2016

OUTPUT FILE NAME:   <Window Sensor.out>
ENTRY POINT SYMBOL: "_c_int00_noargs_noexit"  address: 0000f5cc


MEMORY CONFIGURATION

         name            origin    length      used     unused   attr    fill
----------------------  --------  ---------  --------  --------  ----  --------
  SFR                   00000000   00000010  00000000  00000010  RWIX
  PERIPHERALS_8BIT      00000010   000000f0  00000000  000000f0  RWIX
  PERIPHERALS_16BIT     00000100   00000100  00000000  00000100  RWIX
  RAM                   00000200   00000200  000001c5  0000003b  RWIX
  INFOD                 00001000   00000040  00000000  00000040  RWIX
  INFOC                 00001040   00000040  00000000  00000040  RWIX
  INFOB                 00001080   00000040  00000000  00000040  RWIX
  INFOA                 000010c0   00000040  00000000  00000040  RWIX
  FLASH                 0000c000   00003fde  0000373c  000008a2  RWIX
  BSLSIGNATURE          0000ffde   00000002  00000002  00000000  RWIX  ffff 
  INT00                 0000ffe0   00000002  00000002  00000000  RWIX
  INT01                 0000ffe2   00000002  00000000  00000002  RWIX
  INT02                 0000ffe4   00000002  00000002  00000000  RWIX
  INT03                 0000ffe6   00000002  00000002  00000000  RWIX
  INT04                 0000ffe8   00000002  00000000  00000002  RWIX
  INT05                 0000ffea   00000002  00000002  00000000  RWIX
  INT06                 0000ffec   00000002  00000002  00000000  RWIX
  INT07                 0000ffee   00000002  00000002  00000000  RWIX
  INT08                 0000fff0   00000002  00000002  00000000  RWIX
  INT09                 0000fff2   00000002  00000002  00000000  RWIX
  INT10                 0000fff4   00000002  00000002  00000000  RWIX
  INT11                 0000fff6   00000002  00000002  00000000  RWIX
  INT12                 0000fff8   00000002  00000002  00000000  RWIX
  INT13                 0000fffa   00000002  00000002  00000000  RWIX
  INT14                 0000fffc   00000002  00000002  00000000  RWIX
  RESET                 0000fffe   00000002  00000002  00000000  RWIX


SECTION ALLOCATION MAP

 output                                  attributes/
section   page    origin      length       input sections
--------  ----  ----------  ----------   ----------------
.bss       0    00000200    0000016b     UNINITIALIZED
                  00000200    00000100     (.common:rxPackArray)
                  00000300    00000006     (.common:accelorameter_raw)
                  00000306    00000006     (.common:gyroscope_raw)
                  0000030c    00000006     (.common:magnetometer_raw)
                  00000312    00000004     (.common:ax)
                  00000316    00000004     (.common:ay)
                  0000031a    00000004     (.common:az)
                  0000031e    00000004     (.common:gx)
                  00000322    00000004     (.common:gy)
                  00000326    00000004     (.common:gz)
                  0000032a    00000004     (.common:mx)
                  0000032e    00000004     (.common:my)
                  00000332    00000004     (.common:mz)
                  00000336    00000004     (.common:pax)
                  0000033a    00000004     (.common:pay)
                  0000033e    00000004     (.common:paz)
                  00000342    00000004     (.common:pitch)
                  00000346    00000004     (.common:roll)
                  0000034a    00000004     (.common:temperature)
                  0000034e    00000002     (.common:MagID)
                  00000350    00000002     (.common:ax_char)
                  00000352    00000002     (.common:ay_char)
                  00000354    00000002     (.common:az_char)
                  00000356    00000002     (.common:gx_char)
                  00000358    00000002     (.common:gy_char)
                  0000035a    00000002     (.common:gz_char)
                  0000035c    00000002     (.common:pitch_char)
                  0000035e    00000002     (.common:posX_char)
                  00000360    00000002     (.common:read)
                  00000362    00000002     (.common:roll_char)
                  00000364    00000002     (.common:sensor)
                  00000366    00000002     (.common:test_0)
                  00000368    00000002     (.common:whoami)
                  0000036a    00000001     (.common:received_ch)

.data      0    0000036c    0000000a     UNINITIALIZED
                  0000036c    00000008     main.obj (.data)
                  00000374    00000002     rts430_eabi.lib : errno.obj (.data)

.stack     0    000003b0    00000050     UNINITIALIZED
                  000003b0    00000002     rts430_eabi.lib : boot.obj (.stack)
                  000003b2    0000004e     --HOLE--

.text      0    0000c000    000036e6     
                  0000c000    000007dc     main.obj (.text:main)
                  0000c7dc    0000048e     rts430_eabi.lib : frcdivd.obj (.text:__TI_frcdivd)
                  0000cc6a    000002f4                     : frcmpyd.obj (.text:__TI_frcmpyd)
                  0000cf5e    000002e8                     : addd.obj (.text:__mspabi_addd)
                  0000d246    0000029e     main.obj (.text:Read_Accelorameter)
                  0000d4e4    00000276     rts430_eabi.lib : s_atanf.obj (.text:atanf)
                  0000d75a    0000026e                     : mpyd.obj (.text:__mspabi_mpyd)
                  0000d9c8    00000260                     : frcaddd.obj (.text:__TI_frcaddd)
                  0000dc28    00000240                     : e_atan2f.obj (.text:atan2f)
                  0000de68    00000238                     : divd.obj (.text:__mspabi_divd)
                  0000e0a0    000001fa     main.obj (.text:Read_Magnetometer)
                  0000e29a    000001ce     main.obj (.text:Read_Gyroscope)
                  0000e468    0000013c     rts430_eabi.lib : e_sqrtf.obj (.text:sqrtf)
                  0000e5a4    00000132                     : fs_add.obj (.text)
                  0000e6d6    0000012e     main.obj (.text:Init_BMX055)
                  0000e804    00000118     main.obj (.text:Init_BMI160)
                  0000e91c    0000010c     main.obj (.text:Init_MPU9250)
                  0000ea28    000000c4     rts430_eabi.lib : fs_mpy.obj (.text)
                  0000eaec    000000be                     : renormd.obj (.text:__TI_renormd)
                  0000ebaa    000000ac                     : fltlid.obj (.text:__mspabi_fltlid)
                  0000ec56    000000a0     main.obj (.text:Uart_TransmitTxPack)
                  0000ecf6    0000009c     rts430_eabi.lib : fs_div.obj (.text)
                  0000ed92    0000008e     main.obj (.text:USCI0RX_ISR)
                  0000ee20    0000008c     rts430_eabi.lib : cvtdf.obj (.text:__mspabi_cvtdf)
                  0000eeac    00000080     main.obj (.text:Float_to_Char_array)
                  0000ef2c    00000078     main.obj (.text:Init)
                  0000efa4    00000074     main.obj (.text:Read_Temp)
                  0000f018    00000072     rts430_eabi.lib : cvtfd.obj (.text:__mspabi_cvtfd)
                  0000f08a    0000006e     main.obj (.text:Setup_Wake_on_Motion_Interrupt)
                  0000f0f8    0000006e     rts430_eabi.lib : autoinit.obj (.text:_auto_init)
                  0000f166    00000068                     : fs_toi.obj (.text)
                  0000f1ce    00000064                     : copy_decompress_rle.obj (.text:__TI_decompress_rle_core)
                  0000f232    00000060     main.obj (.text:Init_LSM9DS1)
                  0000f292    0000005c     rts430_eabi.lib : lsr32.obj (.text:l_lsr_const)
                  0000f2ee    0000005a                     : cpy_tbl.obj (.text:copy_in)
                  0000f348    0000004e     main.obj (.text:Read_Magnetometer_Id)
                  0000f396    0000004c     rts430_eabi.lib : lsr16.obj (.text)
                  0000f3e2    0000004a                     : fs_cmp.obj (.text)
                  0000f42c    00000048     main.obj (.text:SPI_Transceive)
                  0000f474    0000003e     rts430_eabi.lib : asr32.obj (.text:l_asr_const)
                  0000f4b2    0000003e                     : lsl32.obj (.text:l_lsl_const)
                  0000f4f0    00000036                     : fs_itof.obj (.text)
                  0000f526    0000002c                     : asr16.obj (.text)
                  0000f552    0000002c                     : lsl16.obj (.text)
                  0000f57e    00000028     main.obj (.text:Twos_Complement_To_Decimal)
                  0000f5a6    00000026     rts430_eabi.lib : mult32.obj (.text)
                  0000f5cc    0000001a                     : boot_special.obj (.text:_c_int00_noargs_noexit)
                  0000f5e6    00000018     main.obj (.text:Uart_putchar)
                  0000f5fe    00000016     main.obj (.text:PackCRC)
                  0000f614    00000014     rts430_eabi.lib : mult16.obj (.text)
                  0000f628    00000012     main.obj (.text:SPI_Read)
                  0000f63a    00000012     rts430_eabi.lib : copy_decompress_none.obj (.text:decompress:none:__TI_decompress_none)
                  0000f64c    00000012                     : lsr32.obj (.text:l_lsr)
                  0000f65e    00000012                     : memcpy.obj (.text:memcpy)
                  0000f670    00000010     main.obj (.text:Port_1)
                  0000f680    00000010     rts430_eabi.lib : asr32.obj (.text:l_asr)
                  0000f690    00000010                     : lsl32.obj (.text:l_lsl)
                  0000f6a0    00000010                     : epilog.obj (.text)
                  0000f6b0    0000000c                     : fltid.obj (.text:__mspabi_fltid)
                  0000f6bc    0000000a                     : fs_neg.obj (.text)
                  0000f6c6    00000008                     : isr_trap.obj (.text:_isr:__TI_ISR_TRAP)
                  0000f6ce    00000006     main.obj (.text:SPI_Write)
                  0000f6d4    00000006     rts430_eabi.lib : exit.obj (.text:abort)
                  0000f6da    00000006                     : copy_decompress_rle.obj (.text:decompress:rle24:__TI_decompress_rle24)
                  0000f6e0    00000004                     : pre_init.obj (.text:_system_pre_init)
                  0000f6e4    00000002                     : startup.obj (.text:_system_post_cinit)

.binit     0    0000c000    00000000     

.const     0    0000f6e6    00000034     
                  0000f6e6    00000014     rts430_eabi.lib : s_atanf.obj (.const:aT)
                  0000f6fa    00000010                     : s_atanf.obj (.const:atanhi)
                  0000f70a    00000010                     : s_atanf.obj (.const:atanlo)

.cinit     0    0000f71a    00000022     
                  0000f71a    0000000b     (.cinit..bss.load) [load image, compression = rle]
                  0000f725    00000001     --HOLE-- [fill = 0]
                  0000f726    00000009     (.cinit..data.load) [load image, compression = rle]
                  0000f72f    00000001     --HOLE-- [fill = 0]
                  0000f730    00000004     (__TI_handler_table)
                  0000f734    00000008     (__TI_cinit_table)

.init_array 
*          0    0000c000    00000000     UNINITIALIZED

TRAPINT    0    0000ffe0    00000002     
                  0000ffe0    00000002     rts430_eabi.lib : int00.obj (.int00)

PORT1      0    0000ffe4    00000002     
                  0000ffe4    00000002     main.obj (.int02)

PORT2      0    0000ffe6    00000002     
                  0000ffe6    00000002     rts430_eabi.lib : int03.obj (.int03)

$fill000   0    0000ffde    00000002     
                  0000ffde    00000002     --HOLE-- [fill = ffff]

ADC10      0    0000ffea    00000002     
                  0000ffea    00000002     rts430_eabi.lib : int05.obj (.int05)

USCIAB0TX 
*          0    0000ffec    00000002     
                  0000ffec    00000002     rts430_eabi.lib : int06.obj (.int06)

USCIAB0RX 
*          0    0000ffee    00000002     
                  0000ffee    00000002     main.obj (.int07)

TIMER0_A1 
*          0    0000fff0    00000002     
                  0000fff0    00000002     rts430_eabi.lib : int08.obj (.int08)

TIMER0_A0 
*          0    0000fff2    00000002     
                  0000fff2    00000002     rts430_eabi.lib : int09.obj (.int09)

WDT        0    0000fff4    00000002     
                  0000fff4    00000002     rts430_eabi.lib : int10.obj (.int10)

COMPARATORA 
*          0    0000fff6    00000002     
                  0000fff6    00000002     rts430_eabi.lib : int11.obj (.int11)

TIMER1_A1 
*          0    0000fff8    00000002     
                  0000fff8    00000002     rts430_eabi.lib : int12.obj (.int12)

TIMER1_A0 
*          0    0000fffa    00000002     
                  0000fffa    00000002     rts430_eabi.lib : int13.obj (.int13)

NMI        0    0000fffc    00000002     
                  0000fffc    00000002     rts430_eabi.lib : int14.obj (.int14)

.reset     0    0000fffe    00000002     
                  0000fffe    00000002     rts430_eabi.lib : boot.obj (.reset)

MODULE SUMMARY

       Module                     code    ro data   rw data
       ------                     ----    -------   -------
    .\
       main.obj                   5648    4         371    
    +--+--------------------------+-------+---------+---------+
       Total:                     5648    4         371    
                                                           
    C:\ti\ccsv6\tools\compiler\msp430_15.12.3.LTS\lib\rts430_eabi.lib
       frcdivd.obj                1166    0         0      
       frcmpyd.obj                756     0         0      
       addd.obj                   744     0         0      
       s_atanf.obj                630     52        0      
       mpyd.obj                   622     0         0      
       frcaddd.obj                608     0         0      
       e_atan2f.obj               576     0         0      
       divd.obj                   568     0         0      
       e_sqrtf.obj                316     0         0      
       fs_add.obj                 306     0         0      
       fs_mpy.obj                 196     0         0      
       renormd.obj                190     0         0      
       fltlid.obj                 172     0         0      
       fs_div.obj                 156     0         0      
       cvtdf.obj                  140     0         0      
       cvtfd.obj                  114     0         0      
       autoinit.obj               110     0         0      
       lsr32.obj                  110     0         0      
       copy_decompress_rle.obj    106     0         0      
       fs_toi.obj                 104     0         0      
       cpy_tbl.obj                90      0         0      
       asr32.obj                  78      0         0      
       lsl32.obj                  78      0         0      
       lsr16.obj                  76      0         0      
       fs_cmp.obj                 74      0         0      
       fs_itof.obj                54      0         0      
       asr16.obj                  44      0         0      
       lsl16.obj                  44      0         0      
       mult32.obj                 38      0         0      
       boot_special.obj           26      0         0      
       mult16.obj                 20      0         0      
       copy_decompress_none.obj   18      0         0      
       memcpy.obj                 18      0         0      
       epilog.obj                 16      0         0      
       fltid.obj                  12      0         0      
       fs_neg.obj                 10      0         0      
       isr_trap.obj               8       0         0      
       exit.obj                   6       0         0      
       pre_init.obj               4       0         0      
       boot.obj                   0       2         0      
       errno.obj                  0       0         2      
       int00.obj                  0       2         0      
       int03.obj                  0       2         0      
       int05.obj                  0       2         0      
       int06.obj                  0       2         0      
       int08.obj                  0       2         0      
       int09.obj                  0       2         0      
       int10.obj                  0       2         0      
       int11.obj                  0       2         0      
       int12.obj                  0       2         0      
       int13.obj                  0       2         0      
       int14.obj                  0       2         0      
       startup.obj                2       0         0      
    +--+--------------------------+-------+---------+---------+
       Total:                     8406    76        2      
                                                           
       Stack:                     0       0         80     
       Linker Generated:          0       32        0      
    +--+--------------------------+-------+---------+---------+
       Grand Total:               14054   112       453    


LINKER GENERATED COPY TABLES

__TI_cinit_table @ 0000f734 records: 2, size/record: 4, table size: 8
	.bss: load addr=0000f71a, load size=0000000b bytes, run addr=00000200, run size=0000016b bytes, compression=rle
	.data: load addr=0000f726, load size=00000009 bytes, run addr=0000036c, run size=0000000a bytes, compression=rle


LINKER GENERATED HANDLER TABLE

__TI_handler_table @ 0000f730 records: 2, size/record: 2, table size: 4
	index: 0, handler: __TI_decompress_rle24
	index: 1, handler: __TI_decompress_none


GLOBAL SYMBOLS: SORTED ALPHABETICALLY BY Name 

address   name                          
-------   ----                          
0000004a  ADC10AE0                      
000001b0  ADC10CTL0                     
000001b2  ADC10CTL1                     
00000048  ADC10DTC0                     
00000049  ADC10DTC1                     
000001b4  ADC10MEM                      
000001bc  ADC10SA                       
00000057  BCSCTL1                       
00000058  BCSCTL2                       
00000053  BCSCTL3                       
0000f6d4  C$$EXIT                       
00000059  CACTL1                        
0000005a  CACTL2                        
000010fb  CALBC1_12MHZ                  
000010f9  CALBC1_16MHZ                  
000010ff  CALBC1_1MHZ                   
000010fd  CALBC1_8MHZ                   
000010fa  CALDCO_12MHZ                  
000010f8  CALDCO_16MHZ                  
000010fe  CALDCO_1MHZ                   
000010fc  CALDCO_8MHZ                   
0000005b  CAPD                          
00000056  DCOCTL                        
00000128  FCTL1                         
0000012a  FCTL2                         
0000012c  FCTL3                         
0000eeac  Float_to_Char_array           
00000000  IE1                           
00000001  IE2                           
00000002  IFG1                          
00000003  IFG2                          
0000ef2c  Init                          
0000e804  Init_BMI160                   
0000e6d6  Init_BMX055                   
0000f232  Init_LSM9DS1                  
0000e91c  Init_MPU9250                  
0000034e  MagID                         
00000022  P1DIR                         
00000025  P1IE                          
00000024  P1IES                         
00000023  P1IFG                         
00000020  P1IN                          
00000021  P1OUT                         
00000027  P1REN                         
00000026  P1SEL                         
00000041  P1SEL2                        
0000002a  P2DIR                         
0000002d  P2IE                          
0000002c  P2IES                         
0000002b  P2IFG                         
00000028  P2IN                          
00000029  P2OUT                         
0000002f  P2REN                         
0000002e  P2SEL                         
00000042  P2SEL2                        
0000001a  P3DIR                         
00000018  P3IN                          
00000019  P3OUT                         
00000010  P3REN                         
0000001b  P3SEL                         
00000043  P3SEL2                        
0000f5fe  PackCRC                       
0000f670  Port_1                        
0000d246  Read_Accelorameter            
0000e29a  Read_Gyroscope                
0000e0a0  Read_Magnetometer             
0000f348  Read_Magnetometer_Id          
0000efa4  Read_Temp                     
0000f628  SPI_Read                      
0000f42c  SPI_Transceive                
0000f6ce  SPI_Write                     
0000f08a  Setup_Wake_on_Motion_Interrupt
00000172  TA0CCR0                       
00000174  TA0CCR1                       
00000176  TA0CCR2                       
00000162  TA0CCTL0                      
00000164  TA0CCTL1                      
00000166  TA0CCTL2                      
00000160  TA0CTL                        
0000012e  TA0IV                         
00000170  TA0R                          
00000192  TA1CCR0                       
00000194  TA1CCR1                       
00000196  TA1CCR2                       
00000182  TA1CCTL0                      
00000184  TA1CCTL1                      
00000186  TA1CCTL2                      
00000180  TA1CTL                        
0000011e  TA1IV                         
00000190  TA1R                          
000010db  TLV_ADC10_1_LEN               
000010da  TLV_ADC10_1_TAG               
000010c0  TLV_CHECKSUM                  
000010f7  TLV_DCO_30_LEN                
000010f6  TLV_DCO_30_TAG                
0000f57e  Twos_Complement_To_Decimal    
0000005d  UCA0ABCTL                     
00000062  UCA0BR0                       
00000063  UCA0BR1                       
00000060  UCA0CTL0                      
00000061  UCA0CTL1                      
0000005f  UCA0IRRCTL                    
0000005e  UCA0IRTCTL                    
00000064  UCA0MCTL                      
00000066  UCA0RXBUF                     
00000065  UCA0STAT                      
00000067  UCA0TXBUF                     
0000006a  UCB0BR0                       
0000006b  UCB0BR1                       
00000068  UCB0CTL0                      
00000069  UCB0CTL1                      
0000006c  UCB0I2CIE                     
00000118  UCB0I2COA                     
0000011a  UCB0I2CSA                     
0000006e  UCB0RXBUF                     
0000006d  UCB0STAT                      
0000006f  UCB0TXBUF                     
0000ed92  USCI0RX_ISR                   
0000ec56  Uart_TransmitTxPack           
0000f5e6  Uart_putchar                  
00000120  WDTCTL                        
00000400  __STACK_END                   
00000050  __STACK_SIZE                  
UNDEFED   __TI_BINIT_Base               
UNDEFED   __TI_BINIT_Limit              
0000f734  __TI_CINIT_Base               
0000f73c  __TI_CINIT_Limit              
0000f730  __TI_Handler_Table_Base       
0000f734  __TI_Handler_Table_Limit      
UNDEFED   __TI_INITARRAY_Base           
UNDEFED   __TI_INITARRAY_Limit          
0000f6c6  __TI_ISR_TRAP                 
0000f63a  __TI_decompress_none          
0000f6da  __TI_decompress_rle24         
0000d9c8  __TI_frcaddd                  
0000c7dc  __TI_frcdivd                  
0000cc6a  __TI_frcmpyd                  
0000ffe0  __TI_int00                    
0000ffe4  __TI_int02                    
0000ffe6  __TI_int03                    
0000ffea  __TI_int05                    
0000ffec  __TI_int06                    
0000ffee  __TI_int07                    
0000fff0  __TI_int08                    
0000fff2  __TI_int09                    
0000fff4  __TI_int10                    
0000fff6  __TI_int11                    
0000fff8  __TI_int12                    
0000fffa  __TI_int13                    
0000fffc  __TI_int14                    
ffffffff  __TI_pprof_out_hndl           
ffffffff  __TI_prof_data_size           
ffffffff  __TI_prof_data_start          
0000eaec  __TI_renormd                  
ffffffff  __c_args__                    
0000cf5e  __mspabi_addd                 
0000e5aa  __mspabi_addf                 
0000f3e2  __mspabi_cmpf                 
0000ee20  __mspabi_cvtdf                
0000f018  __mspabi_cvtfd                
0000de68  __mspabi_divd                 
0000ecf6  __mspabi_divf                 
0000f166  __mspabi_fixfi                
0000f6b0  __mspabi_fltid                
0000f4f0  __mspabi_fltif                
0000ebaa  __mspabi_fltlid               
0000f6ac  __mspabi_func_epilog_1        
0000f6aa  __mspabi_func_epilog_2        
0000f6a8  __mspabi_func_epilog_3        
0000f6a6  __mspabi_func_epilog_4        
0000f6a4  __mspabi_func_epilog_5        
0000f6a2  __mspabi_func_epilog_6        
0000f6a0  __mspabi_func_epilog_7        
0000d75a  __mspabi_mpyd                 
0000ea28  __mspabi_mpyf                 
0000f614  __mspabi_mpyi                 
0000f614  __mspabi_mpyi_sw              
0000f5a6  __mspabi_mpyl                 
0000f5a6  __mspabi_mpyl_sw              
0000f6bc  __mspabi_negf                 
0000f552  __mspabi_slli                 
0000f57a  __mspabi_slli_1               
0000f568  __mspabi_slli_10              
0000f566  __mspabi_slli_11              
0000f564  __mspabi_slli_12              
0000f562  __mspabi_slli_13              
0000f560  __mspabi_slli_14              
0000f55e  __mspabi_slli_15              
0000f578  __mspabi_slli_2               
0000f576  __mspabi_slli_3               
0000f574  __mspabi_slli_4               
0000f572  __mspabi_slli_5               
0000f570  __mspabi_slli_6               
0000f56e  __mspabi_slli_7               
0000f56c  __mspabi_slli_8               
0000f56a  __mspabi_slli_9               
0000f690  __mspabi_slll                 
0000f4ea  __mspabi_slll_1               
0000f4c6  __mspabi_slll_10              
0000f4c2  __mspabi_slll_11              
0000f4be  __mspabi_slll_12              
0000f4ba  __mspabi_slll_13              
0000f4b6  __mspabi_slll_14              
0000f4b2  __mspabi_slll_15              
0000f4e6  __mspabi_slll_2               
0000f4e2  __mspabi_slll_3               
0000f4de  __mspabi_slll_4               
0000f4da  __mspabi_slll_5               
0000f4d6  __mspabi_slll_6               
0000f4d2  __mspabi_slll_7               
0000f4ce  __mspabi_slll_8               
0000f4ca  __mspabi_slll_9               
0000f526  __mspabi_srai                 
0000f54e  __mspabi_srai_1               
0000f53c  __mspabi_srai_10              
0000f53a  __mspabi_srai_11              
0000f538  __mspabi_srai_12              
0000f536  __mspabi_srai_13              
0000f534  __mspabi_srai_14              
0000f532  __mspabi_srai_15              
0000f54c  __mspabi_srai_2               
0000f54a  __mspabi_srai_3               
0000f548  __mspabi_srai_4               
0000f546  __mspabi_srai_5               
0000f544  __mspabi_srai_6               
0000f542  __mspabi_srai_7               
0000f540  __mspabi_srai_8               
0000f53e  __mspabi_srai_9               
0000f680  __mspabi_sral                 
0000f4ac  __mspabi_sral_1               
0000f488  __mspabi_sral_10              
0000f484  __mspabi_sral_11              
0000f480  __mspabi_sral_12              
0000f47c  __mspabi_sral_13              
0000f478  __mspabi_sral_14              
0000f474  __mspabi_sral_15              
0000f4a8  __mspabi_sral_2               
0000f4a4  __mspabi_sral_3               
0000f4a0  __mspabi_sral_4               
0000f49c  __mspabi_sral_5               
0000f498  __mspabi_sral_6               
0000f494  __mspabi_sral_7               
0000f490  __mspabi_sral_8               
0000f48c  __mspabi_sral_9               
0000f396  __mspabi_srli                 
0000f3dc  __mspabi_srli_1               
0000f3b8  __mspabi_srli_10              
0000f3b4  __mspabi_srli_11              
0000f3b0  __mspabi_srli_12              
0000f3ac  __mspabi_srli_13              
0000f3a8  __mspabi_srli_14              
0000f3a4  __mspabi_srli_15              
0000f3d8  __mspabi_srli_2               
0000f3d4  __mspabi_srli_3               
0000f3d0  __mspabi_srli_4               
0000f3cc  __mspabi_srli_5               
0000f3c8  __mspabi_srli_6               
0000f3c4  __mspabi_srli_7               
0000f3c0  __mspabi_srli_8               
0000f3bc  __mspabi_srli_9               
0000f64c  __mspabi_srll                 
0000f2e6  __mspabi_srll_1               
0000f2b0  __mspabi_srll_10              
0000f2aa  __mspabi_srll_11              
0000f2a4  __mspabi_srll_12              
0000f29e  __mspabi_srll_13              
0000f298  __mspabi_srll_14              
0000f292  __mspabi_srll_15              
0000f2e0  __mspabi_srll_2               
0000f2da  __mspabi_srll_3               
0000f2d4  __mspabi_srll_4               
0000f2ce  __mspabi_srll_5               
0000f2c8  __mspabi_srll_6               
0000f2c2  __mspabi_srll_7               
0000f2bc  __mspabi_srll_8               
0000f2b6  __mspabi_srll_9               
0000e5a4  __mspabi_subf                 
0000f0f8  _auto_init                    
0000f5cc  _c_int00_noargs_noexit        
0000fffe  _reset_vector                 
000003b0  _stack                        
0000f6e4  _system_post_cinit            
0000f6e0  _system_pre_init              
0000f6d4  abort                         
00000300  accelorameter_raw             
0000dc28  atan2f                        
0000d4e4  atanf                         
00000312  ax                            
00000350  ax_char                       
00000316  ay                            
00000352  ay_char                       
0000031a  az                            
00000354  az_char                       
0000f2ee  copy_in                       
00000374  errno                         
0000031e  gx                            
00000356  gx_char                       
00000322  gy                            
00000358  gy_char                       
00000306  gyroscope_raw                 
00000326  gz                            
0000035a  gz_char                       
0000030c  magnetometer_raw              
0000c000  main                          
0000f65e  memcpy                        
0000032a  mx                            
0000032e  my                            
00000332  mz                            
00000336  pax                           
0000033a  pay                           
0000033e  paz                           
00000342  pitch                         
0000035c  pitch_char                    
0000035e  posX_char                     
00000360  read                          
00000371  rec_LEN                       
0000036a  received_ch                   
00000346  roll                          
00000362  roll_char                     
00000200  rxPackArray                   
00000372  rx_ACK                        
0000036f  rx_CMD                        
0000036e  rx_CRC                        
00000370  rx_LEN                        
0000036c  rx_REC                        
0000036d  rx_State                      
00000364  sensor                        
0000e468  sqrtf                         
0000034a  temperature                   
00000366  test_0                        
00000373  uart_rx_received              
00000368  whoami                        


GLOBAL SYMBOLS: SORTED BY Symbol Address 

address   name                          
-------   ----                          
00000000  IE1                           
00000001  IE2                           
00000002  IFG1                          
00000003  IFG2                          
00000010  P3REN                         
00000018  P3IN                          
00000019  P3OUT                         
0000001a  P3DIR                         
0000001b  P3SEL                         
00000020  P1IN                          
00000021  P1OUT                         
00000022  P1DIR                         
00000023  P1IFG                         
00000024  P1IES                         
00000025  P1IE                          
00000026  P1SEL                         
00000027  P1REN                         
00000028  P2IN                          
00000029  P2OUT                         
0000002a  P2DIR                         
0000002b  P2IFG                         
0000002c  P2IES                         
0000002d  P2IE                          
0000002e  P2SEL                         
0000002f  P2REN                         
00000041  P1SEL2                        
00000042  P2SEL2                        
00000043  P3SEL2                        
00000048  ADC10DTC0                     
00000049  ADC10DTC1                     
0000004a  ADC10AE0                      
00000050  __STACK_SIZE                  
00000053  BCSCTL3                       
00000056  DCOCTL                        
00000057  BCSCTL1                       
00000058  BCSCTL2                       
00000059  CACTL1                        
0000005a  CACTL2                        
0000005b  CAPD                          
0000005d  UCA0ABCTL                     
0000005e  UCA0IRTCTL                    
0000005f  UCA0IRRCTL                    
00000060  UCA0CTL0                      
00000061  UCA0CTL1                      
00000062  UCA0BR0                       
00000063  UCA0BR1                       
00000064  UCA0MCTL                      
00000065  UCA0STAT                      
00000066  UCA0RXBUF                     
00000067  UCA0TXBUF                     
00000068  UCB0CTL0                      
00000069  UCB0CTL1                      
0000006a  UCB0BR0                       
0000006b  UCB0BR1                       
0000006c  UCB0I2CIE                     
0000006d  UCB0STAT                      
0000006e  UCB0RXBUF                     
0000006f  UCB0TXBUF                     
00000118  UCB0I2COA                     
0000011a  UCB0I2CSA                     
0000011e  TA1IV                         
00000120  WDTCTL                        
00000128  FCTL1                         
0000012a  FCTL2                         
0000012c  FCTL3                         
0000012e  TA0IV                         
00000160  TA0CTL                        
00000162  TA0CCTL0                      
00000164  TA0CCTL1                      
00000166  TA0CCTL2                      
00000170  TA0R                          
00000172  TA0CCR0                       
00000174  TA0CCR1                       
00000176  TA0CCR2                       
00000180  TA1CTL                        
00000182  TA1CCTL0                      
00000184  TA1CCTL1                      
00000186  TA1CCTL2                      
00000190  TA1R                          
00000192  TA1CCR0                       
00000194  TA1CCR1                       
00000196  TA1CCR2                       
000001b0  ADC10CTL0                     
000001b2  ADC10CTL1                     
000001b4  ADC10MEM                      
000001bc  ADC10SA                       
00000200  rxPackArray                   
00000300  accelorameter_raw             
00000306  gyroscope_raw                 
0000030c  magnetometer_raw              
00000312  ax                            
00000316  ay                            
0000031a  az                            
0000031e  gx                            
00000322  gy                            
00000326  gz                            
0000032a  mx                            
0000032e  my                            
00000332  mz                            
00000336  pax                           
0000033a  pay                           
0000033e  paz                           
00000342  pitch                         
00000346  roll                          
0000034a  temperature                   
0000034e  MagID                         
00000350  ax_char                       
00000352  ay_char                       
00000354  az_char                       
00000356  gx_char                       
00000358  gy_char                       
0000035a  gz_char                       
0000035c  pitch_char                    
0000035e  posX_char                     
00000360  read                          
00000362  roll_char                     
00000364  sensor                        
00000366  test_0                        
00000368  whoami                        
0000036a  received_ch                   
0000036c  rx_REC                        
0000036d  rx_State                      
0000036e  rx_CRC                        
0000036f  rx_CMD                        
00000370  rx_LEN                        
00000371  rec_LEN                       
00000372  rx_ACK                        
00000373  uart_rx_received              
00000374  errno                         
000003b0  _stack                        
00000400  __STACK_END                   
000010c0  TLV_CHECKSUM                  
000010da  TLV_ADC10_1_TAG               
000010db  TLV_ADC10_1_LEN               
000010f6  TLV_DCO_30_TAG                
000010f7  TLV_DCO_30_LEN                
000010f8  CALDCO_16MHZ                  
000010f9  CALBC1_16MHZ                  
000010fa  CALDCO_12MHZ                  
000010fb  CALBC1_12MHZ                  
000010fc  CALDCO_8MHZ                   
000010fd  CALBC1_8MHZ                   
000010fe  CALDCO_1MHZ                   
000010ff  CALBC1_1MHZ                   
0000c000  main                          
0000c7dc  __TI_frcdivd                  
0000cc6a  __TI_frcmpyd                  
0000cf5e  __mspabi_addd                 
0000d246  Read_Accelorameter            
0000d4e4  atanf                         
0000d75a  __mspabi_mpyd                 
0000d9c8  __TI_frcaddd                  
0000dc28  atan2f                        
0000de68  __mspabi_divd                 
0000e0a0  Read_Magnetometer             
0000e29a  Read_Gyroscope                
0000e468  sqrtf                         
0000e5a4  __mspabi_subf                 
0000e5aa  __mspabi_addf                 
0000e6d6  Init_BMX055                   
0000e804  Init_BMI160                   
0000e91c  Init_MPU9250                  
0000ea28  __mspabi_mpyf                 
0000eaec  __TI_renormd                  
0000ebaa  __mspabi_fltlid               
0000ec56  Uart_TransmitTxPack           
0000ecf6  __mspabi_divf                 
0000ed92  USCI0RX_ISR                   
0000ee20  __mspabi_cvtdf                
0000eeac  Float_to_Char_array           
0000ef2c  Init                          
0000efa4  Read_Temp                     
0000f018  __mspabi_cvtfd                
0000f08a  Setup_Wake_on_Motion_Interrupt
0000f0f8  _auto_init                    
0000f166  __mspabi_fixfi                
0000f232  Init_LSM9DS1                  
0000f292  __mspabi_srll_15              
0000f298  __mspabi_srll_14              
0000f29e  __mspabi_srll_13              
0000f2a4  __mspabi_srll_12              
0000f2aa  __mspabi_srll_11              
0000f2b0  __mspabi_srll_10              
0000f2b6  __mspabi_srll_9               
0000f2bc  __mspabi_srll_8               
0000f2c2  __mspabi_srll_7               
0000f2c8  __mspabi_srll_6               
0000f2ce  __mspabi_srll_5               
0000f2d4  __mspabi_srll_4               
0000f2da  __mspabi_srll_3               
0000f2e0  __mspabi_srll_2               
0000f2e6  __mspabi_srll_1               
0000f2ee  copy_in                       
0000f348  Read_Magnetometer_Id          
0000f396  __mspabi_srli                 
0000f3a4  __mspabi_srli_15              
0000f3a8  __mspabi_srli_14              
0000f3ac  __mspabi_srli_13              
0000f3b0  __mspabi_srli_12              
0000f3b4  __mspabi_srli_11              
0000f3b8  __mspabi_srli_10              
0000f3bc  __mspabi_srli_9               
0000f3c0  __mspabi_srli_8               
0000f3c4  __mspabi_srli_7               
0000f3c8  __mspabi_srli_6               
0000f3cc  __mspabi_srli_5               
0000f3d0  __mspabi_srli_4               
0000f3d4  __mspabi_srli_3               
0000f3d8  __mspabi_srli_2               
0000f3dc  __mspabi_srli_1               
0000f3e2  __mspabi_cmpf                 
0000f42c  SPI_Transceive                
0000f474  __mspabi_sral_15              
0000f478  __mspabi_sral_14              
0000f47c  __mspabi_sral_13              
0000f480  __mspabi_sral_12              
0000f484  __mspabi_sral_11              
0000f488  __mspabi_sral_10              
0000f48c  __mspabi_sral_9               
0000f490  __mspabi_sral_8               
0000f494  __mspabi_sral_7               
0000f498  __mspabi_sral_6               
0000f49c  __mspabi_sral_5               
0000f4a0  __mspabi_sral_4               
0000f4a4  __mspabi_sral_3               
0000f4a8  __mspabi_sral_2               
0000f4ac  __mspabi_sral_1               
0000f4b2  __mspabi_slll_15              
0000f4b6  __mspabi_slll_14              
0000f4ba  __mspabi_slll_13              
0000f4be  __mspabi_slll_12              
0000f4c2  __mspabi_slll_11              
0000f4c6  __mspabi_slll_10              
0000f4ca  __mspabi_slll_9               
0000f4ce  __mspabi_slll_8               
0000f4d2  __mspabi_slll_7               
0000f4d6  __mspabi_slll_6               
0000f4da  __mspabi_slll_5               
0000f4de  __mspabi_slll_4               
0000f4e2  __mspabi_slll_3               
0000f4e6  __mspabi_slll_2               
0000f4ea  __mspabi_slll_1               
0000f4f0  __mspabi_fltif                
0000f526  __mspabi_srai                 
0000f532  __mspabi_srai_15              
0000f534  __mspabi_srai_14              
0000f536  __mspabi_srai_13              
0000f538  __mspabi_srai_12              
0000f53a  __mspabi_srai_11              
0000f53c  __mspabi_srai_10              
0000f53e  __mspabi_srai_9               
0000f540  __mspabi_srai_8               
0000f542  __mspabi_srai_7               
0000f544  __mspabi_srai_6               
0000f546  __mspabi_srai_5               
0000f548  __mspabi_srai_4               
0000f54a  __mspabi_srai_3               
0000f54c  __mspabi_srai_2               
0000f54e  __mspabi_srai_1               
0000f552  __mspabi_slli                 
0000f55e  __mspabi_slli_15              
0000f560  __mspabi_slli_14              
0000f562  __mspabi_slli_13              
0000f564  __mspabi_slli_12              
0000f566  __mspabi_slli_11              
0000f568  __mspabi_slli_10              
0000f56a  __mspabi_slli_9               
0000f56c  __mspabi_slli_8               
0000f56e  __mspabi_slli_7               
0000f570  __mspabi_slli_6               
0000f572  __mspabi_slli_5               
0000f574  __mspabi_slli_4               
0000f576  __mspabi_slli_3               
0000f578  __mspabi_slli_2               
0000f57a  __mspabi_slli_1               
0000f57e  Twos_Complement_To_Decimal    
0000f5a6  __mspabi_mpyl                 
0000f5a6  __mspabi_mpyl_sw              
0000f5cc  _c_int00_noargs_noexit        
0000f5e6  Uart_putchar                  
0000f5fe  PackCRC                       
0000f614  __mspabi_mpyi                 
0000f614  __mspabi_mpyi_sw              
0000f628  SPI_Read                      
0000f63a  __TI_decompress_none          
0000f64c  __mspabi_srll                 
0000f65e  memcpy                        
0000f670  Port_1                        
0000f680  __mspabi_sral                 
0000f690  __mspabi_slll                 
0000f6a0  __mspabi_func_epilog_7        
0000f6a2  __mspabi_func_epilog_6        
0000f6a4  __mspabi_func_epilog_5        
0000f6a6  __mspabi_func_epilog_4        
0000f6a8  __mspabi_func_epilog_3        
0000f6aa  __mspabi_func_epilog_2        
0000f6ac  __mspabi_func_epilog_1        
0000f6b0  __mspabi_fltid                
0000f6bc  __mspabi_negf                 
0000f6c6  __TI_ISR_TRAP                 
0000f6ce  SPI_Write                     
0000f6d4  C$$EXIT                       
0000f6d4  abort                         
0000f6da  __TI_decompress_rle24         
0000f6e0  _system_pre_init              
0000f6e4  _system_post_cinit            
0000f730  __TI_Handler_Table_Base       
0000f734  __TI_CINIT_Base               
0000f734  __TI_Handler_Table_Limit      
0000f73c  __TI_CINIT_Limit              
0000ffe0  __TI_int00                    
0000ffe4  __TI_int02                    
0000ffe6  __TI_int03                    
0000ffea  __TI_int05                    
0000ffec  __TI_int06                    
0000ffee  __TI_int07                    
0000fff0  __TI_int08                    
0000fff2  __TI_int09                    
0000fff4  __TI_int10                    
0000fff6  __TI_int11                    
0000fff8  __TI_int12                    
0000fffa  __TI_int13                    
0000fffc  __TI_int14                    
0000fffe  _reset_vector                 
ffffffff  __TI_pprof_out_hndl           
ffffffff  __TI_prof_data_size           
ffffffff  __TI_prof_data_start          
ffffffff  __c_args__                    
UNDEFED   __TI_BINIT_Base               
UNDEFED   __TI_BINIT_Limit              
UNDEFED   __TI_INITARRAY_Base           
UNDEFED   __TI_INITARRAY_Limit          

[332 symbols]
