<?xml version="1.0"?>
<link_info>
   <banner>MSP430 Linker PC v15.12.2.LTS</banner>
   <copyright>Copyright (c) 2003-2015 Texas Instruments Incorporated</copyright>
   <link_time>0x582c54ff</link_time>
   <link_errors>0x0</link_errors>
   <output_file>Window Sensor.out</output_file>
   <entry_point>
      <name>_c_int00_noargs_noexit</name>
      <address>0xf844</address>
   </entry_point>
   <input_file_list>
      <input_file id="fl-2">
         <path>.\</path>
         <kind>object</kind>
         <file>main.obj</file>
         <name>main.obj</name>
      </input_file>
      <input_file id="fl-1d">
         <path>D:\Software\TI\ccsv6\tools\compiler\msp430_15.12.2.LTS\lib\</path>
         <kind>archive</kind>
         <file>rts430_eabi.lib</file>
         <name>addd.obj</name>
      </input_file>
      <input_file id="fl-1e">
         <path>D:\Software\TI\ccsv6\tools\compiler\msp430_15.12.2.LTS\lib\</path>
         <kind>archive</kind>
         <file>rts430_eabi.lib</file>
         <name>asr16.obj</name>
      </input_file>
      <input_file id="fl-1f">
         <path>D:\Software\TI\ccsv6\tools\compiler\msp430_15.12.2.LTS\lib\</path>
         <kind>archive</kind>
         <file>rts430_eabi.lib</file>
         <name>asr32.obj</name>
      </input_file>
      <input_file id="fl-20">
         <path>D:\Software\TI\ccsv6\tools\compiler\msp430_15.12.2.LTS\lib\</path>
         <kind>archive</kind>
         <file>rts430_eabi.lib</file>
         <name>boot.obj</name>
      </input_file>
      <input_file id="fl-21">
         <path>D:\Software\TI\ccsv6\tools\compiler\msp430_15.12.2.LTS\lib\</path>
         <kind>archive</kind>
         <file>rts430_eabi.lib</file>
         <name>boot_special.obj</name>
      </input_file>
      <input_file id="fl-22">
         <path>D:\Software\TI\ccsv6\tools\compiler\msp430_15.12.2.LTS\lib\</path>
         <kind>archive</kind>
         <file>rts430_eabi.lib</file>
         <name>copy_decompress_none.obj</name>
      </input_file>
      <input_file id="fl-23">
         <path>D:\Software\TI\ccsv6\tools\compiler\msp430_15.12.2.LTS\lib\</path>
         <kind>archive</kind>
         <file>rts430_eabi.lib</file>
         <name>copy_decompress_rle.obj</name>
      </input_file>
      <input_file id="fl-24">
         <path>D:\Software\TI\ccsv6\tools\compiler\msp430_15.12.2.LTS\lib\</path>
         <kind>archive</kind>
         <file>rts430_eabi.lib</file>
         <name>copy_zero_init.obj</name>
      </input_file>
      <input_file id="fl-25">
         <path>D:\Software\TI\ccsv6\tools\compiler\msp430_15.12.2.LTS\lib\</path>
         <kind>archive</kind>
         <file>rts430_eabi.lib</file>
         <name>cvtdf.obj</name>
      </input_file>
      <input_file id="fl-26">
         <path>D:\Software\TI\ccsv6\tools\compiler\msp430_15.12.2.LTS\lib\</path>
         <kind>archive</kind>
         <file>rts430_eabi.lib</file>
         <name>cvtfd.obj</name>
      </input_file>
      <input_file id="fl-27">
         <path>D:\Software\TI\ccsv6\tools\compiler\msp430_15.12.2.LTS\lib\</path>
         <kind>archive</kind>
         <file>rts430_eabi.lib</file>
         <name>divd.obj</name>
      </input_file>
      <input_file id="fl-28">
         <path>D:\Software\TI\ccsv6\tools\compiler\msp430_15.12.2.LTS\lib\</path>
         <kind>archive</kind>
         <file>rts430_eabi.lib</file>
         <name>e_atan2f.obj</name>
      </input_file>
      <input_file id="fl-29">
         <path>D:\Software\TI\ccsv6\tools\compiler\msp430_15.12.2.LTS\lib\</path>
         <kind>archive</kind>
         <file>rts430_eabi.lib</file>
         <name>e_sqrtf.obj</name>
      </input_file>
      <input_file id="fl-2a">
         <path>D:\Software\TI\ccsv6\tools\compiler\msp430_15.12.2.LTS\lib\</path>
         <kind>archive</kind>
         <file>rts430_eabi.lib</file>
         <name>epilog.obj</name>
      </input_file>
      <input_file id="fl-2b">
         <path>D:\Software\TI\ccsv6\tools\compiler\msp430_15.12.2.LTS\lib\</path>
         <kind>archive</kind>
         <file>rts430_eabi.lib</file>
         <name>errno.obj</name>
      </input_file>
      <input_file id="fl-2c">
         <path>D:\Software\TI\ccsv6\tools\compiler\msp430_15.12.2.LTS\lib\</path>
         <kind>archive</kind>
         <file>rts430_eabi.lib</file>
         <name>exit.obj</name>
      </input_file>
      <input_file id="fl-2d">
         <path>D:\Software\TI\ccsv6\tools\compiler\msp430_15.12.2.LTS\lib\</path>
         <kind>archive</kind>
         <file>rts430_eabi.lib</file>
         <name>exit_gvars.obj</name>
      </input_file>
      <input_file id="fl-2e">
         <path>D:\Software\TI\ccsv6\tools\compiler\msp430_15.12.2.LTS\lib\</path>
         <kind>archive</kind>
         <file>rts430_eabi.lib</file>
         <name>fltid.obj</name>
      </input_file>
      <input_file id="fl-2f">
         <path>D:\Software\TI\ccsv6\tools\compiler\msp430_15.12.2.LTS\lib\</path>
         <kind>archive</kind>
         <file>rts430_eabi.lib</file>
         <name>fltlid.obj</name>
      </input_file>
      <input_file id="fl-30">
         <path>D:\Software\TI\ccsv6\tools\compiler\msp430_15.12.2.LTS\lib\</path>
         <kind>archive</kind>
         <file>rts430_eabi.lib</file>
         <name>frcaddd.obj</name>
      </input_file>
      <input_file id="fl-31">
         <path>D:\Software\TI\ccsv6\tools\compiler\msp430_15.12.2.LTS\lib\</path>
         <kind>archive</kind>
         <file>rts430_eabi.lib</file>
         <name>frcdivd.obj</name>
      </input_file>
      <input_file id="fl-32">
         <path>D:\Software\TI\ccsv6\tools\compiler\msp430_15.12.2.LTS\lib\</path>
         <kind>archive</kind>
         <file>rts430_eabi.lib</file>
         <name>fs_add.obj</name>
      </input_file>
      <input_file id="fl-33">
         <path>D:\Software\TI\ccsv6\tools\compiler\msp430_15.12.2.LTS\lib\</path>
         <kind>archive</kind>
         <file>rts430_eabi.lib</file>
         <name>fs_div.obj</name>
      </input_file>
      <input_file id="fl-34">
         <path>D:\Software\TI\ccsv6\tools\compiler\msp430_15.12.2.LTS\lib\</path>
         <kind>archive</kind>
         <file>rts430_eabi.lib</file>
         <name>fs_itof.obj</name>
      </input_file>
      <input_file id="fl-35">
         <path>D:\Software\TI\ccsv6\tools\compiler\msp430_15.12.2.LTS\lib\</path>
         <kind>archive</kind>
         <file>rts430_eabi.lib</file>
         <name>fs_ltof.obj</name>
      </input_file>
      <input_file id="fl-36">
         <path>D:\Software\TI\ccsv6\tools\compiler\msp430_15.12.2.LTS\lib\</path>
         <kind>archive</kind>
         <file>rts430_eabi.lib</file>
         <name>fs_mpy.obj</name>
      </input_file>
      <input_file id="fl-37">
         <path>D:\Software\TI\ccsv6\tools\compiler\msp430_15.12.2.LTS\lib\</path>
         <kind>archive</kind>
         <file>rts430_eabi.lib</file>
         <name>fs_neg.obj</name>
      </input_file>
      <input_file id="fl-38">
         <path>D:\Software\TI\ccsv6\tools\compiler\msp430_15.12.2.LTS\lib\</path>
         <kind>archive</kind>
         <file>rts430_eabi.lib</file>
         <name>fs_toi.obj</name>
      </input_file>
      <input_file id="fl-39">
         <path>D:\Software\TI\ccsv6\tools\compiler\msp430_15.12.2.LTS\lib\</path>
         <kind>archive</kind>
         <file>rts430_eabi.lib</file>
         <name>fs_tol.obj</name>
      </input_file>
      <input_file id="fl-3a">
         <path>D:\Software\TI\ccsv6\tools\compiler\msp430_15.12.2.LTS\lib\</path>
         <kind>archive</kind>
         <file>rts430_eabi.lib</file>
         <name>int00.obj</name>
      </input_file>
      <input_file id="fl-3b">
         <path>D:\Software\TI\ccsv6\tools\compiler\msp430_15.12.2.LTS\lib\</path>
         <kind>archive</kind>
         <file>rts430_eabi.lib</file>
         <name>int03.obj</name>
      </input_file>
      <input_file id="fl-3c">
         <path>D:\Software\TI\ccsv6\tools\compiler\msp430_15.12.2.LTS\lib\</path>
         <kind>archive</kind>
         <file>rts430_eabi.lib</file>
         <name>int05.obj</name>
      </input_file>
      <input_file id="fl-3d">
         <path>D:\Software\TI\ccsv6\tools\compiler\msp430_15.12.2.LTS\lib\</path>
         <kind>archive</kind>
         <file>rts430_eabi.lib</file>
         <name>int06.obj</name>
      </input_file>
      <input_file id="fl-3e">
         <path>D:\Software\TI\ccsv6\tools\compiler\msp430_15.12.2.LTS\lib\</path>
         <kind>archive</kind>
         <file>rts430_eabi.lib</file>
         <name>int08.obj</name>
      </input_file>
      <input_file id="fl-3f">
         <path>D:\Software\TI\ccsv6\tools\compiler\msp430_15.12.2.LTS\lib\</path>
         <kind>archive</kind>
         <file>rts430_eabi.lib</file>
         <name>int09.obj</name>
      </input_file>
      <input_file id="fl-40">
         <path>D:\Software\TI\ccsv6\tools\compiler\msp430_15.12.2.LTS\lib\</path>
         <kind>archive</kind>
         <file>rts430_eabi.lib</file>
         <name>int10.obj</name>
      </input_file>
      <input_file id="fl-41">
         <path>D:\Software\TI\ccsv6\tools\compiler\msp430_15.12.2.LTS\lib\</path>
         <kind>archive</kind>
         <file>rts430_eabi.lib</file>
         <name>int11.obj</name>
      </input_file>
      <input_file id="fl-42">
         <path>D:\Software\TI\ccsv6\tools\compiler\msp430_15.12.2.LTS\lib\</path>
         <kind>archive</kind>
         <file>rts430_eabi.lib</file>
         <name>int12.obj</name>
      </input_file>
      <input_file id="fl-43">
         <path>D:\Software\TI\ccsv6\tools\compiler\msp430_15.12.2.LTS\lib\</path>
         <kind>archive</kind>
         <file>rts430_eabi.lib</file>
         <name>int13.obj</name>
      </input_file>
      <input_file id="fl-44">
         <path>D:\Software\TI\ccsv6\tools\compiler\msp430_15.12.2.LTS\lib\</path>
         <kind>archive</kind>
         <file>rts430_eabi.lib</file>
         <name>int14.obj</name>
      </input_file>
      <input_file id="fl-45">
         <path>D:\Software\TI\ccsv6\tools\compiler\msp430_15.12.2.LTS\lib\</path>
         <kind>archive</kind>
         <file>rts430_eabi.lib</file>
         <name>isr_trap.obj</name>
      </input_file>
      <input_file id="fl-46">
         <path>D:\Software\TI\ccsv6\tools\compiler\msp430_15.12.2.LTS\lib\</path>
         <kind>archive</kind>
         <file>rts430_eabi.lib</file>
         <name>lsl16.obj</name>
      </input_file>
      <input_file id="fl-47">
         <path>D:\Software\TI\ccsv6\tools\compiler\msp430_15.12.2.LTS\lib\</path>
         <kind>archive</kind>
         <file>rts430_eabi.lib</file>
         <name>lsl32.obj</name>
      </input_file>
      <input_file id="fl-48">
         <path>D:\Software\TI\ccsv6\tools\compiler\msp430_15.12.2.LTS\lib\</path>
         <kind>archive</kind>
         <file>rts430_eabi.lib</file>
         <name>lsr16.obj</name>
      </input_file>
      <input_file id="fl-49">
         <path>D:\Software\TI\ccsv6\tools\compiler\msp430_15.12.2.LTS\lib\</path>
         <kind>archive</kind>
         <file>rts430_eabi.lib</file>
         <name>lsr32.obj</name>
      </input_file>
      <input_file id="fl-4a">
         <path>D:\Software\TI\ccsv6\tools\compiler\msp430_15.12.2.LTS\lib\</path>
         <kind>archive</kind>
         <file>rts430_eabi.lib</file>
         <name>lsr64.obj</name>
      </input_file>
      <input_file id="fl-4b">
         <path>D:\Software\TI\ccsv6\tools\compiler\msp430_15.12.2.LTS\lib\</path>
         <kind>archive</kind>
         <file>rts430_eabi.lib</file>
         <name>memcpy.obj</name>
      </input_file>
      <input_file id="fl-4c">
         <path>D:\Software\TI\ccsv6\tools\compiler\msp430_15.12.2.LTS\lib\</path>
         <kind>archive</kind>
         <file>rts430_eabi.lib</file>
         <name>mpu_init.obj</name>
      </input_file>
      <input_file id="fl-4d">
         <path>D:\Software\TI\ccsv6\tools\compiler\msp430_15.12.2.LTS\lib\</path>
         <kind>archive</kind>
         <file>rts430_eabi.lib</file>
         <name>mpyd.obj</name>
      </input_file>
      <input_file id="fl-4e">
         <path>D:\Software\TI\ccsv6\tools\compiler\msp430_15.12.2.LTS\lib\</path>
         <kind>archive</kind>
         <file>rts430_eabi.lib</file>
         <name>mult16.obj</name>
      </input_file>
      <input_file id="fl-4f">
         <path>D:\Software\TI\ccsv6\tools\compiler\msp430_15.12.2.LTS\lib\</path>
         <kind>archive</kind>
         <file>rts430_eabi.lib</file>
         <name>mult32.obj</name>
      </input_file>
      <input_file id="fl-50">
         <path>D:\Software\TI\ccsv6\tools\compiler\msp430_15.12.2.LTS\lib\</path>
         <kind>archive</kind>
         <file>rts430_eabi.lib</file>
         <name>pre_init.obj</name>
      </input_file>
      <input_file id="fl-51">
         <path>D:\Software\TI\ccsv6\tools\compiler\msp430_15.12.2.LTS\lib\</path>
         <kind>archive</kind>
         <file>rts430_eabi.lib</file>
         <name>renormd.obj</name>
      </input_file>
      <input_file id="fl-52">
         <path>D:\Software\TI\ccsv6\tools\compiler\msp430_15.12.2.LTS\lib\</path>
         <kind>archive</kind>
         <file>rts430_eabi.lib</file>
         <name>s_atanf.obj</name>
      </input_file>
      <input_file id="fl-53">
         <path>D:\Software\TI\ccsv6\tools\compiler\msp430_15.12.2.LTS\lib\</path>
         <kind>archive</kind>
         <file>rts430_eabi.lib</file>
         <name>_lock.obj</name>
      </input_file>
      <input_file id="fl-54">
         <path>D:\Software\TI\ccsv6\tools\compiler\msp430_15.12.2.LTS\lib\</path>
         <kind>archive</kind>
         <file>rts430_eabi.lib</file>
         <name>args_main.obj</name>
      </input_file>
      <input_file id="fl-55">
         <path>D:\Software\TI\ccsv6\tools\compiler\msp430_15.12.2.LTS\lib\</path>
         <kind>archive</kind>
         <file>rts430_eabi.lib</file>
         <name>autoinit.obj</name>
      </input_file>
      <input_file id="fl-56">
         <path>D:\Software\TI\ccsv6\tools\compiler\msp430_15.12.2.LTS\lib\</path>
         <kind>archive</kind>
         <file>rts430_eabi.lib</file>
         <name>cpy_tbl.obj</name>
      </input_file>
      <input_file id="fl-57">
         <path>D:\Software\TI\ccsv6\tools\compiler\msp430_15.12.2.LTS\lib\</path>
         <kind>archive</kind>
         <file>rts430_eabi.lib</file>
         <name>frcmpyd.obj</name>
      </input_file>
      <input_file id="fl-58">
         <path>D:\Software\TI\ccsv6\tools\compiler\msp430_15.12.2.LTS\lib\</path>
         <kind>archive</kind>
         <file>rts430_eabi.lib</file>
         <name>fs_cmp.obj</name>
      </input_file>
      <input_file id="fl-59">
         <path>D:\Software\TI\ccsv6\tools\compiler\msp430_15.12.2.LTS\lib\</path>
         <kind>archive</kind>
         <file>rts430_eabi.lib</file>
         <name>startup.obj</name>
      </input_file>
   </input_file_list>
   <object_component_list>
      <object_component id="oc-206">
         <name>.common:test_0</name>
         <uninitialized>true</uninitialized>
         <run_address>0x394</run_address>
         <size>0x2</size>
      </object_component>
      <object_component id="oc-207">
         <name>.common:test_1</name>
         <uninitialized>true</uninitialized>
         <run_address>0x396</run_address>
         <size>0x2</size>
      </object_component>
      <object_component id="oc-180">
         <name>.common:rxPackArray</name>
         <uninitialized>true</uninitialized>
         <run_address>0x200</run_address>
         <size>0x100</size>
      </object_component>
      <object_component id="oc-1a8">
         <name>.common:received_ch</name>
         <uninitialized>true</uninitialized>
         <run_address>0x39d</run_address>
         <size>0x1</size>
      </object_component>
      <object_component id="oc-1a7">
         <name>.common:sensor</name>
         <uninitialized>true</uninitialized>
         <run_address>0x392</run_address>
         <size>0x2</size>
      </object_component>
      <object_component id="oc-179">
         <name>.common:read</name>
         <uninitialized>true</uninitialized>
         <run_address>0x38e</run_address>
         <size>0x2</size>
      </object_component>
      <object_component id="oc-1cd">
         <name>.common:accelorameter_raw</name>
         <uninitialized>true</uninitialized>
         <run_address>0x320</run_address>
         <size>0x6</size>
      </object_component>
      <object_component id="oc-208">
         <name>.common:gyroscope_raw</name>
         <uninitialized>true</uninitialized>
         <run_address>0x326</run_address>
         <size>0x6</size>
      </object_component>
      <object_component id="oc-212">
         <name>.common:magnetometer_raw</name>
         <uninitialized>true</uninitialized>
         <run_address>0x32c</run_address>
         <size>0x6</size>
      </object_component>
      <object_component id="oc-1fd">
         <name>.common:whoami</name>
         <uninitialized>true</uninitialized>
         <run_address>0x398</run_address>
         <size>0x2</size>
      </object_component>
      <object_component id="oc-2c1">
         <name>.common:MagID</name>
         <uninitialized>true</uninitialized>
         <run_address>0x382</run_address>
         <size>0x2</size>
      </object_component>
      <object_component id="oc-203">
         <name>.common:ax</name>
         <uninitialized>true</uninitialized>
         <run_address>0x33a</run_address>
         <size>0x4</size>
      </object_component>
      <object_component id="oc-204">
         <name>.common:ay</name>
         <uninitialized>true</uninitialized>
         <run_address>0x33e</run_address>
         <size>0x4</size>
      </object_component>
      <object_component id="oc-205">
         <name>.common:az</name>
         <uninitialized>true</uninitialized>
         <run_address>0x342</run_address>
         <size>0x4</size>
      </object_component>
      <object_component id="oc-20f">
         <name>.common:gx</name>
         <uninitialized>true</uninitialized>
         <run_address>0x346</run_address>
         <size>0x4</size>
      </object_component>
      <object_component id="oc-210">
         <name>.common:gy</name>
         <uninitialized>true</uninitialized>
         <run_address>0x34a</run_address>
         <size>0x4</size>
      </object_component>
      <object_component id="oc-211">
         <name>.common:gz</name>
         <uninitialized>true</uninitialized>
         <run_address>0x34e</run_address>
         <size>0x4</size>
      </object_component>
      <object_component id="oc-22b">
         <name>.common:mx</name>
         <uninitialized>true</uninitialized>
         <run_address>0x352</run_address>
         <size>0x4</size>
      </object_component>
      <object_component id="oc-22c">
         <name>.common:my</name>
         <uninitialized>true</uninitialized>
         <run_address>0x356</run_address>
         <size>0x4</size>
      </object_component>
      <object_component id="oc-22d">
         <name>.common:mz</name>
         <uninitialized>true</uninitialized>
         <run_address>0x35a</run_address>
         <size>0x4</size>
      </object_component>
      <object_component id="oc-270">
         <name>.common:pitch</name>
         <uninitialized>true</uninitialized>
         <run_address>0x36a</run_address>
         <size>0x4</size>
      </object_component>
      <object_component id="oc-269">
         <name>.common:roll</name>
         <uninitialized>true</uninitialized>
         <run_address>0x36e</run_address>
         <size>0x4</size>
      </object_component>
      <object_component id="oc-24c">
         <name>.common:pax</name>
         <uninitialized>true</uninitialized>
         <run_address>0x35e</run_address>
         <size>0x4</size>
      </object_component>
      <object_component id="oc-24d">
         <name>.common:pay</name>
         <uninitialized>true</uninitialized>
         <run_address>0x362</run_address>
         <size>0x4</size>
      </object_component>
      <object_component id="oc-24e">
         <name>.common:paz</name>
         <uninitialized>true</uninitialized>
         <run_address>0x366</run_address>
         <size>0x4</size>
      </object_component>
      <object_component id="oc-239">
         <name>.common:temperature</name>
         <uninitialized>true</uninitialized>
         <run_address>0x37e</run_address>
         <size>0x4</size>
      </object_component>
      <object_component id="oc-255">
         <name>.common:ax_char</name>
         <uninitialized>true</uninitialized>
         <run_address>0x384</run_address>
         <size>0x2</size>
      </object_component>
      <object_component id="oc-25c">
         <name>.common:ay_char</name>
         <uninitialized>true</uninitialized>
         <run_address>0x386</run_address>
         <size>0x2</size>
      </object_component>
      <object_component id="oc-25d">
         <name>.common:az_char</name>
         <uninitialized>true</uninitialized>
         <run_address>0x388</run_address>
         <size>0x2</size>
      </object_component>
      <object_component id="oc-271">
         <name>.common:roll_char</name>
         <uninitialized>true</uninitialized>
         <run_address>0x390</run_address>
         <size>0x2</size>
      </object_component>
      <object_component id="oc-272">
         <name>.common:pitch_char</name>
         <uninitialized>true</uninitialized>
         <run_address>0x38a</run_address>
         <size>0x2</size>
      </object_component>
      <object_component id="oc-323">
         <name>.common:posX_char</name>
         <uninitialized>true</uninitialized>
         <run_address>0x38c</run_address>
         <size>0x2</size>
      </object_component>
      <object_component id="oc-354">
         <name>.common:direction</name>
         <uninitialized>true</uninitialized>
         <run_address>0x39c</run_address>
         <size>0x1</size>
      </object_component>
      <object_component id="oc-3b3">
         <name>.common:countx</name>
         <uninitialized>true</uninitialized>
         <run_address>0x39a</run_address>
         <size>0x1</size>
      </object_component>
      <object_component id="oc-3b4">
         <name>.common:county</name>
         <uninitialized>true</uninitialized>
         <run_address>0x39b</run_address>
         <size>0x1</size>
      </object_component>
      <object_component id="oc-1d4">
         <name>.common:sstatex</name>
         <uninitialized>true</uninitialized>
         <run_address>0x372</run_address>
         <size>0x4</size>
      </object_component>
      <object_component id="oc-1d5">
         <name>.common:sstatey</name>
         <uninitialized>true</uninitialized>
         <run_address>0x376</run_address>
         <size>0x4</size>
      </object_component>
      <object_component id="oc-1d6">
         <name>.common:sstatez</name>
         <uninitialized>true</uninitialized>
         <run_address>0x37a</run_address>
         <size>0x4</size>
      </object_component>
      <object_component id="oc-34a">
         <name>.common:velocityx</name>
         <uninitialized>true</uninitialized>
         <run_address>0x310</run_address>
         <size>0x8</size>
      </object_component>
      <object_component id="oc-34c">
         <name>.common:velocityy</name>
         <uninitialized>true</uninitialized>
         <run_address>0x318</run_address>
         <size>0x8</size>
      </object_component>
      <object_component id="oc-34b">
         <name>.common:positionX</name>
         <uninitialized>true</uninitialized>
         <run_address>0x300</run_address>
         <size>0x8</size>
      </object_component>
      <object_component id="oc-34d">
         <name>.common:positionY</name>
         <uninitialized>true</uninitialized>
         <run_address>0x308</run_address>
         <size>0x8</size>
      </object_component>
      <object_component id="oc-348">
         <name>.common:accelerationX</name>
         <uninitialized>true</uninitialized>
         <run_address>0x332</run_address>
         <size>0x4</size>
      </object_component>
      <object_component id="oc-349">
         <name>.common:accelerationY</name>
         <uninitialized>true</uninitialized>
         <run_address>0x336</run_address>
         <size>0x4</size>
      </object_component>
      <object_component id="oc-17d">
         <name>.data</name>
         <load_address>0x39e</load_address>
         <run_address>0x39e</run_address>
         <size>0x8</size>
         <input_file_ref idref="fl-2"/>
      </object_component>
      <object_component id="oc-33e">
         <name>.data</name>
         <load_address>0x3a6</load_address>
         <run_address>0x3a6</run_address>
         <size>0x2</size>
         <input_file_ref idref="fl-2b"/>
      </object_component>
      <object_component id="oc-f1">
         <name>.stack</name>
         <uninitialized>true</uninitialized>
         <run_address>0x3b0</run_address>
         <size>0x2</size>
         <input_file_ref idref="fl-20"/>
      </object_component>
      <object_component id="oc-40c">
         <name>.stack</name>
         <uninitialized>true</uninitialized>
         <run_address>0x3b0</run_address>
         <size>0x0</size>
      </object_component>
      <object_component id="oc-147">
         <name>.text:main</name>
         <load_address>0xc000</load_address>
         <run_address>0xc000</run_address>
         <size>0x824</size>
         <input_file_ref idref="fl-2"/>
      </object_component>
      <object_component id="oc-30e">
         <name>.text:__TI_frcdivd</name>
         <load_address>0xc824</load_address>
         <run_address>0xc824</run_address>
         <size>0x48e</size>
         <input_file_ref idref="fl-31"/>
      </object_component>
      <object_component id="oc-2ec">
         <name>.text:__TI_frcmpyd</name>
         <load_address>0xccb2</load_address>
         <run_address>0xccb2</run_address>
         <size>0x2f4</size>
         <input_file_ref idref="fl-57"/>
      </object_component>
      <object_component id="oc-246">
         <name>.text:__mspabi_addd</name>
         <load_address>0xcfa6</load_address>
         <run_address>0xcfa6</run_address>
         <size>0x2e8</size>
         <input_file_ref idref="fl-1d"/>
      </object_component>
      <object_component id="oc-1ce">
         <name>.text:Read_Accelorameter</name>
         <load_address>0xd28e</load_address>
         <run_address>0xd28e</run_address>
         <size>0x29e</size>
         <input_file_ref idref="fl-2"/>
      </object_component>
      <object_component id="oc-32c">
         <name>.text:atanf</name>
         <load_address>0xd52c</load_address>
         <run_address>0xd52c</run_address>
         <size>0x276</size>
         <input_file_ref idref="fl-52"/>
      </object_component>
      <object_component id="oc-21f">
         <name>.text:__mspabi_mpyd</name>
         <load_address>0xd7a2</load_address>
         <run_address>0xd7a2</run_address>
         <size>0x26e</size>
         <input_file_ref idref="fl-4d"/>
      </object_component>
      <object_component id="oc-316">
         <name>.text:__TI_frcaddd</name>
         <load_address>0xda10</load_address>
         <run_address>0xda10</run_address>
         <size>0x260</size>
         <input_file_ref idref="fl-30"/>
      </object_component>
      <object_component id="oc-263">
         <name>.text:atan2f</name>
         <load_address>0xdc70</load_address>
         <run_address>0xdc70</run_address>
         <size>0x240</size>
         <input_file_ref idref="fl-28"/>
      </object_component>
      <object_component id="oc-240">
         <name>.text:__mspabi_divd</name>
         <load_address>0xdeb0</load_address>
         <run_address>0xdeb0</run_address>
         <size>0x238</size>
         <input_file_ref idref="fl-27"/>
      </object_component>
      <object_component id="oc-213">
         <name>.text:Read_Magnetometer</name>
         <load_address>0xe0e8</load_address>
         <run_address>0xe0e8</run_address>
         <size>0x1fa</size>
         <input_file_ref idref="fl-2"/>
      </object_component>
      <object_component id="oc-209">
         <name>.text:Read_Gyroscope</name>
         <load_address>0xe2e2</load_address>
         <run_address>0xe2e2</run_address>
         <size>0x1ce</size>
         <input_file_ref idref="fl-2"/>
      </object_component>
      <object_component id="oc-273">
         <name>.text:Position</name>
         <load_address>0xe4b0</load_address>
         <run_address>0xe4b0</run_address>
         <size>0x1c6</size>
         <input_file_ref idref="fl-2"/>
      </object_component>
      <object_component id="oc-26a">
         <name>.text:sqrtf</name>
         <load_address>0xe676</load_address>
         <run_address>0xe676</run_address>
         <size>0x13c</size>
         <input_file_ref idref="fl-29"/>
      </object_component>
      <object_component id="oc-234">
         <name>.text</name>
         <load_address>0xe7b2</load_address>
         <run_address>0xe7b2</run_address>
         <size>0x132</size>
         <input_file_ref idref="fl-32"/>
      </object_component>
      <object_component id="oc-1b5">
         <name>.text:Init_BMX055</name>
         <load_address>0xe8e4</load_address>
         <run_address>0xe8e4</run_address>
         <size>0x126</size>
         <input_file_ref idref="fl-2"/>
      </object_component>
      <object_component id="oc-1c1">
         <name>.text:Init_MPU9250</name>
         <load_address>0xea0a</load_address>
         <run_address>0xea0a</run_address>
         <size>0x10c</size>
         <input_file_ref idref="fl-2"/>
      </object_component>
      <object_component id="oc-1e1">
         <name>.text</name>
         <load_address>0xeb16</load_address>
         <run_address>0xeb16</run_address>
         <size>0xc4</size>
         <input_file_ref idref="fl-36"/>
      </object_component>
      <object_component id="oc-392">
         <name>.text:__TI_renormd</name>
         <load_address>0xebda</load_address>
         <run_address>0xebda</run_address>
         <size>0xbe</size>
         <input_file_ref idref="fl-51"/>
      </object_component>
      <object_component id="oc-2e5">
         <name>.text:__mspabi_fltlid</name>
         <load_address>0xec98</load_address>
         <run_address>0xec98</run_address>
         <size>0xac</size>
         <input_file_ref idref="fl-2f"/>
      </object_component>
      <object_component id="oc-332">
         <name>.text</name>
         <load_address>0xed44</load_address>
         <run_address>0xed44</run_address>
         <size>0x9c</size>
         <input_file_ref idref="fl-33"/>
      </object_component>
      <object_component id="oc-256">
         <name>.text:Uart_TransmitTxPack</name>
         <load_address>0xede0</load_address>
         <run_address>0xede0</run_address>
         <size>0x8c</size>
         <input_file_ref idref="fl-2"/>
      </object_component>
      <object_component id="oc-225">
         <name>.text:__mspabi_cvtdf</name>
         <load_address>0xee6c</load_address>
         <run_address>0xee6c</run_address>
         <size>0x8c</size>
         <input_file_ref idref="fl-25"/>
      </object_component>
      <object_component id="oc-1af">
         <name>.text:Init_BMI160</name>
         <load_address>0xeef8</load_address>
         <run_address>0xeef8</run_address>
         <size>0x8a</size>
         <input_file_ref idref="fl-2"/>
      </object_component>
      <object_component id="oc-11a">
         <name>.text:USCI0RX_ISR</name>
         <load_address>0xef82</load_address>
         <run_address>0xef82</run_address>
         <size>0x88</size>
         <input_file_ref idref="fl-2"/>
      </object_component>
      <object_component id="oc-24f">
         <name>.text:Float_to_Char_array</name>
         <load_address>0xf00a</load_address>
         <run_address>0xf00a</run_address>
         <size>0x80</size>
         <input_file_ref idref="fl-2"/>
      </object_component>
      <object_component id="oc-1e6">
         <name>.text</name>
         <load_address>0xf08a</load_address>
         <run_address>0xf08a</run_address>
         <size>0x7e</size>
         <input_file_ref idref="fl-39"/>
      </object_component>
      <object_component id="oc-1a9">
         <name>.text:Init</name>
         <load_address>0xf108</load_address>
         <run_address>0xf108</run_address>
         <size>0x78</size>
         <input_file_ref idref="fl-2"/>
      </object_component>
      <object_component id="oc-22e">
         <name>.text:Read_Temp</name>
         <load_address>0xf180</load_address>
         <run_address>0xf180</run_address>
         <size>0x74</size>
         <input_file_ref idref="fl-2"/>
      </object_component>
      <object_component id="oc-23a">
         <name>.text:__mspabi_cvtfd</name>
         <load_address>0xf1f4</load_address>
         <run_address>0xf1f4</run_address>
         <size>0x72</size>
         <input_file_ref idref="fl-26"/>
      </object_component>
      <object_component id="oc-1c7">
         <name>.text:Setup_Wake_on_Motion_Interrupt</name>
         <load_address>0xf266</load_address>
         <run_address>0xf266</run_address>
         <size>0x6e</size>
         <input_file_ref idref="fl-2"/>
      </object_component>
      <object_component id="oc-12d">
         <name>.text:_auto_init</name>
         <load_address>0xf2d4</load_address>
         <run_address>0xf2d4</run_address>
         <size>0x6e</size>
         <input_file_ref idref="fl-55"/>
      </object_component>
      <object_component id="oc-31e">
         <name>.text</name>
         <load_address>0xf342</load_address>
         <run_address>0xf342</run_address>
         <size>0x68</size>
         <input_file_ref idref="fl-38"/>
      </object_component>
      <object_component id="oc-102">
         <name>.text:__TI_decompress_rle_core</name>
         <load_address>0xf3aa</load_address>
         <run_address>0xf3aa</run_address>
         <size>0x64</size>
         <input_file_ref idref="fl-23"/>
      </object_component>
      <object_component id="oc-1bb">
         <name>.text:Init_LSM9DS1</name>
         <load_address>0xf40e</load_address>
         <run_address>0xf40e</run_address>
         <size>0x60</size>
         <input_file_ref idref="fl-2"/>
      </object_component>
      <object_component id="oc-369">
         <name>.text:l_lsr_const</name>
         <load_address>0xf46e</load_address>
         <run_address>0xf46e</run_address>
         <size>0x5c</size>
         <input_file_ref idref="fl-49"/>
      </object_component>
      <object_component id="oc-185">
         <name>.text:copy_in</name>
         <load_address>0xf4ca</load_address>
         <run_address>0xf4ca</run_address>
         <size>0x5a</size>
         <input_file_ref idref="fl-56"/>
      </object_component>
      <object_component id="oc-34e">
         <name>.text:Movement_end_check</name>
         <load_address>0xf524</load_address>
         <run_address>0xf524</run_address>
         <size>0x52</size>
         <input_file_ref idref="fl-2"/>
      </object_component>
      <object_component id="oc-2bb">
         <name>.text:Read_Magnetometer_Id</name>
         <load_address>0xf576</load_address>
         <run_address>0xf576</run_address>
         <size>0x4e</size>
         <input_file_ref idref="fl-2"/>
      </object_component>
      <object_component id="oc-2fe">
         <name>.text</name>
         <load_address>0xf5c4</load_address>
         <run_address>0xf5c4</run_address>
         <size>0x4c</size>
         <input_file_ref idref="fl-48"/>
      </object_component>
      <object_component id="oc-3a3">
         <name>.text</name>
         <load_address>0xf610</load_address>
         <run_address>0xf610</run_address>
         <size>0x4a</size>
         <input_file_ref idref="fl-58"/>
      </object_component>
      <object_component id="oc-1dc">
         <name>.text</name>
         <load_address>0xf65a</load_address>
         <run_address>0xf65a</run_address>
         <size>0x4a</size>
         <input_file_ref idref="fl-35"/>
      </object_component>
      <object_component id="oc-2db">
         <name>.text:SPI_Transceive</name>
         <load_address>0xf6a4</load_address>
         <run_address>0xf6a4</run_address>
         <size>0x48</size>
         <input_file_ref idref="fl-2"/>
      </object_component>
      <object_component id="oc-1d7">
         <name>.text:l_asr_const</name>
         <load_address>0xf6ec</load_address>
         <run_address>0xf6ec</run_address>
         <size>0x3e</size>
         <input_file_ref idref="fl-1f"/>
      </object_component>
      <object_component id="oc-2f9">
         <name>.text:l_lsl_const</name>
         <load_address>0xf72a</load_address>
         <run_address>0xf72a</run_address>
         <size>0x3e</size>
         <input_file_ref idref="fl-47"/>
      </object_component>
      <object_component id="oc-1fe">
         <name>.text</name>
         <load_address>0xf768</load_address>
         <run_address>0xf768</run_address>
         <size>0x36</size>
         <input_file_ref idref="fl-34"/>
      </object_component>
      <object_component id="oc-2c9">
         <name>.text</name>
         <load_address>0xf79e</load_address>
         <run_address>0xf79e</run_address>
         <size>0x2c</size>
         <input_file_ref idref="fl-1e"/>
      </object_component>
      <object_component id="oc-2c4">
         <name>.text</name>
         <load_address>0xf7ca</load_address>
         <run_address>0xf7ca</run_address>
         <size>0x2c</size>
         <input_file_ref idref="fl-46"/>
      </object_component>
      <object_component id="oc-2ce">
         <name>.text:Twos_Complement_To_Decimal</name>
         <load_address>0xf7f6</load_address>
         <run_address>0xf7f6</run_address>
         <size>0x28</size>
         <input_file_ref idref="fl-2"/>
      </object_component>
      <object_component id="oc-370">
         <name>.text</name>
         <load_address>0xf81e</load_address>
         <run_address>0xf81e</run_address>
         <size>0x26</size>
         <input_file_ref idref="fl-4f"/>
      </object_component>
      <object_component id="oc-6b">
         <name>.text:_c_int00_noargs_noexit</name>
         <load_address>0xf844</load_address>
         <run_address>0xf844</run_address>
         <size>0x1a</size>
         <input_file_ref idref="fl-21"/>
      </object_component>
      <object_component id="oc-1f1">
         <name>.text:Uart_putchar</name>
         <load_address>0xf85e</load_address>
         <run_address>0xf85e</run_address>
         <size>0x18</size>
         <input_file_ref idref="fl-2"/>
      </object_component>
      <object_component id="oc-1eb">
         <name>.text:PackCRC</name>
         <load_address>0xf876</load_address>
         <run_address>0xf876</run_address>
         <size>0x16</size>
         <input_file_ref idref="fl-2"/>
      </object_component>
      <object_component id="oc-282">
         <name>.text</name>
         <load_address>0xf88c</load_address>
         <run_address>0xf88c</run_address>
         <size>0x14</size>
         <input_file_ref idref="fl-4e"/>
      </object_component>
      <object_component id="oc-1f7">
         <name>.text:SPI_Read</name>
         <load_address>0xf8a0</load_address>
         <run_address>0xf8a0</run_address>
         <size>0x12</size>
         <input_file_ref idref="fl-2"/>
      </object_component>
      <object_component id="oc-34">
         <name>.text:decompress:none:__TI_decompress_none</name>
         <load_address>0xf8b2</load_address>
         <run_address>0xf8b2</run_address>
         <size>0x12</size>
         <input_file_ref idref="fl-22"/>
      </object_component>
      <object_component id="oc-388">
         <name>.text:l_lsr</name>
         <load_address>0xf8c4</load_address>
         <run_address>0xf8c4</run_address>
         <size>0x12</size>
         <input_file_ref idref="fl-49"/>
      </object_component>
      <object_component id="oc-f5">
         <name>.text:memcpy</name>
         <load_address>0xf8d6</load_address>
         <run_address>0xf8d6</run_address>
         <size>0x12</size>
         <input_file_ref idref="fl-4b"/>
      </object_component>
      <object_component id="oc-38d">
         <name>.text:l_asr</name>
         <load_address>0xf8e8</load_address>
         <run_address>0xf8e8</run_address>
         <size>0x10</size>
         <input_file_ref idref="fl-1f"/>
      </object_component>
      <object_component id="oc-383">
         <name>.text:l_lsl</name>
         <load_address>0xf8f8</load_address>
         <run_address>0xf8f8</run_address>
         <size>0x10</size>
         <input_file_ref idref="fl-47"/>
      </object_component>
      <object_component id="oc-170">
         <name>.text</name>
         <load_address>0xf908</load_address>
         <run_address>0xf908</run_address>
         <size>0x10</size>
         <input_file_ref idref="fl-2a"/>
      </object_component>
      <object_component id="oc-219">
         <name>.text:__mspabi_fltid</name>
         <load_address>0xf918</load_address>
         <run_address>0xf918</run_address>
         <size>0xc</size>
         <input_file_ref idref="fl-2e"/>
      </object_component>
      <object_component id="oc-114">
         <name>.text:Port_1</name>
         <load_address>0xf924</load_address>
         <run_address>0xf924</run_address>
         <size>0xa</size>
         <input_file_ref idref="fl-2"/>
      </object_component>
      <object_component id="oc-25e">
         <name>.text</name>
         <load_address>0xf92e</load_address>
         <run_address>0xf92e</run_address>
         <size>0xa</size>
         <input_file_ref idref="fl-37"/>
      </object_component>
      <object_component id="oc-10f">
         <name>.text:_isr:__TI_ISR_TRAP</name>
         <load_address>0xf938</load_address>
         <run_address>0xf938</run_address>
         <size>0x8</size>
         <input_file_ref idref="fl-45"/>
      </object_component>
      <object_component id="oc-2b2">
         <name>.text:SPI_Write</name>
         <load_address>0xf940</load_address>
         <run_address>0xf940</run_address>
         <size>0x6</size>
         <input_file_ref idref="fl-2"/>
      </object_component>
      <object_component id="oc-14f">
         <name>.text:abort</name>
         <load_address>0xf946</load_address>
         <run_address>0xf946</run_address>
         <size>0x6</size>
         <input_file_ref idref="fl-2c"/>
      </object_component>
      <object_component id="oc-3a">
         <name>.text:decompress:rle24:__TI_decompress_rle24</name>
         <load_address>0xf94c</load_address>
         <run_address>0xf94c</run_address>
         <size>0x6</size>
         <input_file_ref idref="fl-23"/>
      </object_component>
      <object_component id="oc-127">
         <name>.text:_system_pre_init</name>
         <load_address>0xf952</load_address>
         <run_address>0xf952</run_address>
         <size>0x4</size>
         <input_file_ref idref="fl-50"/>
      </object_component>
      <object_component id="oc-18b">
         <name>.text:_system_post_cinit</name>
         <load_address>0xf956</load_address>
         <run_address>0xf956</run_address>
         <size>0x2</size>
         <input_file_ref idref="fl-59"/>
      </object_component>
      <object_component id="oc-40a">
         <name>.cinit..bss.load</name>
         <load_address>0xf98c</load_address>
         <run_address>0xf98c</run_address>
         <size>0xb</size>
      </object_component>
      <object_component id="oc-40b">
         <name>.cinit..data.load</name>
         <load_address>0xf998</load_address>
         <run_address>0xf998</run_address>
         <size>0x9</size>
      </object_component>
      <object_component id="oc-408">
         <name>__TI_handler_table</name>
         <load_address>0xf9a2</load_address>
         <run_address>0xf9a2</run_address>
         <size>0x4</size>
      </object_component>
      <object_component id="oc-409">
         <name>__TI_cinit_table</name>
         <load_address>0xf9a6</load_address>
         <run_address>0xf9a6</run_address>
         <size>0x8</size>
      </object_component>
      <object_component id="oc-3a8">
         <name>.const:aT</name>
         <load_address>0xf958</load_address>
         <run_address>0xf958</run_address>
         <size>0x14</size>
         <input_file_ref idref="fl-52"/>
      </object_component>
      <object_component id="oc-39d">
         <name>.const:atanhi</name>
         <load_address>0xf96c</load_address>
         <run_address>0xf96c</run_address>
         <size>0x10</size>
         <input_file_ref idref="fl-52"/>
      </object_component>
      <object_component id="oc-3a0">
         <name>.const:atanlo</name>
         <load_address>0xf97c</load_address>
         <run_address>0xf97c</run_address>
         <size>0x10</size>
         <input_file_ref idref="fl-52"/>
      </object_component>
      <object_component id="oc-3d2">
         <name>.binit</name>
         <load_address>0xc000</load_address>
         <run_address>0xc000</run_address>
         <size>0x0</size>
      </object_component>
      <object_component id="oc-40">
         <name>.int00</name>
         <load_address>0xffe0</load_address>
         <run_address>0xffe0</run_address>
         <size>0x2</size>
         <input_file_ref idref="fl-3a"/>
      </object_component>
      <object_component id="oc-41">
         <name>.int02</name>
         <load_address>0xffe4</load_address>
         <run_address>0xffe4</run_address>
         <size>0x2</size>
         <input_file_ref idref="fl-2"/>
      </object_component>
      <object_component id="oc-42">
         <name>.int03</name>
         <load_address>0xffe6</load_address>
         <run_address>0xffe6</run_address>
         <size>0x2</size>
         <input_file_ref idref="fl-3b"/>
      </object_component>
      <object_component id="oc-43">
         <name>.int05</name>
         <load_address>0xffea</load_address>
         <run_address>0xffea</run_address>
         <size>0x2</size>
         <input_file_ref idref="fl-3c"/>
      </object_component>
      <object_component id="oc-44">
         <name>.int06</name>
         <load_address>0xffec</load_address>
         <run_address>0xffec</run_address>
         <size>0x2</size>
         <input_file_ref idref="fl-3d"/>
      </object_component>
      <object_component id="oc-45">
         <name>.int07</name>
         <load_address>0xffee</load_address>
         <run_address>0xffee</run_address>
         <size>0x2</size>
         <input_file_ref idref="fl-2"/>
      </object_component>
      <object_component id="oc-46">
         <name>.int08</name>
         <load_address>0xfff0</load_address>
         <run_address>0xfff0</run_address>
         <size>0x2</size>
         <input_file_ref idref="fl-3e"/>
      </object_component>
      <object_component id="oc-47">
         <name>.int09</name>
         <load_address>0xfff2</load_address>
         <run_address>0xfff2</run_address>
         <size>0x2</size>
         <input_file_ref idref="fl-3f"/>
      </object_component>
      <object_component id="oc-48">
         <name>.int10</name>
         <load_address>0xfff4</load_address>
         <run_address>0xfff4</run_address>
         <size>0x2</size>
         <input_file_ref idref="fl-40"/>
      </object_component>
      <object_component id="oc-49">
         <name>.int11</name>
         <load_address>0xfff6</load_address>
         <run_address>0xfff6</run_address>
         <size>0x2</size>
         <input_file_ref idref="fl-41"/>
      </object_component>
      <object_component id="oc-4a">
         <name>.int12</name>
         <load_address>0xfff8</load_address>
         <run_address>0xfff8</run_address>
         <size>0x2</size>
         <input_file_ref idref="fl-42"/>
      </object_component>
      <object_component id="oc-4b">
         <name>.int13</name>
         <load_address>0xfffa</load_address>
         <run_address>0xfffa</run_address>
         <size>0x2</size>
         <input_file_ref idref="fl-43"/>
      </object_component>
      <object_component id="oc-4c">
         <name>.int14</name>
         <load_address>0xfffc</load_address>
         <run_address>0xfffc</run_address>
         <size>0x2</size>
         <input_file_ref idref="fl-44"/>
      </object_component>
      <object_component id="oc-f4">
         <name>.reset</name>
         <load_address>0xfffe</load_address>
         <run_address>0xfffe</run_address>
         <size>0x2</size>
         <input_file_ref idref="fl-20"/>
      </object_component>
      <object_component id="oc-17a">
         <name>.debug_info</name>
         <load_address>0x0</load_address>
         <run_address>0x0</run_address>
         <size>0xbb1</size>
         <input_file_ref idref="fl-2"/>
      </object_component>
      <object_component id="oc-17e">
         <name>.debug_info</name>
         <load_address>0xbb1</load_address>
         <run_address>0xbb1</run_address>
         <size>0x1b3</size>
         <input_file_ref idref="fl-2"/>
      </object_component>
      <object_component id="oc-148">
         <name>.debug_info</name>
         <load_address>0xd64</load_address>
         <run_address>0xd64</run_address>
         <size>0xd03</size>
         <input_file_ref idref="fl-2"/>
      </object_component>
      <object_component id="oc-250">
         <name>.debug_info</name>
         <load_address>0x1a67</load_address>
         <run_address>0x1a67</run_address>
         <size>0x177</size>
         <input_file_ref idref="fl-2"/>
      </object_component>
      <object_component id="oc-1aa">
         <name>.debug_info</name>
         <load_address>0x1bde</load_address>
         <run_address>0x1bde</run_address>
         <size>0xf7</size>
         <input_file_ref idref="fl-2"/>
      </object_component>
      <object_component id="oc-1c2">
         <name>.debug_info</name>
         <load_address>0x1cd5</load_address>
         <run_address>0x1cd5</run_address>
         <size>0x232</size>
         <input_file_ref idref="fl-2"/>
      </object_component>
      <object_component id="oc-1bc">
         <name>.debug_info</name>
         <load_address>0x1f07</load_address>
         <run_address>0x1f07</run_address>
         <size>0x167</size>
         <input_file_ref idref="fl-2"/>
      </object_component>
      <object_component id="oc-1b6">
         <name>.debug_info</name>
         <load_address>0x206e</load_address>
         <run_address>0x206e</run_address>
         <size>0x245</size>
         <input_file_ref idref="fl-2"/>
      </object_component>
      <object_component id="oc-1b0">
         <name>.debug_info</name>
         <load_address>0x22b3</load_address>
         <run_address>0x22b3</run_address>
         <size>0x175</size>
         <input_file_ref idref="fl-2"/>
      </object_component>
      <object_component id="oc-22f">
         <name>.debug_info</name>
         <load_address>0x2428</load_address>
         <run_address>0x2428</run_address>
         <size>0x168</size>
         <input_file_ref idref="fl-2"/>
      </object_component>
      <object_component id="oc-1cf">
         <name>.debug_info</name>
         <load_address>0x2590</load_address>
         <run_address>0x2590</run_address>
         <size>0x3b8</size>
         <input_file_ref idref="fl-2"/>
      </object_component>
      <object_component id="oc-20a">
         <name>.debug_info</name>
         <load_address>0x2948</load_address>
         <run_address>0x2948</run_address>
         <size>0x2c9</size>
         <input_file_ref idref="fl-2"/>
      </object_component>
      <object_component id="oc-214">
         <name>.debug_info</name>
         <load_address>0x2c11</load_address>
         <run_address>0x2c11</run_address>
         <size>0x2e7</size>
         <input_file_ref idref="fl-2"/>
      </object_component>
      <object_component id="oc-2bc">
         <name>.debug_info</name>
         <load_address>0x2ef8</load_address>
         <run_address>0x2ef8</run_address>
         <size>0x167</size>
         <input_file_ref idref="fl-2"/>
      </object_component>
      <object_component id="oc-1c8">
         <name>.debug_info</name>
         <load_address>0x305f</load_address>
         <run_address>0x305f</run_address>
         <size>0x1ab</size>
         <input_file_ref idref="fl-2"/>
      </object_component>
      <object_component id="oc-2cf">
         <name>.debug_info</name>
         <load_address>0x320a</load_address>
         <run_address>0x320a</run_address>
         <size>0x1e8</size>
         <input_file_ref idref="fl-2"/>
      </object_component>
      <object_component id="oc-2b3">
         <name>.debug_info</name>
         <load_address>0x33f2</load_address>
         <run_address>0x33f2</run_address>
         <size>0x151</size>
         <input_file_ref idref="fl-2"/>
      </object_component>
      <object_component id="oc-1f8">
         <name>.debug_info</name>
         <load_address>0x3543</load_address>
         <run_address>0x3543</run_address>
         <size>0x151</size>
         <input_file_ref idref="fl-2"/>
      </object_component>
      <object_component id="oc-2dc">
         <name>.debug_info</name>
         <load_address>0x3694</load_address>
         <run_address>0x3694</run_address>
         <size>0x185</size>
         <input_file_ref idref="fl-2"/>
      </object_component>
      <object_component id="oc-1f2">
         <name>.debug_info</name>
         <load_address>0x3819</load_address>
         <run_address>0x3819</run_address>
         <size>0x11d</size>
         <input_file_ref idref="fl-2"/>
      </object_component>
      <object_component id="oc-257">
         <name>.debug_info</name>
         <load_address>0x3936</load_address>
         <run_address>0x3936</run_address>
         <size>0x1cc</size>
         <input_file_ref idref="fl-2"/>
      </object_component>
      <object_component id="oc-1ec">
         <name>.debug_info</name>
         <load_address>0x3b02</load_address>
         <run_address>0x3b02</run_address>
         <size>0x157</size>
         <input_file_ref idref="fl-2"/>
      </object_component>
      <object_component id="oc-274">
         <name>.debug_info</name>
         <load_address>0x3c59</load_address>
         <run_address>0x3c59</run_address>
         <size>0x142</size>
         <input_file_ref idref="fl-2"/>
      </object_component>
      <object_component id="oc-34f">
         <name>.debug_info</name>
         <load_address>0x3d9b</load_address>
         <run_address>0x3d9b</run_address>
         <size>0x113</size>
         <input_file_ref idref="fl-2"/>
      </object_component>
      <object_component id="oc-115">
         <name>.debug_info</name>
         <load_address>0x3eae</load_address>
         <run_address>0x3eae</run_address>
         <size>0xfc</size>
         <input_file_ref idref="fl-2"/>
      </object_component>
      <object_component id="oc-11b">
         <name>.debug_info</name>
         <load_address>0x3faa</load_address>
         <run_address>0x3faa</run_address>
         <size>0x106</size>
         <input_file_ref idref="fl-2"/>
      </object_component>
      <object_component id="oc-15d">
         <name>.debug_info</name>
         <load_address>0x40b0</load_address>
         <run_address>0x40b0</run_address>
         <size>0x84</size>
         <input_file_ref idref="fl-2"/>
      </object_component>
      <object_component id="oc-325">
         <name>.debug_info</name>
         <load_address>0x4134</load_address>
         <run_address>0x4134</run_address>
         <size>0xe6</size>
         <input_file_ref idref="fl-2"/>
      </object_component>
      <object_component id="oc-31d">
         <name>.debug_info</name>
         <load_address>0x421a</load_address>
         <run_address>0x421a</run_address>
         <size>0x222</size>
         <input_file_ref idref="fl-1d"/>
      </object_component>
      <object_component id="oc-247">
         <name>.debug_info</name>
         <load_address>0x443c</load_address>
         <run_address>0x443c</run_address>
         <size>0x26f</size>
         <input_file_ref idref="fl-1d"/>
      </object_component>
      <object_component id="oc-2f4">
         <name>.debug_info</name>
         <load_address>0x46ab</load_address>
         <run_address>0x46ab</run_address>
         <size>0x94</size>
         <input_file_ref idref="fl-1d"/>
      </object_component>
      <object_component id="oc-2cb">
         <name>.debug_info</name>
         <load_address>0x473f</load_address>
         <run_address>0x473f</run_address>
         <size>0x134</size>
         <input_file_ref idref="fl-1e"/>
      </object_component>
      <object_component id="oc-38e">
         <name>.debug_info</name>
         <load_address>0x4873</load_address>
         <run_address>0x4873</run_address>
         <size>0x134</size>
         <input_file_ref idref="fl-1f"/>
      </object_component>
      <object_component id="oc-1da">
         <name>.debug_info</name>
         <load_address>0x49a7</load_address>
         <run_address>0x49a7</run_address>
         <size>0x13a</size>
         <input_file_ref idref="fl-1f"/>
      </object_component>
      <object_component id="oc-f2">
         <name>.debug_info</name>
         <load_address>0x4ae1</load_address>
         <run_address>0x4ae1</run_address>
         <size>0x111</size>
         <input_file_ref idref="fl-20"/>
      </object_component>
      <object_component id="oc-6c">
         <name>.debug_info</name>
         <load_address>0x4bf2</load_address>
         <run_address>0x4bf2</run_address>
         <size>0x1b2</size>
         <input_file_ref idref="fl-21"/>
      </object_component>
      <object_component id="oc-101">
         <name>.debug_info</name>
         <load_address>0x4da4</load_address>
         <run_address>0x4da4</run_address>
         <size>0x1ce</size>
         <input_file_ref idref="fl-22"/>
      </object_component>
      <object_component id="oc-38">
         <name>.debug_info</name>
         <load_address>0x4f72</load_address>
         <run_address>0x4f72</run_address>
         <size>0x1fb</size>
         <input_file_ref idref="fl-22"/>
      </object_component>
      <object_component id="oc-fc">
         <name>.debug_info</name>
         <load_address>0x516d</load_address>
         <run_address>0x516d</run_address>
         <size>0x46</size>
         <input_file_ref idref="fl-22"/>
      </object_component>
      <object_component id="oc-169">
         <name>.debug_info</name>
         <load_address>0x51b3</load_address>
         <run_address>0x51b3</run_address>
         <size>0x2c</size>
         <input_file_ref idref="fl-22"/>
      </object_component>
      <object_component id="oc-109">
         <name>.debug_info</name>
         <load_address>0x51df</load_address>
         <run_address>0x51df</run_address>
         <size>0x190</size>
         <input_file_ref idref="fl-23"/>
      </object_component>
      <object_component id="oc-103">
         <name>.debug_info</name>
         <load_address>0x536f</load_address>
         <run_address>0x536f</run_address>
         <size>0x256</size>
         <input_file_ref idref="fl-23"/>
      </object_component>
      <object_component id="oc-3b">
         <name>.debug_info</name>
         <load_address>0x55c5</load_address>
         <run_address>0x55c5</run_address>
         <size>0x1cd</size>
         <input_file_ref idref="fl-23"/>
      </object_component>
      <object_component id="oc-10a">
         <name>.debug_info</name>
         <load_address>0x5792</load_address>
         <run_address>0x5792</run_address>
         <size>0x39</size>
         <input_file_ref idref="fl-23"/>
      </object_component>
      <object_component id="oc-164">
         <name>.debug_info</name>
         <load_address>0x57cb</load_address>
         <run_address>0x57cb</run_address>
         <size>0x2c</size>
         <input_file_ref idref="fl-24"/>
      </object_component>
      <object_component id="oc-304">
         <name>.debug_info</name>
         <load_address>0x57f7</load_address>
         <run_address>0x57f7</run_address>
         <size>0x1e0</size>
         <input_file_ref idref="fl-25"/>
      </object_component>
      <object_component id="oc-229">
         <name>.debug_info</name>
         <load_address>0x59d7</load_address>
         <run_address>0x59d7</run_address>
         <size>0x1e9</size>
         <input_file_ref idref="fl-25"/>
      </object_component>
      <object_component id="oc-309">
         <name>.debug_info</name>
         <load_address>0x5bc0</load_address>
         <run_address>0x5bc0</run_address>
         <size>0xdb</size>
         <input_file_ref idref="fl-25"/>
      </object_component>
      <object_component id="oc-308">
         <name>.debug_info</name>
         <load_address>0x5c9b</load_address>
         <run_address>0x5c9b</run_address>
         <size>0x203</size>
         <input_file_ref idref="fl-26"/>
      </object_component>
      <object_component id="oc-23c">
         <name>.debug_info</name>
         <load_address>0x5e9e</load_address>
         <run_address>0x5e9e</run_address>
         <size>0x1e0</size>
         <input_file_ref idref="fl-26"/>
      </object_component>
      <object_component id="oc-315">
         <name>.debug_info</name>
         <load_address>0x607e</load_address>
         <run_address>0x607e</run_address>
         <size>0x21d</size>
         <input_file_ref idref="fl-27"/>
      </object_component>
      <object_component id="oc-242">
         <name>.debug_info</name>
         <load_address>0x629b</load_address>
         <run_address>0x629b</run_address>
         <size>0x29b</size>
         <input_file_ref idref="fl-27"/>
      </object_component>
      <object_component id="oc-33d">
         <name>.debug_info</name>
         <load_address>0x6536</load_address>
         <run_address>0x6536</run_address>
         <size>0x1e6</size>
         <input_file_ref idref="fl-28"/>
      </object_component>
      <object_component id="oc-267">
         <name>.debug_info</name>
         <load_address>0x671c</load_address>
         <run_address>0x671c</run_address>
         <size>0x28a</size>
         <input_file_ref idref="fl-28"/>
      </object_component>
      <object_component id="oc-338">
         <name>.debug_info</name>
         <load_address>0x69a6</load_address>
         <run_address>0x69a6</run_address>
         <size>0x2c</size>
         <input_file_ref idref="fl-28"/>
      </object_component>
      <object_component id="oc-342">
         <name>.debug_info</name>
         <load_address>0x69d2</load_address>
         <run_address>0x69d2</run_address>
         <size>0x1ee</size>
         <input_file_ref idref="fl-29"/>
      </object_component>
      <object_component id="oc-26b">
         <name>.debug_info</name>
         <load_address>0x6bc0</load_address>
         <run_address>0x6bc0</run_address>
         <size>0x21e</size>
         <input_file_ref idref="fl-29"/>
      </object_component>
      <object_component id="oc-343">
         <name>.debug_info</name>
         <load_address>0x6dde</load_address>
         <run_address>0x6dde</run_address>
         <size>0x39</size>
         <input_file_ref idref="fl-29"/>
      </object_component>
      <object_component id="oc-171">
         <name>.debug_info</name>
         <load_address>0x6e17</load_address>
         <run_address>0x6e17</run_address>
         <size>0x142</size>
         <input_file_ref idref="fl-2a"/>
      </object_component>
      <object_component id="oc-33f">
         <name>.debug_info</name>
         <load_address>0x6f59</load_address>
         <run_address>0x6f59</run_address>
         <size>0x10f</size>
         <input_file_ref idref="fl-2b"/>
      </object_component>
      <object_component id="oc-152">
         <name>.debug_info</name>
         <load_address>0x7068</load_address>
         <run_address>0x7068</run_address>
         <size>0x133</size>
         <input_file_ref idref="fl-2c"/>
      </object_component>
      <object_component id="oc-21b">
         <name>.debug_info</name>
         <load_address>0x719b</load_address>
         <run_address>0x719b</run_address>
         <size>0x177</size>
         <input_file_ref idref="fl-2e"/>
      </object_component>
      <object_component id="oc-36f">
         <name>.debug_info</name>
         <load_address>0x7312</load_address>
         <run_address>0x7312</run_address>
         <size>0x1e6</size>
         <input_file_ref idref="fl-2f"/>
      </object_component>
      <object_component id="oc-2e7">
         <name>.debug_info</name>
         <load_address>0x74f8</load_address>
         <run_address>0x74f8</run_address>
         <size>0x22c</size>
         <input_file_ref idref="fl-2f"/>
      </object_component>
      <object_component id="oc-399">
         <name>.debug_info</name>
         <load_address>0x7724</load_address>
         <run_address>0x7724</run_address>
         <size>0x21b</size>
         <input_file_ref idref="fl-30"/>
      </object_component>
      <object_component id="oc-319">
         <name>.debug_info</name>
         <load_address>0x793f</load_address>
         <run_address>0x793f</run_address>
         <size>0x33a</size>
         <input_file_ref idref="fl-30"/>
      </object_component>
      <object_component id="oc-380">
         <name>.debug_info</name>
         <load_address>0x7c79</load_address>
         <run_address>0x7c79</run_address>
         <size>0x1ed</size>
         <input_file_ref idref="fl-31"/>
      </object_component>
      <object_component id="oc-312">
         <name>.debug_info</name>
         <load_address>0x7e66</load_address>
         <run_address>0x7e66</run_address>
         <size>0x621</size>
         <input_file_ref idref="fl-31"/>
      </object_component>
      <object_component id="oc-235">
         <name>.debug_info</name>
         <load_address>0x8487</load_address>
         <run_address>0x8487</run_address>
         <size>0x135</size>
         <input_file_ref idref="fl-32"/>
      </object_component>
      <object_component id="oc-333">
         <name>.debug_info</name>
         <load_address>0x85bc</load_address>
         <run_address>0x85bc</run_address>
         <size>0x135</size>
         <input_file_ref idref="fl-33"/>
      </object_component>
      <object_component id="oc-1ff">
         <name>.debug_info</name>
         <load_address>0x86f1</load_address>
         <run_address>0x86f1</run_address>
         <size>0x13e</size>
         <input_file_ref idref="fl-34"/>
      </object_component>
      <object_component id="oc-1de">
         <name>.debug_info</name>
         <load_address>0x882f</load_address>
         <run_address>0x882f</run_address>
         <size>0x140</size>
         <input_file_ref idref="fl-35"/>
      </object_component>
      <object_component id="oc-1e2">
         <name>.debug_info</name>
         <load_address>0x896f</load_address>
         <run_address>0x896f</run_address>
         <size>0x135</size>
         <input_file_ref idref="fl-36"/>
      </object_component>
      <object_component id="oc-260">
         <name>.debug_info</name>
         <load_address>0x8aa4</load_address>
         <run_address>0x8aa4</run_address>
         <size>0x135</size>
         <input_file_ref idref="fl-37"/>
      </object_component>
      <object_component id="oc-31f">
         <name>.debug_info</name>
         <load_address>0x8bd9</load_address>
         <run_address>0x8bd9</run_address>
         <size>0x149</size>
         <input_file_ref idref="fl-38"/>
      </object_component>
      <object_component id="oc-1e9">
         <name>.debug_info</name>
         <load_address>0x8d22</load_address>
         <run_address>0x8d22</run_address>
         <size>0x14b</size>
         <input_file_ref idref="fl-39"/>
      </object_component>
      <object_component id="oc-112">
         <name>.debug_info</name>
         <load_address>0x8e6d</load_address>
         <run_address>0x8e6d</run_address>
         <size>0x123</size>
         <input_file_ref idref="fl-45"/>
      </object_component>
      <object_component id="oc-2c7">
         <name>.debug_info</name>
         <load_address>0x8f90</load_address>
         <run_address>0x8f90</run_address>
         <size>0x134</size>
         <input_file_ref idref="fl-46"/>
      </object_component>
      <object_component id="oc-385">
         <name>.debug_info</name>
         <load_address>0x90c4</load_address>
         <run_address>0x90c4</run_address>
         <size>0x134</size>
         <input_file_ref idref="fl-47"/>
      </object_component>
      <object_component id="oc-2fb">
         <name>.debug_info</name>
         <load_address>0x91f8</load_address>
         <run_address>0x91f8</run_address>
         <size>0x13a</size>
         <input_file_ref idref="fl-47"/>
      </object_component>
      <object_component id="oc-301">
         <name>.debug_info</name>
         <load_address>0x9332</load_address>
         <run_address>0x9332</run_address>
         <size>0x134</size>
         <input_file_ref idref="fl-48"/>
      </object_component>
      <object_component id="oc-38a">
         <name>.debug_info</name>
         <load_address>0x9466</load_address>
         <run_address>0x9466</run_address>
         <size>0x134</size>
         <input_file_ref idref="fl-49"/>
      </object_component>
      <object_component id="oc-36b">
         <name>.debug_info</name>
         <load_address>0x959a</load_address>
         <run_address>0x959a</run_address>
         <size>0x13a</size>
         <input_file_ref idref="fl-49"/>
      </object_component>
      <object_component id="oc-163">
         <name>.debug_info</name>
         <load_address>0x96d4</load_address>
         <run_address>0x96d4</run_address>
         <size>0x189</size>
         <input_file_ref idref="fl-4b"/>
      </object_component>
      <object_component id="oc-f7">
         <name>.debug_info</name>
         <load_address>0x985d</load_address>
         <run_address>0x985d</run_address>
         <size>0x1ad</size>
         <input_file_ref idref="fl-4b"/>
      </object_component>
      <object_component id="oc-2f3">
         <name>.debug_info</name>
         <load_address>0x9a0a</load_address>
         <run_address>0x9a0a</run_address>
         <size>0x21d</size>
         <input_file_ref idref="fl-4d"/>
      </object_component>
      <object_component id="oc-220">
         <name>.debug_info</name>
         <load_address>0x9c27</load_address>
         <run_address>0x9c27</run_address>
         <size>0x2e7</size>
         <input_file_ref idref="fl-4d"/>
      </object_component>
      <object_component id="oc-284">
         <name>.debug_info</name>
         <load_address>0x9f0e</load_address>
         <run_address>0x9f0e</run_address>
         <size>0x135</size>
         <input_file_ref idref="fl-4e"/>
      </object_component>
      <object_component id="oc-371">
         <name>.debug_info</name>
         <load_address>0xa043</load_address>
         <run_address>0xa043</run_address>
         <size>0x135</size>
         <input_file_ref idref="fl-4f"/>
      </object_component>
      <object_component id="oc-12a">
         <name>.debug_info</name>
         <load_address>0xa178</load_address>
         <run_address>0xa178</run_address>
         <size>0x164</size>
         <input_file_ref idref="fl-50"/>
      </object_component>
      <object_component id="oc-3c2">
         <name>.debug_info</name>
         <load_address>0xa2dc</load_address>
         <run_address>0xa2dc</run_address>
         <size>0x1ed</size>
         <input_file_ref idref="fl-51"/>
      </object_component>
      <object_component id="oc-395">
         <name>.debug_info</name>
         <load_address>0xa4c9</load_address>
         <run_address>0xa4c9</run_address>
         <size>0x20a</size>
         <input_file_ref idref="fl-51"/>
      </object_component>
      <object_component id="oc-3c7">
         <name>.debug_info</name>
         <load_address>0xa6d3</load_address>
         <run_address>0xa6d3</run_address>
         <size>0x1e0</size>
         <input_file_ref idref="fl-52"/>
      </object_component>
      <object_component id="oc-39e">
         <name>.debug_info</name>
         <load_address>0xa8b3</load_address>
         <run_address>0xa8b3</run_address>
         <size>0x113</size>
         <input_file_ref idref="fl-52"/>
      </object_component>
      <object_component id="oc-3a1">
         <name>.debug_info</name>
         <load_address>0xa9c6</load_address>
         <run_address>0xa9c6</run_address>
         <size>0x113</size>
         <input_file_ref idref="fl-52"/>
      </object_component>
      <object_component id="oc-3a9">
         <name>.debug_info</name>
         <load_address>0xaad9</load_address>
         <run_address>0xaad9</run_address>
         <size>0x10b</size>
         <input_file_ref idref="fl-52"/>
      </object_component>
      <object_component id="oc-32d">
         <name>.debug_info</name>
         <load_address>0xabe4</load_address>
         <run_address>0xabe4</run_address>
         <size>0x41c</size>
         <input_file_ref idref="fl-52"/>
      </object_component>
      <object_component id="oc-192">
         <name>.debug_info</name>
         <load_address>0xb000</load_address>
         <run_address>0xb000</run_address>
         <size>0x3d2</size>
         <input_file_ref idref="fl-55"/>
      </object_component>
      <object_component id="oc-12e">
         <name>.debug_info</name>
         <load_address>0xb3d2</load_address>
         <run_address>0xb3d2</run_address>
         <size>0x1de</size>
         <input_file_ref idref="fl-55"/>
      </object_component>
      <object_component id="oc-28c">
         <name>.debug_info</name>
         <load_address>0xb5b0</load_address>
         <run_address>0xb5b0</run_address>
         <size>0x39</size>
         <input_file_ref idref="fl-55"/>
      </object_component>
      <object_component id="oc-291">
         <name>.debug_info</name>
         <load_address>0xb5e9</load_address>
         <run_address>0xb5e9</run_address>
         <size>0xcd</size>
         <input_file_ref idref="fl-55"/>
      </object_component>
      <object_component id="oc-288">
         <name>.debug_info</name>
         <load_address>0xb6b6</load_address>
         <run_address>0xb6b6</run_address>
         <size>0x26e</size>
         <input_file_ref idref="fl-56"/>
      </object_component>
      <object_component id="oc-186">
         <name>.debug_info</name>
         <load_address>0xb924</load_address>
         <run_address>0xb924</run_address>
         <size>0x1cc</size>
         <input_file_ref idref="fl-56"/>
      </object_component>
      <object_component id="oc-359">
         <name>.debug_info</name>
         <load_address>0xbaf0</load_address>
         <run_address>0xbaf0</run_address>
         <size>0x2c</size>
         <input_file_ref idref="fl-56"/>
      </object_component>
      <object_component id="oc-376">
         <name>.debug_info</name>
         <load_address>0xbb1c</load_address>
         <run_address>0xbb1c</run_address>
         <size>0x209</size>
         <input_file_ref idref="fl-57"/>
      </object_component>
      <object_component id="oc-2ef">
         <name>.debug_info</name>
         <load_address>0xbd25</load_address>
         <run_address>0xbd25</run_address>
         <size>0x3e8</size>
         <input_file_ref idref="fl-57"/>
      </object_component>
      <object_component id="oc-3a6">
         <name>.debug_info</name>
         <load_address>0xc10d</load_address>
         <run_address>0xc10d</run_address>
         <size>0x141</size>
         <input_file_ref idref="fl-58"/>
      </object_component>
      <object_component id="oc-18e">
         <name>.debug_info</name>
         <load_address>0xc24e</load_address>
         <run_address>0xc24e</run_address>
         <size>0x161</size>
         <input_file_ref idref="fl-59"/>
      </object_component>
      <object_component id="oc-40d">
         <name>.debug_info</name>
         <load_address>0xc3af</load_address>
         <run_address>0xc3af</run_address>
         <size>0xa4</size>
      </object_component>
      <object_component id="oc-27f">
         <name>.debug_line</name>
         <load_address>0x0</load_address>
         <run_address>0x0</run_address>
         <size>0x12f</size>
         <input_file_ref idref="fl-2"/>
      </object_component>
      <object_component id="oc-281">
         <name>.debug_line</name>
         <load_address>0x12f</load_address>
         <run_address>0x12f</run_address>
         <size>0x59</size>
         <input_file_ref idref="fl-2"/>
      </object_component>
      <object_component id="oc-14b">
         <name>.debug_line</name>
         <load_address>0x188</load_address>
         <run_address>0x188</run_address>
         <size>0x17c</size>
         <input_file_ref idref="fl-2"/>
      </object_component>
      <object_component id="oc-253">
         <name>.debug_line</name>
         <load_address>0x304</load_address>
         <run_address>0x304</run_address>
         <size>0x65</size>
         <input_file_ref idref="fl-2"/>
      </object_component>
      <object_component id="oc-1ad">
         <name>.debug_line</name>
         <load_address>0x369</load_address>
         <run_address>0x369</run_address>
         <size>0x5a</size>
         <input_file_ref idref="fl-2"/>
      </object_component>
      <object_component id="oc-1c5">
         <name>.debug_line</name>
         <load_address>0x3c3</load_address>
         <run_address>0x3c3</run_address>
         <size>0x56</size>
         <input_file_ref idref="fl-2"/>
      </object_component>
      <object_component id="oc-1bf">
         <name>.debug_line</name>
         <load_address>0x419</load_address>
         <run_address>0x419</run_address>
         <size>0x49</size>
         <input_file_ref idref="fl-2"/>
[...]
         <value>0xf94c</value>
         <object_component_ref idref="oc-3a"/>
      </symbol>
      <symbol id="sm-2b9">
         <name>__mspabi_cvtdf</name>
         <value>0xee6c</value>
         <object_component_ref idref="oc-225"/>
      </symbol>
      <symbol id="sm-2ca">
         <name>__mspabi_cvtfd</name>
         <value>0xf1f4</value>
         <object_component_ref idref="oc-23a"/>
      </symbol>
      <symbol id="sm-2eb">
         <name>__mspabi_divd</name>
         <value>0xdeb0</value>
         <object_component_ref idref="oc-240"/>
      </symbol>
      <symbol id="sm-329">
         <name>atan2f</name>
         <value>0xdc70</value>
         <object_component_ref idref="oc-263"/>
      </symbol>
      <symbol id="sm-34a">
         <name>sqrtf</name>
         <value>0xe676</value>
         <object_component_ref idref="oc-26a"/>
      </symbol>
      <symbol id="sm-353">
         <name>__mspabi_func_epilog_2</name>
         <value>0xf912</value>
         <object_component_ref idref="oc-170"/>
      </symbol>
      <symbol id="sm-354">
         <name>__mspabi_func_epilog_3</name>
         <value>0xf910</value>
         <object_component_ref idref="oc-170"/>
      </symbol>
      <symbol id="sm-355">
         <name>__mspabi_func_epilog_1</name>
         <value>0xf914</value>
         <object_component_ref idref="oc-170"/>
      </symbol>
      <symbol id="sm-356">
         <name>__mspabi_func_epilog_6</name>
         <value>0xf90a</value>
         <object_component_ref idref="oc-170"/>
      </symbol>
      <symbol id="sm-357">
         <name>__mspabi_func_epilog_7</name>
         <value>0xf908</value>
         <object_component_ref idref="oc-170"/>
      </symbol>
      <symbol id="sm-358">
         <name>__mspabi_func_epilog_4</name>
         <value>0xf90e</value>
         <object_component_ref idref="oc-170"/>
      </symbol>
      <symbol id="sm-359">
         <name>__mspabi_func_epilog_5</name>
         <value>0xf90c</value>
         <object_component_ref idref="oc-170"/>
      </symbol>
      <symbol id="sm-360">
         <name>errno</name>
         <value>0x3a6</value>
         <object_component_ref idref="oc-33e"/>
      </symbol>
      <symbol id="sm-36a">
         <name>C$$EXIT</name>
         <value>0xf946</value>
         <object_component_ref idref="oc-14f"/>
      </symbol>
      <symbol id="sm-36b">
         <name>abort</name>
         <value>0xf946</value>
         <object_component_ref idref="oc-14f"/>
      </symbol>
      <symbol id="sm-375">
         <name>__mspabi_fltid</name>
         <value>0xf918</value>
         <object_component_ref idref="oc-219"/>
      </symbol>
      <symbol id="sm-38c">
         <name>__mspabi_fltlid</name>
         <value>0xec98</value>
         <object_component_ref idref="oc-2e5"/>
      </symbol>
      <symbol id="sm-3ad">
         <name>__TI_frcaddd</name>
         <value>0xda10</value>
         <object_component_ref idref="oc-316"/>
      </symbol>
      <symbol id="sm-3c8">
         <name>__TI_frcdivd</name>
         <value>0xc824</value>
         <object_component_ref idref="oc-30e"/>
      </symbol>
      <symbol id="sm-3e3">
         <name>__mspabi_subf</name>
         <value>0xe7b2</value>
         <object_component_ref idref="oc-234"/>
      </symbol>
      <symbol id="sm-3e4">
         <name>__mspabi_addf</name>
         <value>0xe7b8</value>
         <object_component_ref idref="oc-234"/>
      </symbol>
      <symbol id="sm-3f6">
         <name>__mspabi_divf</name>
         <value>0xed44</value>
         <object_component_ref idref="oc-332"/>
      </symbol>
      <symbol id="sm-403">
         <name>__mspabi_fltif</name>
         <value>0xf768</value>
         <object_component_ref idref="oc-1fe"/>
      </symbol>
      <symbol id="sm-412">
         <name>__mspabi_fltlif</name>
         <value>0xf65a</value>
         <object_component_ref idref="oc-1dc"/>
      </symbol>
      <symbol id="sm-429">
         <name>__mspabi_mpyf</name>
         <value>0xeb16</value>
         <object_component_ref idref="oc-1e1"/>
      </symbol>
      <symbol id="sm-432">
         <name>__mspabi_negf</name>
         <value>0xf92e</value>
         <object_component_ref idref="oc-25e"/>
      </symbol>
      <symbol id="sm-444">
         <name>__mspabi_fixfi</name>
         <value>0xf342</value>
         <object_component_ref idref="oc-31e"/>
      </symbol>
      <symbol id="sm-457">
         <name>__mspabi_fixfli</name>
         <value>0xf08a</value>
         <object_component_ref idref="oc-1e6"/>
      </symbol>
      <symbol id="sm-45a">
         <name>__TI_int00</name>
         <value>0xffe0</value>
         <object_component_ref idref="oc-40"/>
      </symbol>
      <symbol id="sm-45d">
         <name>__TI_int03</name>
         <value>0xffe6</value>
         <object_component_ref idref="oc-42"/>
      </symbol>
      <symbol id="sm-460">
         <name>__TI_int05</name>
         <value>0xffea</value>
         <object_component_ref idref="oc-43"/>
      </symbol>
      <symbol id="sm-463">
         <name>__TI_int06</name>
         <value>0xffec</value>
         <object_component_ref idref="oc-44"/>
      </symbol>
      <symbol id="sm-466">
         <name>__TI_int08</name>
         <value>0xfff0</value>
         <object_component_ref idref="oc-46"/>
      </symbol>
      <symbol id="sm-469">
         <name>__TI_int09</name>
         <value>0xfff2</value>
         <object_component_ref idref="oc-47"/>
      </symbol>
      <symbol id="sm-46c">
         <name>__TI_int10</name>
         <value>0xfff4</value>
         <object_component_ref idref="oc-48"/>
      </symbol>
      <symbol id="sm-46f">
         <name>__TI_int11</name>
         <value>0xfff6</value>
         <object_component_ref idref="oc-49"/>
      </symbol>
      <symbol id="sm-472">
         <name>__TI_int12</name>
         <value>0xfff8</value>
         <object_component_ref idref="oc-4a"/>
      </symbol>
      <symbol id="sm-475">
         <name>__TI_int13</name>
         <value>0xfffa</value>
         <object_component_ref idref="oc-4b"/>
      </symbol>
      <symbol id="sm-478">
         <name>__TI_int14</name>
         <value>0xfffc</value>
         <object_component_ref idref="oc-4c"/>
      </symbol>
      <symbol id="sm-480">
         <name>__TI_ISR_TRAP</name>
         <value>0xf938</value>
         <object_component_ref idref="oc-10f"/>
      </symbol>
      <symbol id="sm-488">
         <name>__mspabi_slli</name>
         <value>0xf7ca</value>
         <object_component_ref idref="oc-2c4"/>
      </symbol>
      <symbol id="sm-489">
         <name>__mspabi_slli_9</name>
         <value>0xf7e2</value>
         <object_component_ref idref="oc-2c4"/>
      </symbol>
      <symbol id="sm-48a">
         <name>__mspabi_slli_8</name>
         <value>0xf7e4</value>
         <object_component_ref idref="oc-2c4"/>
      </symbol>
      <symbol id="sm-48b">
         <name>__mspabi_slli_7</name>
         <value>0xf7e6</value>
         <object_component_ref idref="oc-2c4"/>
      </symbol>
      <symbol id="sm-48c">
         <name>__mspabi_slli_6</name>
         <value>0xf7e8</value>
         <object_component_ref idref="oc-2c4"/>
      </symbol>
      <symbol id="sm-48d">
         <name>__mspabi_slli_5</name>
         <value>0xf7ea</value>
         <object_component_ref idref="oc-2c4"/>
      </symbol>
      <symbol id="sm-48e">
         <name>__mspabi_slli_4</name>
         <value>0xf7ec</value>
         <object_component_ref idref="oc-2c4"/>
      </symbol>
      <symbol id="sm-48f">
         <name>__mspabi_slli_3</name>
         <value>0xf7ee</value>
         <object_component_ref idref="oc-2c4"/>
      </symbol>
      <symbol id="sm-490">
         <name>__mspabi_slli_2</name>
         <value>0xf7f0</value>
         <object_component_ref idref="oc-2c4"/>
      </symbol>
      <symbol id="sm-491">
         <name>__mspabi_slli_1</name>
         <value>0xf7f2</value>
         <object_component_ref idref="oc-2c4"/>
      </symbol>
      <symbol id="sm-492">
         <name>__mspabi_slli_15</name>
         <value>0xf7d6</value>
         <object_component_ref idref="oc-2c4"/>
      </symbol>
      <symbol id="sm-493">
         <name>__mspabi_slli_14</name>
         <value>0xf7d8</value>
         <object_component_ref idref="oc-2c4"/>
      </symbol>
      <symbol id="sm-494">
         <name>__mspabi_slli_13</name>
         <value>0xf7da</value>
         <object_component_ref idref="oc-2c4"/>
      </symbol>
      <symbol id="sm-495">
         <name>__mspabi_slli_12</name>
         <value>0xf7dc</value>
         <object_component_ref idref="oc-2c4"/>
      </symbol>
      <symbol id="sm-496">
         <name>__mspabi_slli_11</name>
         <value>0xf7de</value>
         <object_component_ref idref="oc-2c4"/>
      </symbol>
      <symbol id="sm-497">
         <name>__mspabi_slli_10</name>
         <value>0xf7e0</value>
         <object_component_ref idref="oc-2c4"/>
      </symbol>
      <symbol id="sm-4a7">
         <name>__mspabi_slll_9</name>
         <value>0xf742</value>
         <object_component_ref idref="oc-2f9"/>
      </symbol>
      <symbol id="sm-4a8">
         <name>__mspabi_slll_8</name>
         <value>0xf746</value>
         <object_component_ref idref="oc-2f9"/>
      </symbol>
      <symbol id="sm-4a9">
         <name>__mspabi_slll_7</name>
         <value>0xf74a</value>
         <object_component_ref idref="oc-2f9"/>
      </symbol>
      <symbol id="sm-4aa">
         <name>__mspabi_slll_6</name>
         <value>0xf74e</value>
         <object_component_ref idref="oc-2f9"/>
      </symbol>
      <symbol id="sm-4ab">
         <name>__mspabi_slll_5</name>
         <value>0xf752</value>
         <object_component_ref idref="oc-2f9"/>
      </symbol>
      <symbol id="sm-4ac">
         <name>__mspabi_slll_4</name>
         <value>0xf756</value>
         <object_component_ref idref="oc-2f9"/>
      </symbol>
      <symbol id="sm-4ad">
         <name>__mspabi_slll_3</name>
         <value>0xf75a</value>
         <object_component_ref idref="oc-2f9"/>
      </symbol>
      <symbol id="sm-4ae">
         <name>__mspabi_slll_2</name>
         <value>0xf75e</value>
         <object_component_ref idref="oc-2f9"/>
      </symbol>
      <symbol id="sm-4af">
         <name>__mspabi_slll_1</name>
         <value>0xf762</value>
         <object_component_ref idref="oc-2f9"/>
      </symbol>
      <symbol id="sm-4b0">
         <name>__mspabi_slll</name>
         <value>0xf8f8</value>
         <object_component_ref idref="oc-383"/>
      </symbol>
      <symbol id="sm-4b1">
         <name>__mspabi_slll_15</name>
         <value>0xf72a</value>
         <object_component_ref idref="oc-2f9"/>
      </symbol>
      <symbol id="sm-4b2">
         <name>__mspabi_slll_14</name>
         <value>0xf72e</value>
         <object_component_ref idref="oc-2f9"/>
      </symbol>
      <symbol id="sm-4b3">
         <name>__mspabi_slll_13</name>
         <value>0xf732</value>
         <object_component_ref idref="oc-2f9"/>
      </symbol>
      <symbol id="sm-4b4">
         <name>__mspabi_slll_12</name>
         <value>0xf736</value>
         <object_component_ref idref="oc-2f9"/>
      </symbol>
      <symbol id="sm-4b5">
         <name>__mspabi_slll_11</name>
         <value>0xf73a</value>
         <object_component_ref idref="oc-2f9"/>
      </symbol>
      <symbol id="sm-4b6">
         <name>__mspabi_slll_10</name>
         <value>0xf73e</value>
         <object_component_ref idref="oc-2f9"/>
      </symbol>
      <symbol id="sm-4be">
         <name>__mspabi_srli_8</name>
         <value>0xf5ee</value>
         <object_component_ref idref="oc-2fe"/>
      </symbol>
      <symbol id="sm-4bf">
         <name>__mspabi_srli_9</name>
         <value>0xf5ea</value>
         <object_component_ref idref="oc-2fe"/>
      </symbol>
      <symbol id="sm-4c0">
         <name>__mspabi_srli_6</name>
         <value>0xf5f6</value>
         <object_component_ref idref="oc-2fe"/>
      </symbol>
      <symbol id="sm-4c1">
         <name>__mspabi_srli_7</name>
         <value>0xf5f2</value>
         <object_component_ref idref="oc-2fe"/>
      </symbol>
      <symbol id="sm-4c2">
         <name>__mspabi_srli_4</name>
         <value>0xf5fe</value>
         <object_component_ref idref="oc-2fe"/>
      </symbol>
      <symbol id="sm-4c3">
         <name>__mspabi_srli_5</name>
         <value>0xf5fa</value>
         <object_component_ref idref="oc-2fe"/>
      </symbol>
      <symbol id="sm-4c4">
         <name>__mspabi_srli_2</name>
         <value>0xf606</value>
         <object_component_ref idref="oc-2fe"/>
      </symbol>
      <symbol id="sm-4c5">
         <name>__mspabi_srli_3</name>
         <value>0xf602</value>
         <object_component_ref idref="oc-2fe"/>
      </symbol>
      <symbol id="sm-4c6">
         <name>__mspabi_srli_1</name>
         <value>0xf60a</value>
         <object_component_ref idref="oc-2fe"/>
      </symbol>
      <symbol id="sm-4c7">
         <name>__mspabi_srli</name>
         <value>0xf5c4</value>
         <object_component_ref idref="oc-2fe"/>
      </symbol>
      <symbol id="sm-4c8">
         <name>__mspabi_srli_15</name>
         <value>0xf5d2</value>
         <object_component_ref idref="oc-2fe"/>
      </symbol>
      <symbol id="sm-4c9">
         <name>__mspabi_srli_14</name>
         <value>0xf5d6</value>
         <object_component_ref idref="oc-2fe"/>
      </symbol>
      <symbol id="sm-4ca">
         <name>__mspabi_srli_13</name>
         <value>0xf5da</value>
         <object_component_ref idref="oc-2fe"/>
      </symbol>
      <symbol id="sm-4cb">
         <name>__mspabi_srli_12</name>
         <value>0xf5de</value>
         <object_component_ref idref="oc-2fe"/>
      </symbol>
      <symbol id="sm-4cc">
         <name>__mspabi_srli_11</name>
         <value>0xf5e2</value>
         <object_component_ref idref="oc-2fe"/>
      </symbol>
      <symbol id="sm-4cd">
         <name>__mspabi_srli_10</name>
         <value>0xf5e6</value>
         <object_component_ref idref="oc-2fe"/>
      </symbol>
      <symbol id="sm-4dd">
         <name>__mspabi_srll_8</name>
         <value>0xf498</value>
         <object_component_ref idref="oc-369"/>
      </symbol>
      <symbol id="sm-4de">
         <name>__mspabi_srll_9</name>
         <value>0xf492</value>
         <object_component_ref idref="oc-369"/>
      </symbol>
      <symbol id="sm-4df">
         <name>__mspabi_srll_6</name>
         <value>0xf4a4</value>
         <object_component_ref idref="oc-369"/>
      </symbol>
      <symbol id="sm-4e0">
         <name>__mspabi_srll_7</name>
         <value>0xf49e</value>
         <object_component_ref idref="oc-369"/>
      </symbol>
      <symbol id="sm-4e1">
         <name>__mspabi_srll_4</name>
         <value>0xf4b0</value>
         <object_component_ref idref="oc-369"/>
      </symbol>
      <symbol id="sm-4e2">
         <name>__mspabi_srll_5</name>
         <value>0xf4aa</value>
         <object_component_ref idref="oc-369"/>
      </symbol>
      <symbol id="sm-4e3">
         <name>__mspabi_srll_2</name>
         <value>0xf4bc</value>
         <object_component_ref idref="oc-369"/>
      </symbol>
      <symbol id="sm-4e4">
         <name>__mspabi_srll_3</name>
         <value>0xf4b6</value>
         <object_component_ref idref="oc-369"/>
      </symbol>
      <symbol id="sm-4e5">
         <name>__mspabi_srll_1</name>
         <value>0xf4c2</value>
         <object_component_ref idref="oc-369"/>
      </symbol>
      <symbol id="sm-4e6">
         <name>__mspabi_srll_15</name>
         <value>0xf46e</value>
         <object_component_ref idref="oc-369"/>
      </symbol>
      <symbol id="sm-4e7">
         <name>__mspabi_srll_14</name>
         <value>0xf474</value>
         <object_component_ref idref="oc-369"/>
      </symbol>
      <symbol id="sm-4e8">
         <name>__mspabi_srll_13</name>
         <value>0xf47a</value>
         <object_component_ref idref="oc-369"/>
      </symbol>
      <symbol id="sm-4e9">
         <name>__mspabi_srll_12</name>
         <value>0xf480</value>
         <object_component_ref idref="oc-369"/>
      </symbol>
      <symbol id="sm-4ea">
         <name>__mspabi_srll_11</name>
         <value>0xf486</value>
         <object_component_ref idref="oc-369"/>
      </symbol>
      <symbol id="sm-4eb">
         <name>__mspabi_srll_10</name>
         <value>0xf48c</value>
         <object_component_ref idref="oc-369"/>
      </symbol>
      <symbol id="sm-4ec">
         <name>__mspabi_srll</name>
         <value>0xf8c4</value>
         <object_component_ref idref="oc-388"/>
      </symbol>
      <symbol id="sm-4fb">
         <name>memcpy</name>
         <value>0xf8d6</value>
         <object_component_ref idref="oc-f5"/>
      </symbol>
      <symbol id="sm-51e">
         <name>__mspabi_mpyd</name>
         <value>0xd7a2</value>
         <object_component_ref idref="oc-21f"/>
      </symbol>
      <symbol id="sm-528">
         <name>__mspabi_mpyi_sw</name>
         <value>0xf88c</value>
         <object_component_ref idref="oc-282"/>
      </symbol>
      <symbol id="sm-529">
         <name>__mspabi_mpyi</name>
         <value>0xf88c</value>
         <object_component_ref idref="oc-282"/>
      </symbol>
      <symbol id="sm-533">
         <name>__mspabi_mpyl_sw</name>
         <value>0xf81e</value>
         <object_component_ref idref="oc-370"/>
      </symbol>
      <symbol id="sm-534">
         <name>__mspabi_mpyl</name>
         <value>0xf81e</value>
         <object_component_ref idref="oc-370"/>
      </symbol>
      <symbol id="sm-53d">
         <name>_system_pre_init</name>
         <value>0xf952</value>
         <object_component_ref idref="oc-127"/>
      </symbol>
      <symbol id="sm-550">
         <name>__TI_renormd</name>
         <value>0xebda</value>
         <object_component_ref idref="oc-392"/>
      </symbol>
      <symbol id="sm-587">
         <name>atanf</name>
         <value>0xd52c</value>
         <object_component_ref idref="oc-32c"/>
      </symbol>
      <symbol id="sm-5a5">
         <name>_auto_init</name>
         <value>0xf2d4</value>
         <object_component_ref idref="oc-12d"/>
      </symbol>
      <symbol id="sm-5bb">
         <name>copy_in</name>
         <value>0xf4ca</value>
         <object_component_ref idref="oc-185"/>
      </symbol>
      <symbol id="sm-5cc">
         <name>__TI_frcmpyd</name>
         <value>0xccb2</value>
         <object_component_ref idref="oc-2ec"/>
      </symbol>
      <symbol id="sm-5dc">
         <name>__mspabi_cmpf</name>
         <value>0xf610</value>
         <object_component_ref idref="oc-3a3"/>
      </symbol>
      <symbol id="sm-5e5">
         <name>_system_post_cinit</name>
         <value>0xf956</value>
         <object_component_ref idref="oc-18b"/>
      </symbol>
      <symbol id="sm-5e8">
         <name>__TI_BINIT_Base</name>
         <value>0x0</value>
      </symbol>
      <symbol id="sm-5e9">
         <name>__TI_BINIT_Limit</name>
         <value>0x0</value>
      </symbol>
      <symbol id="sm-5ea">
         <name>__TI_INITARRAY_Base</name>
         <value>0x0</value>
      </symbol>
      <symbol id="sm-5eb">
         <name>__TI_INITARRAY_Limit</name>
         <value>0x0</value>
      </symbol>
   </symbol_table>
   <title>Link successful</title>
</link_info>
